******************************************************************************
                  TI ARM Linker Unix v20.2.5                   
******************************************************************************
>> Linked Thu Dec  9 20:16:38 2021

OUTPUT FILE NAME:   <empty_CC1352R1_LAUNCHXL_tirtos_ccs.out>
ENTRY POINT SYMBOL: "ResetISR"  address: 00003cd5


MEMORY CONFIGURATION

         name            origin    length      used     unused   attr    fill
----------------------  --------  ---------  --------  --------  ----  --------
  FLASH                 00000000   00058000  00005f5c  000520a4  R  X
  GPRAM                 11000000   00002000  00000000  00002000  RW X
  SRAM                  20000000   00014000  00005300  0000ed00  RW X
  LOG_DATA              90000000   00040000  00000000  00040000  R   


SEGMENT ALLOCATION MAP

run origin  load origin   length   init length attrs members
----------  ----------- ---------- ----------- ----- -------
00000000    00000000    00005f08   00005f08    r-x
  00000000    00000000    0000003c   0000003c    r-- .resetVecs
  0000003c    0000003c    000055e0   000055e0    r-x .text
  0000561c    0000561c    000006c0   000006c0    r-- .const
  00005ce0    00005ce0    00000228   00000228    r-- .cinit
00057fa8    00057fa8    00000058   00000058    r--
  00057fa8    00057fa8    00000058   00000058    r-- .ccfg
20000100    20000100    0000000c   00000000    rw-
  20000100    20000100    00000004   00000000    rw- .data:xdcRomConstPtr
  20000104    20000104    00000004   00000000    rw- .data:xdcRomExternFuncPtr
  20000108    20000108    00000004   00000000    rw- .data:xdcRomStatePtr
20000110    20000110    00004000   00000000    r--
  20000110    20000110    00004000   00000000    r-- .priheap
20004110    20004110    00000e20   00000000    rw-
  20004110    20004110    000007f4   00000000    rw- .data
  20004908    20004908    00000628   00000000    rw- .bss
20013c00    20013c00    00000400   00000000    rw-
  20013c00    20013c00    00000400   00000000    rw- .stack


SECTION ALLOCATION MAP

 output                                  attributes/
section   page    origin      length       input sections
--------  ----  ----------  ----------   ----------------
.binit     0    00000000    00000000     

.cinit     0    00005ce0    00000228     
                  00005ce0    000001d4     (.cinit..data.load) [load image, compression = lzss]
                  00005eb4    0000000c     (__TI_handler_table)
                  00005ec0    00000008     (.cinit..bss.load) [load image, compression = zero_init]
                  00005ec8    00000008     (.cinit..data:xdcRomConstPtr.load) [load image, compression = lzss]
                  00005ed0    00000008     (.cinit..data:xdcRomExternFuncPtr.load) [load image, compression = lzss]
                  00005ed8    00000008     (.cinit..data:xdcRomStatePtr.load) [load image, compression = lzss]
                  00005ee0    00000028     (__TI_cinit_table)

.init_array 
*          0    00000000    00000000     UNINITIALIZED

.ccfg      0    00057fa8    00000058     
                  00057fa8    00000058     ti_devices_config.obj (.ccfg:retain)

.data      0    20004110    000007f4     UNINITIALIZED
                  20004110    00000170     drivers_cc13x2.a : PowerCC26X2.oem4f (.data:PowerCC26X2_module)
                  20004280    0000010c     release_pem4f.oem4f (.data:ROM_stateStruct)
                  2000438c    000000f0     rtsv7M4_T_le_v4SPD16_eabi.lib : defs.c.obj (.data:_ftable)
                  2000447c    000000b4     rom_sysbios.aem4f : rom_sysbios.obj (.data:$O1$$)
                  20004530    0000007c     ti_drivers_config.obj (.data:gpioPinConfigs)
                  200045ac    00000078     rtsv7M4_T_le_v4SPD16_eabi.lib : host_device.c.obj (.data:_device)
                  20004624    00000050                                   : host_device.c.obj (.data:_stream)
                  20004674    0000004c     release_pem4f.oem4f (.data:ti_sysbios_knl_Task_Object__table__V)
                  200046c0    00000048     release_pem4f.oem4f (.data:ti_sysbios_family_arm_cc26xx_Timer_Object__table__V)
                  20004708    00000038     release_pem4f.oem4f (.data:ti_sysbios_gates_GateMutex_Object__table__V)
                  20004740    00000030     release_pem4f.oem4f (.data:ti_sysbios_knl_Swi_Module_State_0_readyQ__A)
                  20004770    00000030     release_pem4f.oem4f (.data:ti_sysbios_knl_Swi_Object__table__V)
                  200047a0    00000030     release_pem4f.oem4f (.data:ti_sysbios_knl_Task_Module_State_0_readyQ__A)
                  200047d0    00000024     driverlib.lib : osc.obj (.data:$O1$$)
                  200047f4    00000020     release_pem4f.oem4f (.data:ti_sysbios_knl_Clock_Object__table__V)
                  20004814    00000020     release_pem4f.oem4f (.data:xdc_runtime_Error_IgnoreBlock)
                  20004834    00000018     release_pem4f.oem4f (.data:ti_sysbios_family_arm_m3_Hwi_Object__table__V)
                  2000484c    00000018     release_pem4f.oem4f (.data:ti_sysbios_heaps_HeapMem_Object__table__V)
                  20004864    00000010     rtsv7M4_T_le_v4SPD16_eabi.lib : defs.c.obj (.data)
                  20004874    0000000c                                   : exit.c.obj (.data:$O1$$)
                  20004880    00000008                                   : _lock.c.obj (.data:$O1$$)
                  20004888    00000008     release_pem4f.oem4f (.data:ti_sysbios_family_arm_m3_Hwi_Module__root__V)
                  20004890    00000008     release_pem4f.oem4f (.data:ti_sysbios_gates_GateHwi_Module__root__V)
                  20004898    00000008     release_pem4f.oem4f (.data:ti_sysbios_gates_GateMutex_Module__root__V)
                  200048a0    00000008     release_pem4f.oem4f (.data:ti_sysbios_hal_Hwi_Module__root__V)
                  200048a8    00000008     release_pem4f.oem4f (.data:ti_sysbios_heaps_HeapMem_Module__root__V)
                  200048b0    00000008     release_pem4f.oem4f (.data:ti_sysbios_knl_Clock_Module__root__V)
                  200048b8    00000008     release_pem4f.oem4f (.data:ti_sysbios_knl_Event_Module__root__V)
                  200048c0    00000008     release_pem4f.oem4f (.data:ti_sysbios_knl_Mailbox_Module__root__V)
                  200048c8    00000008     release_pem4f.oem4f (.data:ti_sysbios_knl_Queue_Module__root__V)
                  200048d0    00000008     release_pem4f.oem4f (.data:ti_sysbios_knl_Semaphore_Module__root__V)
                  200048d8    00000008     release_pem4f.oem4f (.data:ti_sysbios_knl_Swi_Module__root__V)
                  200048e0    00000008     release_pem4f.oem4f (.data:ti_sysbios_knl_Task_Module__root__V)
                  200048e8    00000008     release_pem4f.oem4f (.data:xdc_runtime_System_Module_State_0_atexitHandlers__A)
                  200048f0    00000004     rtsv7M4_T_le_v4SPD16_eabi.lib : stkdepth_vars.c.obj (.data)
                  200048f4    00000004     release_pem4f.oem4f (.data:ti_sysbios_family_arm_m3_Hwi_Module_State_0_excContext__A)
                  200048f8    00000004     release_pem4f.oem4f (.data:ti_sysbios_family_arm_m3_Hwi_Module_State_0_excStack__A)
                  200048fc    00000004     release_pem4f.oem4f (.data:ti_sysbios_knl_Task_Module_State_0_idleTask__A)
                  20004900    00000002     release_pem4f.oem4f (.data:ti_sysbios_family_arm_m3_Hwi_Module_State_0_excActive__A)
                  20004902    00000001     drivers_cc13x2.a : GPIOCC26XX.oem4f (.data)
                  20004903    00000001                      : PWM.oem4f (.data)

.bss       0    20004908    00000628     UNINITIALIZED
                  20004908    00000200     release_pem4f.oem4f (.bss:taskStackSection)
                  20004b08    00000120     rtsv7M4_T_le_v4SPD16_eabi.lib : trgmsg.c.obj (.bss:_CIOBUF_)
                  20004c28    000000d8     (.common:ti_sysbios_family_arm_m3_Hwi_dispatchTable)
                  20004d00    000000a0     (.common:__TI_tmpnams)
                  20004da0    0000007c     (.common:gpioCallbackFunctions)
                  20004e1c    0000007c     (.common:gpioUserArgs)
                  20004e98    0000004c     (.common:gptimerCC26XXObjects)
                  20004ee4    00000020     (.common:pwmTimerCC26XXObjects)
                  20004f04    0000001c     drivers_cc13x2.a : GPIOCC26XX.oem4f (.bss:gpioHwi)
                  20004f20    00000008     (.common:parmbuf)
                  20004f28    00000004     (.common:PowerCC26XX_swiKey)
                  20004f2c    00000004     (.common:PowerCC26XX_taskKey)

.stack     0    20013c00    00000400     UNINITIALIZED
                  20013c00    00000400     --HOLE--

.priheap   0    20000110    00004000     UNINITIALIZED
                  20000110    00004000     --HOLE--

.log_data 
*          0    90000000    00000000     COPY SECTION

.data:xdcRomConstPtr 
*          0    20000100    00000004     UNINITIALIZED
                  20000100    00000004     release_pem4f.oem4f (.data:xdcRomConstPtr)

.data:xdcRomExternFuncPtr 
*          0    20000104    00000004     UNINITIALIZED
                  20000104    00000004     release_pem4f.oem4f (.data:xdcRomExternFuncPtr)

.data:xdcRomStatePtr 
*          0    20000108    00000004     UNINITIALIZED
                  20000108    00000004     release_pem4f.oem4f (.data:xdcRomStatePtr)

.bootVecs 
*          0    00000000    00000008     DSECT
                  00000000    00000008     boot.aem4f : boot.oem4f (.bootVecs)

.resetVecs 
*          0    00000000    0000003c     
                  00000000    0000003c     release_pem4f.oem4f (.resetVecs)

.vecs      0    20000000    000000d8     NOLOAD SECTION
                  20000000    000000d8     release_pem4f.oem4f (.vecs)

xdc.meta   0    00000000    000000ff     COPY SECTION
                  00000000    000000ff     release_pem4f.oem4f (xdc.meta)

xdc.noload 
*          0    00000000    00000000     COPY SECTION

__llvm_prf_cnts 
*          0    20000000    00000000     UNINITIALIZED

.text      0    0000003c    000055e0     
                  0000003c    00000a4e     rtsv7M4_T_le_v4SPD16_eabi.lib : _printfi.c.obj (.text:__TI_printfi)
                  00000a8a    00000002     ti_drivers_config.obj (.text:Board_initHook)
                  00000a8c    00000270     rtsv7M4_T_le_v4SPD16_eabi.lib : _printfi.c.obj (.text:_pconv_a)
                  00000cfc    000001d0                                   : _printfi.c.obj (.text:_pconv_g)
                  00000ecc    000001b6                                   : fd_add_t2.asm.obj (.text)
                  00001082    00000002     drivers_cc13x2.a : PWMTimerCC26XX.oem4f (.text:PWMTimerCC26XX_init)
                  00001084    00000198                      : PowerCC26X2.oem4f (.text:Power_sleep)
                  0000121c    00000190                      : PowerCC26X2_calibrateRCOSC.oem4f (.text:calibrateRcoscHf1)
                  000013ac    0000018c                      : PowerCC26X2_calibrateRCOSC.oem4f (.text:runCalibrateFsm)
                  00001538    00000188     release_pem4f.oem4f (.text:xdc_runtime_System_printfExtend__I)
                  000016c0    0000016c     drivers_cc13x2.a : PowerCC26X2.oem4f (.text:Power_init)
                  0000182c    0000013c     rtsv7M4_T_le_v4SPD16_eabi.lib : _printfi.c.obj (.text:_pconv_e)
                  00001968    00000136                                   : fd_div_t2.asm.obj (.text)
                  00001a9e    00000002                                   : _lock.c.obj (.text:_nop)
                  00001aa0    00000124                                   : _printfi.c.obj (.text:fcvt)
                  00001bc4    00000120     drivers_cc13x2.a : PowerCC26X2.oem4f (.text:configureXOSCHF)
                  00001ce4    00000114     rtsv7M4_T_le_v4SPD16_eabi.lib : fputs.c.obj (.text:fputs)
                  00001df8    00000110                                   : s_scalbn.c.obj (.text:scalbn)
                  00001f08    000000fc                                   : fd_mul_t2.asm.obj (.text)
                  00002004    000000f0     driverlib.lib : sys_ctrl.obj (.text:NOROM_SysCtrlStandby)
                  000020f4    000000ec     rom_sysbios.aem4f : rom_sysbios.obj (.text:pthread_create)
                  000021e0    000000e8     drivers_cc13x2.a : GPIOCC26XX.oem4f (.text:GPIO_init)
                  000022c8    000000dc     rtsv7M4_T_le_v4SPD16_eabi.lib : setvbuf.c.obj (.text:setvbuf)
                  000023a4    000000c8     dpl_cc13x2.a : PowerCC26X2_tirtos.oem4f (.text:PowerCC26XX_standbyPolicy)
                  0000246c    000000c0     drivers_cc13x2.a : PowerCC26X2.oem4f (.text:Power_releaseDependency)
                  0000252c    000000bc     driverlib.lib : setup.obj (.text:NOROM_SetupTrimDevice)
                  000025e8    000000b8     drivers_cc13x2.a : PowerCC26X2.oem4f (.text:Power_setDependency)
                  000026a0    000000b1     rtsv7M4_T_le_v4SPD16_eabi.lib : _printfi.c.obj (.text:_ltostr)
                  00002751    00000001     --HOLE-- [fill = 0]
                  00002752    00000002     drivers_cc13x2.a : PowerCC26X2.oem4f (.text:emptyClockFunc)
                  00002754    000000b0     driverlib.lib : setup.obj (.text:TrimAfterColdResetWakeupFromShutDown)
                  00002804    000000a8     drivers_cc13x2.a : PWMTimerCC26XX.oem4f (.text:PWMTimerCC26XX_open)
                  000028ac    000000a0     auto_init.aem4f : auto_init.oem4f (.text)
                  0000294c    000000a0     rom_sysbios.aem4f : rom_sysbios.obj (.text:ti_sysbios_knl_Task_setPri__E)
                  000029ec    0000009c     drivers_cc13x2.a : PWMTimerCC26XX.oem4f (.text:PWMTimerCC26XX_setDutyAndPeriod)
                  00002a88    0000009c     rtsv7M4_T_le_v4SPD16_eabi.lib : memcpy_t2.asm.obj (.text)
                  00002b24    00000096                                   : ull_div_t2.asm.obj (.text)
                  00002bba    00000002                                   : div0.asm.obj (.text)
                  00002bbc    0000008c                                   : fputc.c.obj (.text:fputc)
                  00002c48    00000088     drivers_cc13x2.a : GPTimerCC26XX.oem4f (.text:GPTimerCC26XX_open)
                  00002cd0    00000088     driverlib.lib : osc.obj (.text:NOROM_OSCHF_AttemptToSwitchToXosc)
                  00002d58    00000088     rom_sysbios.aem4f : rom_sysbios.obj (.text:_pthread_removeThreadKeys)
                  00002de0    00000088     drivers_cc13x2.a : PowerCC26X2_calibrateRCOSC.oem4f (.text:calibrateRcoscHf2)
                  00002e68    00000088                      : PowerCC26X2.oem4f (.text:disableLFClockQualifiers)
                  00002ef0    00000088                      : PowerCC26X2_calibrateRCOSC.oem4f (.text:updateSubSecInc)
                  00002f78    00000086     rtsv7M4_T_le_v4SPD16_eabi.lib : fd_cmp_t2.asm.obj (.text:__aeabi_cdcmple)
                  00002ffe    00000086                                   : fd_cmp_t2.asm.obj (.text:__aeabi_cdrcmple)
                  00003084    00000084     rom_sysbios.aem4f : rom_sysbios.obj (.text:ti_sysbios_family_arm_m3_Hwi_excHandlerMin__I)
                  00003108    00000080     driverlib.lib : sys_ctrl.obj (.text:NOROM_SysCtrlSetRechargeBeforePowerDown)
                  00003188    00000080     rom_sysbios.aem4f : rom_sysbios.obj (.text:ti_sysbios_family_arm_cc26xx_Timer_start__E)
                  00003208    0000007a     rtsv7M4_T_le_v4SPD16_eabi.lib : memset_t2.asm.obj (.text)
                  00003282    00000076     rom_sysbios.aem4f : rom_sysbios.obj (.text:ti_sysbios_heaps_HeapMem_allocUnprotected__E)
                  000032f8    00000074     drivers_cc13x2.a : GPTimerCC26XX.oem4f (.text:GPTimerCC26XX_resetHw)
                  0000336c    00000074                      : PowerCC26X2_calibrateRCOSC.oem4f (.text:PowerCC26X2_auxISR)
                  000033e0    00000074     rtsv7M4_T_le_v4SPD16_eabi.lib : fclose.c.obj (.text:__TI_closefile)
                  00003454    0000006e                                   : _printfi.c.obj (.text:_mcpy)
                  000034c2    00000002     release_pem4f.oem4f (.text:ti_sysbios_BIOS_nullFunc__I)
                  000034c4    0000006d     rom_sysbios.aem4f : rom_sysbios.obj (.text:xdc_runtime_System_formatNum__I)
                  00003531    00000001     --HOLE-- [fill = 0]
                  00003532    00000002                       : rom_sysbios.obj (.text:xdc_runtime_SysCallback_defaultAbort)
                  00003534    0000006c     drivers_cc13x2.a : GPIOCC26XX.oem4f (.text:GPIO_setConfig)
                  000035a0    0000006c     rtsv7M4_T_le_v4SPD16_eabi.lib : hostrename.c.obj (.text:HOSTrename)
                  0000360c    0000006a     empty.obj (.text:mainThread)
                  00003676    00000002     rom_sysbios.aem4f : rom_sysbios.obj (.text:xdc_runtime_SysCallback_defaultExit)
                  00003678    00000068     rtsv7M4_T_le_v4SPD16_eabi.lib : hostlseek.c.obj (.text:HOSTlseek)
                  000036e0    00000068     driverlib.lib : osc.obj (.text:NOROM_OSCHF_SwitchToRcOscTurnOffXosc)
                  00003748    00000068     rtsv7M4_T_le_v4SPD16_eabi.lib : copy_decompress_lzss.c.obj (.text:decompress:lzss:__TI_decompress_lzss)
                  000037b0    00000068                                   : printf.c.obj (.text:printf)
                  00003818    00000064                                   : s_frexp.c.obj (.text:frexp)
                  0000387c    00000064                                   : fseek.c.obj (.text:fseek)
                  000038e0    00000062                                   : _io_perm.c.obj (.text:__TI_wrt_ok)
                  00003942    00000002     rom_sysbios.aem4f : rom_sysbios.obj (.text:xdc_runtime_SysCallback_defaultFlush)
                  00003944    00000060     rtsv7M4_T_le_v4SPD16_eabi.lib : hostopen.c.obj (.text:HOSTopen)
                  000039a4    00000060     main_tirtos.obj (.text:main)
                  00003a04    0000005c     drivers_cc13x2.a : PWMTimerCC26XX.oem4f (.text:PWMTimerCC26XX_setPeriod)
                  00003a60    0000005c     rtsv7M4_T_le_v4SPD16_eabi.lib : close.c.obj (.text:close)
                  00003abc    0000005c     rom_sysbios.aem4f : rom_sysbios.obj (.text:ti_sysbios_heaps_HeapMem_initPrimary__I)
                  00003b18    0000005c     release_pem4f.oem4f (.text:xdc_runtime_Startup_getState__I)
                  00003b74    00000058     drivers_cc13x2.a : GPTimerCC26XX.oem4f (.text:GPTimerCC26XX_stop)
                  00003bcc    00000058     rtsv7M4_T_le_v4SPD16_eabi.lib : hostread.c.obj (.text:HOSTread)
                  00003c24    00000058                                   : hostwrite.c.obj (.text:HOSTwrite)
                  00003c7c    00000058     drivers_cc13x2.a : PowerCC26X2_calibrateRCOSC.oem4f (.text:PowerCC26X2_initiateCalibration)
                  00003cd4    00000058     boot.aem4f : boot.oem4f (.text)
                  00003d2c    00000058     rom_sysbios.aem4f : rom_sysbios.obj (.text:pthread_exit)
                  00003d84    00000058                       : rom_sysbios.obj (.text:ti_sysbios_heaps_HeapMem_alloc__E)
                  00003ddc    00000056     ti_drivers_config.obj (.text:Board_sendExtFlashByte)
                  00003e32    00000056     rtsv7M4_T_le_v4SPD16_eabi.lib : _printfi.c.obj (.text:_pconv_f)
                  00003e88    00000054     ti_drivers_config.obj (.text:Board_shutDownExtFlash)
                  00003edc    00000054     driverlib.lib : prcm.obj (.text:NOROM_PRCMPowerDomainsAllOff)
                  00003f30    00000054     rtsv7M4_T_le_v4SPD16_eabi.lib : _ltoa.c.obj (.text:__TI_ltoa)
                  00003f84    00000052                                   : _printfi.c.obj (.text:_ecpy)
                  00003fd6    00000002     rom_sysbios.aem4f : rom_sysbios.obj (.text:xdc_runtime_SysCallback_defaultPutch)
                  00003fd8    00000050     drivers_cc13x2.a : GPIOCC26XX.oem4f (.text:GPIO_hwiIntFxn)
                  00004028    00000050                      : PWMTimerCC26XX.oem4f (.text:PWMTimerCC26XX_getdutyCounts)
                  00004078    0000004c                      : GPTimerCC26XX.oem4f (.text:GPTimerCC26XX_initHw)
                  000040c4    0000004c                      : GPTimerCC26XX.oem4f (.text:GPTimerCC26XX_start)
                  00004110    0000004c     driverlib.lib : prcm.obj (.text:NOROM_PRCMPowerDomainsAllOn)
                  0000415c    0000004c     rtsv7M4_T_le_v4SPD16_eabi.lib : fflush.c.obj (.text:__TI_doflush)
                  000041a8    0000004c                                   : atoi.c.obj (.text:atoi)
                  000041f4    0000004c                                   : cpy_tbl.c.obj (.text:copy_in)
                  00004240    00000048     drivers_cc13x2.a : PWMTimerCC26XX.oem4f (.text:PWMTimerCC26XX_setDuty)
                  00004288    00000048                      : PowerCC26X2_calibrateRCOSC.oem4f (.text:PowerCC26X2_RCOSC_clockFunc)
                  000042d0    00000048     rtsv7M4_T_le_v4SPD16_eabi.lib : fd_toi_t2.asm.obj (.text)
                  00004318    00000048     drivers_cc13x2.a : PowerCC26X2.oem4f (.text:switchXOSCHF)
                  00004360    00000044     rtsv7M4_T_le_v4SPD16_eabi.lib : hostclose.c.obj (.text:HOSTclose)
                  000043a4    00000044                                   : hostunlink.c.obj (.text:HOSTunlink)
                  000043e8    00000044     driverlib.lib : chipinfo.obj (.text:NOROM_ChipInfo_GetHwRevision)
                  0000442c    00000044     drivers_cc13x2.a : PWM.oem4f (.text:PWM_init)
                  00004470    00000044     rtsv7M4_T_le_v4SPD16_eabi.lib : getdevice.c.obj (.text:getdevice)
                  000044b4    00000044                                   : fd_tou_t2.asm.obj (.text)
                  000044f8    00000040     dpl_cc13x2.a : ClockP_tirtos.oem4f (.text:ClockP_construct)
                  00004538    00000040     driverlib.lib : osc.obj (.text:NOROM_OSC_HPOSCRelativeFrequencyOffsetGet)
                  00004578    00000040     drivers_cc13x2.a : PWM.oem4f (.text:PWM_open)
                  000045b8    00000040     rtsv7M4_T_le_v4SPD16_eabi.lib : u_divt2.asm.obj (.text)
                  000045f8    00000040     rom_sysbios.aem4f : rom_sysbios.obj (.text:ti_sysbios_family_arm_cc26xx_Timer_setThreshold__I)
                  00004638    0000003e     dpl_cc13x2.a : HwiP_tirtos.oem4f (.text:HwiP_construct)
                  00004676    0000003e     rtsv7M4_T_le_v4SPD16_eabi.lib : _printfi.c.obj (.text:_fcpy)
                  000046b4    0000003c     driverlib.lib : osc.obj (.text:InternCapArrayAdjustWithBaseline7001F)
                  000046f0    0000003c     rom_sysbios.aem4f : rom_sysbios.obj (.text:ti_sysbios_family_arm_m3_Hwi_construct2__E)
                  0000472c    00000038     rtsv7M4_T_le_v4SPD16_eabi.lib : trgmsg.c.obj (.text:__TI_writemsg)
                  00004764    00000038     drivers_cc13x2.a : PowerCC26X2.oem4f (.text:notify)
                  0000479c    00000038     rtsv7M4_T_le_v4SPD16_eabi.lib : fs_tod_t2.asm.obj (.text)
                  000047d4    00000036                                   : strncpy.c.obj (.text:strncpy)
                  0000480a    00000002     --HOLE-- [fill = 0]
                  0000480c    00000034     drivers_cc13x2.a : GPTimerCC26XX.oem4f (.text:GPTimerCC26XXSetLoadMatch)
                  00004840    00000034                      : GPTimerCC26XX.oem4f (.text:GPTimerCC26XX_configureDebugStall)
                  00004874    00000034     driverlib.lib : aux_sysif.obj (.text:NOROM_AUXSYSIFOpModeChange)
                  000048a8    00000034                   : sys_ctrl.obj (.text:NOROM_SysCtrlIdle)
                  000048dc    00000034     drivers_cc13x2.a : PWMTimerCC26XX.oem4f (.text:PWMTimerCC26XX_getperiodCounts)
                  00004910    00000034     rtsv7M4_T_le_v4SPD16_eabi.lib : fopen.c.obj (.text:__TI_cleanup)
                  00004944    00000034                                   : trgmsg.c.obj (.text:__TI_readmsg)
                  00004978    00000034     rom_sysbios.aem4f : rom_sysbios.obj (.text:usleep)
                  000049ac    00000032                       : rom_sysbios.obj (.text:ti_sysbios_family_arm_cc26xx_Timer_setNextTick__E)
                  000049de    00000002     --HOLE-- [fill = 0]
                  000049e0    00000030     ti_drivers_config.obj (.text:Board_wakeUpExtFlash)
                  00004a10    00000030     drivers_cc13x2.a : GPTimerCC26XX.oem4f (.text:GPTimerCC26XX_close)
                  00004a40    00000030                      : PowerCC26X2.oem4f (.text:Power_releaseConstraint)
                  00004a70    00000030                      : PowerCC26X2.oem4f (.text:Power_setConstraint)
                  00004aa0    00000030     driverlib.lib : osc.obj (.text:SpecialCapArrayWorkaroundEnabledAndNeeded)
                  00004ad0    00000030     rtsv7M4_T_le_v4SPD16_eabi.lib : getdevice.c.obj (.text:finddevice)
                  00004b00    00000030     release_pem4f.oem4f (.text:ti_sysbios_BIOS_atExitFunc__I)
                  00004b30    00000030     release_pem4f.oem4f (.text:ti_sysbios_BIOS_startFunc__I)
                  00004b60    00000030     rom_sysbios.aem4f : rom_sysbios.obj (.text:ti_sysbios_family_arm_cc26xx_Timer_getCurrentTick__E)
                  00004b90    00000030                       : rom_sysbios.obj (.text:ti_sysbios_family_arm_cc26xx_Timer_initDevice__I)
                  00004bc0    00000030     release_pem4f.oem4f (.text:ti_sysbios_rts_MemAlloc_alloc)
                  00004bf0    0000002e     rtsv7M4_T_le_v4SPD16_eabi.lib : i_tofd_t2.asm.obj (.text)
                  00004c1e    00000002     --HOLE-- [fill = 0]
                  00004c20    0000002c     drivers_cc13x2.a : GPIO.oem4f (.text:GPIO_resetConfig)
                  00004c4c    0000002c                      : GPTimerCC26XX.oem4f (.text:GPTimerCC26XX_getTimerValue)
                  00004c78    0000002c     rom_sysbios.aem4f : rom_sysbios.obj (.text:_pthread_delete$45)
                  00004ca4    0000002c                       : rom_sysbios.obj (.text:pthread_setcancelstate)
                  00004cd0    0000002c                       : rom_sysbios.obj (.text:ti_sysbios_knl_Clock_getTicksUntilInterrupt__E)
                  00004cfc    0000002c     rtsv7M4_T_le_v4SPD16_eabi.lib : unlink.c.obj (.text:unlink)
                  00004d28    00000028     drivers_cc13x2.a : GPIOCC26XX.oem4f (.text:GPIO_setMux)
                  00004d50    00000028     rtsv7M4_T_le_v4SPD16_eabi.lib : lseek.c.obj (.text:lseek)
                  00004d78    00000028     drivers_cc13x2.a : PowerCC26X2.oem4f (.text:oscillatorISR)
                  00004da0    00000028     rtsv7M4_T_le_v4SPD16_eabi.lib : write.c.obj (.text:write)
                  00004dc8    00000024     driverlib.lib : osc.obj (.text:NOROM_OSCHF_TurnOnXosc)
                  00004dec    00000024                   : osc.obj (.text:NOROM_OSC_CapArrayAdjustWorkaround_Boot)
                  00004e10    00000024     rom_sysbios.aem4f : rom_sysbios.obj (.text:_pthread_cleanupFxn)
                  00004e34    00000024     drivers_cc13x2.a : PowerCC26X2_calibrateRCOSC.oem4f (.text:getTdcSemaphore)
                  00004e58    00000024     rom_sysbios.aem4f : rom_sysbios.obj (.text:pthread_attr_init)
                  00004e7c    00000024     release_pem4f.oem4f (.text:ti_sysbios_BIOS_registerRTSLock__I)
                  00004ea0    00000024     release_pem4f.oem4f (.text:ti_sysbios_BIOS_removeRTSLock__I)
                  00004ec4    00000024     rom_sysbios.aem4f : rom_sysbios.obj (.text:ti_sysbios_family_arm_cc26xx_Timer_getMaxTicks__E)
                  00004ee8    00000020     rtsv7M4_T_le_v4SPD16_eabi.lib : memchr.c.obj (.text:memchr)
                  00004f08    00000020                                   : u_tofd_t2.asm.obj (.text)
                  00004f28    00000020     release_pem4f.oem4f (.text:ti_sysbios_BIOS_rtsLock__I)
                  00004f48    00000020     rom_sysbios.aem4f : rom_sysbios.obj (.text:ti_sysbios_family_arm_cc26xx_Timer_dynamicStub__E)
                  00004f68    00000020                       : rom_sysbios.obj (.text:xdc_runtime_Error_policyMin__E)
                  00004f88    0000001e     drivers_cc13x2.a : PWMTimerCC26XX.oem4f (.text:PWMTimerCC26XX_start)
                  00004fa6    0000001e                      : PowerCC26X2.oem4f (.text:Power_getTransitionLatency)
                  00004fc4    0000001c     driverlib.lib : chipinfo.obj (.text:NOROM_ChipInfo_GetChipFamily)
                  00004fe0    0000001c     dpl_cc13x2.a : PowerCC26X2_tirtos.oem4f (.text:PowerCC26XX_schedulerDisable)
                  00004ffc    0000001c                  : PowerCC26X2_tirtos.oem4f (.text:PowerCC26XX_schedulerRestore)
                  00005018    0000001c     rtsv7M4_T_le_v4SPD16_eabi.lib : memccpy.c.obj (.text:memccpy)
                  00005034    0000001c     release_pem4f.oem4f (.text:xdc_runtime_Startup_exec__I)
                  00005050    0000001a     drivers_cc13x2.a : PWMTimerCC26XX.oem4f (.text:PWMTimerCC26XX_close)
                  0000506a    0000001a                      : PWMTimerCC26XX.oem4f (.text:PWMTimerCC26XX_control)
                  00005084    0000001a                      : PWMTimerCC26XX.oem4f (.text:PWMTimerCC26XX_stop)
                  0000509e    0000001a                      : PowerCC26X2.oem4f (.text:PowerCC26XX_calibrate)
                  000050b8    0000001a     rtsv7M4_T_le_v4SPD16_eabi.lib : s_copysign.c.obj (.text:copysign)
                  000050d2    0000001a     release_pem4f.oem4f (.text:free)
                  000050ec    00000018     drivers_cc13x2.a : GPIOCC26XX.oem4f (.text:GPIO_disableInt)
                  00005104    00000018                      : GPIO.oem4f (.text:GPIO_setCallback)
                  0000511c    00000018                      : PowerCC26X2.oem4f (.text:Power_idleFunc)
                  00005134    00000018     rtsv7M4_T_le_v4SPD16_eabi.lib : args_main.c.obj (.text:_args_main)
                  0000514c    00000018                                   : ll_mul_t2.asm.obj (.text)
                  00005164    00000018                                   : strcmp.c.obj (.text:strcmp)
                  0000517c    00000018     drivers_cc13x2.a : PowerCC26X2.oem4f (.text:switchToTCXO)
                  00005194    00000018     release_pem4f.oem4f (.text:ti_sysbios_BIOS_rtsUnlock__I)
                  000051ac    00000018     rom_sysbios.aem4f : rom_sysbios.obj (.text:ti_sysbios_rts_ti_ReentSupport_getReent__F)
                  000051c4    00000018                       : rom_sysbios.obj (.text:xdc_runtime_Error_init__E)
                  000051dc    00000016     driverlib.lib : chipinfo.obj (.text:NOROM_ThisLibraryIsFor_CC13x2_CC26x2_HwRev20AndLater_HaltIfViolated)
                  000051f2    00000016     rom_sysbios.aem4f : rom_sysbios.obj (.text:_pthread_cleanup_pop)
                  00005208    00000016     rtsv7M4_T_le_v4SPD16_eabi.lib : strchr.c.obj (.text:strchr)
                  0000521e    00000016     release_pem4f.oem4f (.text:ti_sysbios_BIOS_exitFunc__I)
                  00005234    00000014     ti_drivers_config.obj (.text:Board_init)
                  00005248    00000014     drivers_cc13x2.a : PWM.oem4f (.text:PWM_Params_init)
                  0000525c    00000014                      : PowerCC26X2_calibrateRCOSC.oem4f (.text:PowerCC26X2_calibrate)
                  00005270    00000014     rom_sysbios.aem4f : rom_sysbios.obj (.text:pthread_attr_setschedparam)
                  00005284    00000014     rtsv7M4_T_le_v4SPD16_eabi.lib : strcpy.c.obj (.text:strcpy)
                  00005298    00000014     rom_sysbios.aem4f : rom_sysbios.obj (.text:ti_sysbios_family_arm_cc26xx_Timer_getCount64__E)
                  000052ac    00000014     release_pem4f.oem4f (.text:ti_sysbios_knl_Clock_doTick__I)
                  000052c0    00000012     drivers_cc13x2.a : GPTimerCC26XX.oem4f (.text:GPTimerCC26XX_Params_init)
                  000052d2    00000012     rom_sysbios.aem4f : rom_sysbios.obj (.text:_pthread_runStub$45)
                  000052e4    00000012     rtsv7M4_T_le_v4SPD16_eabi.lib : wcslen.c.obj (.text:wcslen)
                  000052f6    00000002     --HOLE-- [fill = 0]
                  000052f8    00000010     drivers_cc13x2.a : GPIO.oem4f (.text:GPIO_setUserArg)
                  00005308    00000010                      : GPIOCC26XX.oem4f (.text:GPIO_write)
                  00005318    00000010     dpl_cc13x2.a : HwiP_tirtos.oem4f (.text:HwiP_Params_init)
                  00005328    0000000e     rtsv7M4_T_le_v4SPD16_eabi.lib : copy_decompress_none.c.obj (.text:decompress:none:__TI_decompress_none)
                  00005336    0000000e     rom_sysbios.aem4f : rom_sysbios.obj (.text:pthread_attr_setdetachstate)
                  00005344    0000000e                       : rom_sysbios.obj (.text:ti_sysbios_family_arm_cc26xx_TimestampProvider_get32__E)
                  00005352    00000002     --HOLE-- [fill = 0]
                  00005354    0000000c     dpl_cc13x2.a : ClockP_tirtos.oem4f (.text:ClockP_getSystemTickPeriod)
                  00005360    0000000c     driverlib.lib : cpu.obj (.text:NOROM_CPUcpsid)
                  0000536c    0000000c                   : cpu.obj (.text:NOROM_CPUcpsie)
                  00005378    0000000c     drivers_cc13x2.a : PowerCC26X2.oem4f (.text:Power_getConstraintMask)
                  00005384    0000000c                      : PowerCC26X2.oem4f (.text:Power_getDependencyCount)
                  00005390    0000000c     rtsv7M4_T_le_v4SPD16_eabi.lib : _lock.c.obj (.text:_register_lock)
                  0000539c    0000000c                                   : _lock.c.obj (.text:_register_unlock)
                  000053a8    0000000c                                   : copy_zero_init.c.obj (.text:decompress:ZI:__TI_zero_init)
                  000053b4    0000000c     rom_sysbios.aem4f : rom_sysbios.obj (.text:pthread_self)
                  000053c0    0000000c                       : rom_sysbios.obj (.text:ti_sysbios_knl_Queue_insert__E)
                  000053cc    0000000a     dpl_cc13x2.a : ClockP_tirtos.oem4f (.text:ClockP_Params_init)
                  000053d6    0000000a     drivers_cc13x2.a : PWM.oem4f (.text:PWM_setDuty)
                  000053e0    0000000a                      : PWM.oem4f (.text:PWM_start)
                  000053ea    0000000a     release_pem4f.oem4f (.text:ti_sysbios_rts_ti_ReentSupport_getTlsAddr__I)
                  000053f4    00000008     drivers_cc13x2.a : GPTimerCC26XX.oem4f (.text:GPTimerCC26XX_setLoadValue)
                  000053fc    00000008                      : GPTimerCC26XX.oem4f (.text:GPTimerCC26XX_setMatchValue)
                  00005404    00000008     release_pem4f.oem4f (.text:xdc_runtime_Text_visitRope__I)
                  0000540c    00000006     drivers_cc13x2.a : GPTimerCC26XX.oem4f (.text:GPTimerCC26XX_getValue)
                  00005412    00000006     driverlib.lib : cpu.obj (.text:NOROM_CPUdelay)
                  00005418    00000006     drivers_cc13x2.a : PowerCC26X2.oem4f (.text:delayUs)
                  0000541e    00000006     rom_sysbios.aem4f : rom_sysbios.obj (.text:pthread_attr_setstacksize)
                  00005424    00000004     dpl_cc13x2.a : PowerCC26X2_tirtos.oem4f (.text:CPUwfi)
                  00005428    00000004                  : ClockP_tirtos.oem4f (.text:ClockP_getCpuFreq)
                  0000542c    00000004                  : ClockP_tirtos.oem4f (.text:ClockP_start)
                  00005430    00000004                  : ClockP_tirtos.oem4f (.text:ClockP_stop)
                  00005434    00000004                  : HwiP_tirtos.oem4f (.text:HwiP_disable)
                  00005438    00000004     rom_sysbios.aem4f : rom_sysbios.obj (.text:__aeabi_errno_addr)
                  0000543c    00000004     rtsv7M4_T_le_v4SPD16_eabi.lib : printf.c.obj (.text:_outc)
                  00005440    00000004                                   : printf.c.obj (.text:_outs)
                  00005444    00000004     drivers_cc13x2.a : PowerCC26X2.oem4f (.text:configureRFCoreClocks)
                  00005448    00000004                      : PowerCC26X2.oem4f (.text:nopResourceHandler)
                  0000544c    00000004     rom_sysbios.aem4f : rom_sysbios.obj (.text:ti_sysbios_knl_Task_getArg1__E)
                  00005450    00000004                       : rom_sysbios.obj (.text:ti_sysbios_knl_Task_getEnv__E)
                  00005454    00000004     release_pem4f.oem4f (.text:xdc_runtime_Startup_reset__I)
                  00005458    00000004     rom_sysbios.aem4f : rom_sysbios.obj (.text:xdc_runtime_SysCallback_defaultReady)
                  0000545c    00000008     (.tramp.ti_sysbios_family_arm_m3_Hwi_disableFxn__E.1)
                  00005464    00000008     (.tramp.ti_sysbios_BIOS_getCpuFreq__E.1)
                  0000546c    00000008     (.tramp.ti_sysbios_knl_Task_self__E.1)
                  00005474    00000008     (.tramp.ti_sysbios_knl_Swi_post__E.1)
                  0000547c    00000008     (.tramp.ti_sysbios_knl_Clock_logTick__E.1)
                  00005484    00000008     (.tramp.ti_sysbios_BIOS_getThreadType__E.1)
                  0000548c    00000008     (.tramp.ti_sysbios_BIOS_RtsGateProxy_leave__E.1)
                  00005494    00000008     (.tramp.ti_sysbios_knl_Swi_restore__E.1)
                  0000549c    00000008     (.tramp.ti_sysbios_BIOS_RtsGateProxy_enter__E.1)
                  000054a4    00000008     (.tramp.ti_sysbios_knl_Clock_TimerProxy_getCurrentTick__E.1)
                  000054ac    00000008     (.tramp.ti_sysbios_knl_Task_delete.1)
                  000054b4    00000008     (.tramp.ti_sysbios_knl_Semaphore_destruct.1)
                  000054bc    00000008     (.tramp.ti_sysbios_knl_Task_startup__E.1)
                  000054c4    00000008     (.tramp.ti_sysbios_knl_Swi_startup__E.1)
                  000054cc    00000008     (.tramp.ti_sysbios_hal_Hwi_startup__E.1)
                  000054d4    00000008     (.tramp.ti_sysbios_family_arm_cc26xx_Timer_startup__E.1)
                  000054dc    00000008     (.tramp.xdc_runtime_System_atexit__E.1)
                  000054e4    00000008     (.tramp.ti_sysbios_BIOS_linkedWithIncorrectBootLibrary__E.1)
                  000054ec    00000008     (.tramp.xdc_runtime_Startup_rtsDone__E.1)
                  000054f4    00000008     (.tramp.ti_sysbios_knl_Swi_disable__E.1)
                  000054fc    00000008     (.tramp.ti_sysbios_knl_Task_sleep__E.1)
                  00005504    00000008     (.tramp.ti_sysbios_family_arm_m3_Hwi_construct.1)
                  0000550c    00000008     (.tramp.ti_sysbios_family_arm_m3_Hwi_Params__init__S.1)
                  00005514    00000008     (.tramp.ti_sysbios_knl_Clock_construct.1)
                  0000551c    00000008     (.tramp.ti_sysbios_knl_Clock_Params__init__S.1)
                  00005524    00000008     (.tramp.ti_sysbios_heaps_HeapMem_Module_GateProxy_leave__E.1)
                  0000552c    00000008     (.tramp.ti_sysbios_heaps_HeapMem_Module_GateProxy_enter__E.1)
                  00005534    00000008     (.tramp.xdc_runtime_System_exit__E.1)
                  0000553c    00000008     (.tramp.ti_sysbios_heaps_HeapMem_restore__E.1)
                  00005544    00000008     (.tramp.ti_sysbios_heaps_HeapMem_Object__get__S.1)
                  0000554c    00000008     (.tramp.ti_sysbios_BIOS_start__E.1)
                  00005554    00000008     (.tramp.xdc_runtime_Error_raiseX__E.1)
                  0000555c    00000008     (.tramp.ti_sysbios_BIOS_setThreadType__E.1)
                  00005564    00000008     (.tramp.ti_sysbios_family_arm_m3_Hwi_excFillContext__I.1)
                  0000556c    00000008     (.tramp.ti_sysbios_knl_Semaphore_post__E.1)
                  00005574    00000008     (.tramp.xdc_runtime_Memory_free__E.1)
                  0000557c    00000008     (.tramp.ti_sysbios_knl_Queue_next__E.1)
                  00005584    00000008     (.tramp.ti_sysbios_knl_Queue_head__E.1)
                  0000558c    00000008     (.tramp.ti_sysbios_knl_Semaphore_pend__E.1)
                  00005594    00000008     (.tramp.ti_sysbios_knl_Task_restore__E.1)
                  0000559c    00000008     (.tramp.ti_sysbios_knl_Queue_enqueue__E.1)
                  000055a4    00000008     (.tramp.ti_sysbios_knl_Queue_empty__E.1)
                  000055ac    00000008     (.tramp.ti_sysbios_knl_Queue_remove__E.1)
                  000055b4    00000008     (.tramp.ti_sysbios_knl_Task_disable__E.1)
                  000055bc    00000008     (.tramp.ti_sysbios_knl_Clock_stop__E.1)
                  000055c4    00000008     (.tramp.ti_sysbios_knl_Clock_start__E.1)
                  000055cc    00000008     (.tramp.ti_sysbios_knl_Clock_setTimeout__E.1)
                  000055d4    00000008     (.tramp.ti_sysbios_family_arm_m3_Hwi_restoreFxn__E.1)
                  000055dc    00000008     (.tramp.ti_sysbios_knl_Task_create.1)
                  000055e4    00000008     (.tramp.ti_sysbios_knl_Semaphore_construct.1)
                  000055ec    00000008     (.tramp.ti_sysbios_knl_Semaphore_Params__init__S.1)
                  000055f4    00000008     (.tramp.ti_sysbios_knl_Queue_construct.1)
                  000055fc    00000008     (.tramp.xdc_runtime_Memory_alloc__E.1)
                  00005604    00000008     (.tramp.ti_sysbios_knl_Task_Params__init__S.1)
                  0000560c    00000008     (.tramp.xdc_runtime_System_doPrint__I.1)
                  00005614    00000008     (.tramp.strlen.1)

.const     0    0000561c    000006c0     
                  0000561c    000003b8     release_pem4f.oem4f (.const:ROM_constStruct)
                  000059d4    00000101     rtsv7M4_T_le_v4SPD16_eabi.lib : ctype.c.obj (.const:.string:_ctypes_)
                  00005ad5    00000001     release_pem4f.oem4f (.const:xdc_runtime_Text_charTab__A)
                  00005ad6    00000054     drivers_cc13x2.a : PowerCC26X2.oem4f (.const:resourceDB)
                  00005b2a    00000002     ti_drivers_config.obj (.const:pwmTimerCC26XXHWAttrs)
                  00005b2c    00000048     release_pem4f.oem4f (.const:.string)
                  00005b74    00000048     release_pem4f.oem4f (.const:ROM_externFuncPtrs)
                  00005bbc    00000024     drivers_cc13x2.a : PWMTimerCC26XX.oem4f (.const:PWMTimerCC26XX_fxnTable)
                  00005be0    00000024     release_pem4f.oem4f (.const:xdc_runtime_Startup_sfxnTab__A)
                  00005c04    0000001c     drivers_cc13x2.a : GPTimerCC26XX.oem4f (.const:GPT_LUT)
                  00005c20    00000018                      : PWM.oem4f (.const:PWM_defaultParams)
                  00005c38    00000014     ti_drivers_config.obj (.const:PowerCC26X2_config)
                  00005c4c    00000012     release_pem4f.oem4f (.const:xdc_runtime_Startup_sfxnRts__A)
                  00005c5e    00000002     --HOLE-- [fill = 0]
                  00005c60    00000010     ti_drivers_config.obj (.const:GPIO_config)
                  00005c70    0000000c     ti_drivers_config.obj (.const:GPTimerCC26XX_config)
                  00005c7c    0000000c     ti_drivers_config.obj (.const:PWM_config)
                  00005c88    0000000c     ti_drivers_config.obj (.const:gptimerCC26XXHWAttrs)
                  00005c94    0000000c     release_pem4f.oem4f (.const:xdc_runtime_Startup_firstFxns__A)
                  00005ca0    00000008     driverlib.lib : aux_sysif.obj (.const:$O1$$)
                  00005ca8    00000008     drivers_cc13x2.a : GPTimerCC26XX.oem4f (.const:GPT_DefaultParams)
                  00005cb0    00000008     ti_drivers_config.obj (.const)
                  00005cb8    00000008     release_pem4f.oem4f (.const:ti_sysbios_family_arm_m3_Hwi_excHookFuncs__A)
                  00005cc0    00000008     release_pem4f.oem4f (.const:ti_sysbios_knl_Idle_funcList__A)
                  00005cc8    00000004     release_pem4f.oem4f (.const:ti_sysbios_family_arm_m3_Hwi_E_exception__C)
                  00005ccc    00000004     release_pem4f.oem4f (.const:ti_sysbios_heaps_HeapMem_primaryHeapBaseAddr__C)
                  00005cd0    00000004     release_pem4f.oem4f (.const:ti_sysbios_heaps_HeapMem_primaryHeapEndAddr__C)
                  00005cd4    00000004     release_pem4f.oem4f (.const:ti_sysbios_knl_Clock_tickPeriod__C)
                  00005cd8    00000004     release_pem4f.oem4f (.const:ti_sysbios_knl_Task_Object__heap__C)

MODULE SUMMARY

       Module                             code    ro data   rw data
       ------                             ----    -------   -------
    ./
       empty.obj                          106     0         0      
       main_tirtos.obj                    96      0         0      
    +--+----------------------------------+-------+---------+---------+
       Total:                             202     0         0      
                                                                   
    ./syscfg/
       ti_drivers_config.obj              240     82        480    
       ti_devices_config.obj              0       88        0      
    +--+----------------------------------+-------+---------+---------+
       Total:                             240     170       480    
                                                                   
    /home/pramodh/workspace_v11/tirtos_builds_cc13x2_cc26x2_release_ccs/Debug/configPkg/package/cfg/
       release_pem4f.oem4f                876     1259      1802   
    +--+----------------------------------+-------+---------+---------+
       Total:                             876     1259      1802   
                                                                   
    /home/pramodh/ti/ccs1100/ccs/tools/compiler/ti-cgt-arm_20.2.5.LTS/lib/rtsv7M4_T_le_v4SPD16_eabi.lib
       _printfi.c.obj                     4851    0         0      
       fd_add_t2.asm.obj                  438     0         0      
       defs.c.obj                         0       0         416    
       trgmsg.c.obj                       108     0         288    
       fd_div_t2.asm.obj                  310     0         0      
       fputs.c.obj                        276     0         0      
       s_scalbn.c.obj                     272     0         0      
       fd_cmp_t2.asm.obj                  268     0         0      
       ctype.c.obj                        0       257       0      
       fd_mul_t2.asm.obj                  252     0         0      
       setvbuf.c.obj                      220     0         0      
       host_device.c.obj                  0       0         200    
       memcpy_t2.asm.obj                  156     0         0      
       ull_div_t2.asm.obj                 150     0         0      
       fputc.c.obj                        140     0         0      
       memset_t2.asm.obj                  122     0         0      
       fclose.c.obj                       116     0         0      
       getdevice.c.obj                    116     0         0      
       printf.c.obj                       112     0         0      
       hostrename.c.obj                   108     0         0      
       copy_decompress_lzss.c.obj         104     0         0      
       hostlseek.c.obj                    104     0         0      
       hostopen.c.obj                     96      0         8      
       fseek.c.obj                        100     0         0      
       s_frexp.c.obj                      100     0         0      
       _io_perm.c.obj                     98      0         0      
       close.c.obj                        92      0         0      
       hostread.c.obj                     88      0         0      
       hostwrite.c.obj                    88      0         0      
       _ltoa.c.obj                        84      0         0      
       atoi.c.obj                         76      0         0      
       cpy_tbl.c.obj                      76      0         0      
       fflush.c.obj                       76      0         0      
       fd_toi_t2.asm.obj                  72      0         0      
       fd_tou_t2.asm.obj                  68      0         0      
       hostclose.c.obj                    68      0         0      
       hostunlink.c.obj                   68      0         0      
       u_divt2.asm.obj                    64      0         0      
       fs_tod_t2.asm.obj                  56      0         0      
       strncpy.c.obj                      54      0         0      
       fopen.c.obj                        52      0         0      
       i_tofd_t2.asm.obj                  46      0         0      
       unlink.c.obj                       44      0         0      
       lseek.c.obj                        40      0         0      
       write.c.obj                        40      0         0      
       _lock.c.obj                        26      0         8      
       memchr.c.obj                       32      0         0      
       u_tofd_t2.asm.obj                  32      0         0      
       memccpy.c.obj                      28      0         0      
       s_copysign.c.obj                   26      0         0      
       args_main.c.obj                    24      0         0      
       ll_mul_t2.asm.obj                  24      0         0      
       strcmp.c.obj                       24      0         0      
       strchr.c.obj                       22      0         0      
       strcpy.c.obj                       20      0         0      
       wcslen.c.obj                       18      0         0      
       copy_decompress_none.c.obj         14      0         0      
       copy_zero_init.c.obj               12      0         0      
       exit.c.obj                         0       0         12     
       stkdepth_vars.c.obj                0       0         4      
       div0.asm.obj                       2       0         0      
    +--+----------------------------------+-------+---------+---------+
       Total:                             10173   257       936    
                                                                   
    /home/pramodh/ti/simplelink_cc13xx_cc26xx_sdk_5_30_01_01/kernel/tirtos/packages/ti/dpl/lib/ccs/m4f/dpl_cc13x2.a
       PowerCC26X2_tirtos.oem4f           260     0         8      
       ClockP_tirtos.oem4f                98      0         0      
       HwiP_tirtos.oem4f                  82      0         0      
    +--+----------------------------------+-------+---------+---------+
       Total:                             440     0         8      
                                                                   
    /home/pramodh/ti/simplelink_cc13xx_cc26xx_sdk_5_30_01_01/kernel/tirtos/packages/ti/targets/arm/rtsarm/lib/auto_init.aem4f
       auto_init.oem4f                    160     0         0      
    +--+----------------------------------+-------+---------+---------+
       Total:                             160     0         0      
                                                                   
    /home/pramodh/ti/simplelink_cc13xx_cc26xx_sdk_5_30_01_01/kernel/tirtos/packages/ti/targets/arm/rtsarm/lib/boot.aem4f
       boot.oem4f                         88      0         0      
    +--+----------------------------------+-------+---------+---------+
       Total:                             88      0         0      
                                                                   
    /home/pramodh/ti/simplelink_cc13xx_cc26xx_sdk_5_30_01_01/source/ti/devices/cc13x2_cc26x2/driverlib/bin/ccs/driverlib.lib
       osc.obj                            484     0         36     
       sys_ctrl.obj                       420     0         0      
       setup.obj                          364     0         0      
       prcm.obj                           160     0         0      
       chipinfo.obj                       118     0         0      
       aux_sysif.obj                      52      8         0      
       cpu.obj                            30      0         0      
    +--+----------------------------------+-------+---------+---------+
       Total:                             1628    8         36     
                                                                   
    /home/pramodh/ti/simplelink_cc13xx_cc26xx_sdk_5_30_01_01/source/ti/drivers/lib/ccs/m4f/drivers_cc13x2.a
       PowerCC26X2.oem4f                  1980    84        368    
       PowerCC26X2_calibrateRCOSC.oem4f   1400    0         0      
       PWMTimerCC26XX.oem4f               730     36        0      
       GPTimerCC26XX.oem4f                728     36        0      
       GPIOCC26XX.oem4f                   500     0         29     
       PWM.oem4f                          172     24        1      
       GPIO.oem4f                         84      0         0      
    +--+----------------------------------+-------+---------+---------+
       Total:                             5594    180       398    
                                                                   
    /home/pramodh/workspace_v11/tirtos_builds_cc13x2_cc26x2_release_ccs/src/sysbios/rom_sysbios.aem4f
       rom_sysbios.obj                    2123    0         180    
    +--+----------------------------------+-------+---------+---------+
       Total:                             2123    0         180    
                                                                   
       Stack:                             0       0         1024   
       Linker Generated:                  448     552       0      
    +--+----------------------------------+-------+---------+---------+
       Grand Total:                       21972   2426      4864   


LINKER GENERATED COPY TABLES

__TI_cinit_table @ 00005ee0 records: 5, size/record: 8, table size: 40
	.data: load addr=00005ce0, load size=000001d4 bytes, run addr=20004110, run size=000007f4 bytes, compression=lzss
	.bss: load addr=00005ec0, load size=00000008 bytes, run addr=20004908, run size=00000628 bytes, compression=zero_init
	.data:xdcRomConstPtr: load addr=00005ec8, load size=00000008 bytes, run addr=20000100, run size=00000004 bytes, compression=lzss
	.data:xdcRomExternFuncPtr: load addr=00005ed0, load size=00000008 bytes, run addr=20000104, run size=00000004 bytes, compression=lzss
	.data:xdcRomStatePtr: load addr=00005ed8, load size=00000008 bytes, run addr=20000108, run size=00000004 bytes, compression=lzss


LINKER GENERATED HANDLER TABLE

__TI_handler_table @ 00005eb4 records: 3, size/record: 4, table size: 12
	index: 0, handler: __TI_decompress_lzss
	index: 1, handler: __TI_decompress_none
	index: 2, handler: __TI_zero_init


FAR CALL TRAMPOLINES

callee name               trampoline name
   callee addr  tramp addr   call addr  call info
--------------  -----------  ---------  ----------------
ti_sysbios_family_arm_m3_Hwi_disableFxn__E  $Tramp$TT$L$PI$$ti_sysbios_family_arm_m3_Hwi_disableFxn__E
   1002eb55     0000545c     00005434   dpl_cc13x2.a : HwiP_tirtos.oem4f (.text:HwiP_disable)
ti_sysbios_BIOS_getCpuFreq__E  $Tramp$TT$L$PI$$ti_sysbios_BIOS_getCpuFreq__E
   1002e9fd     00005464     00005428   dpl_cc13x2.a : ClockP_tirtos.oem4f (.text:ClockP_getCpuFreq)
ti_sysbios_knl_Task_self__E  $Tramp$TT$L$PI$$ti_sysbios_knl_Task_self__E
   1002eaf5     0000546c     000053b6   rom_sysbios.aem4f : rom_sysbios.obj (.text:pthread_self)
                             000053ec   release_pem4f.oem4f (.text:ti_sysbios_rts_ti_ReentSupport_getTlsAddr__I)
ti_sysbios_knl_Swi_post__E  $Tramp$TT$L$PI$$ti_sysbios_knl_Swi_post__E
   1002d891     00005474     000052b6   release_pem4f.oem4f (.text:ti_sysbios_knl_Clock_doTick__I)
ti_sysbios_knl_Clock_logTick__E  $Tramp$TT$L$PI$$ti_sysbios_knl_Clock_logTick__E
   1002dbd7     0000547c     000052ae   release_pem4f.oem4f (.text:ti_sysbios_knl_Clock_doTick__I)
ti_sysbios_BIOS_getThreadType__E  $Tramp$TT$L$PI$$ti_sysbios_BIOS_getThreadType__E
   1002ea95     00005484     000051ae   rom_sysbios.aem4f : rom_sysbios.obj (.text:ti_sysbios_rts_ti_ReentSupport_getReent__F)
ti_sysbios_BIOS_RtsGateProxy_leave__E  $Tramp$TT$L$PI$$ti_sysbios_BIOS_RtsGateProxy_leave__E
   1002ec7b     0000548c     000051a2   release_pem4f.oem4f (.text:ti_sysbios_BIOS_rtsUnlock__I)
ti_sysbios_knl_Swi_restore__E  $Tramp$TT$L$PI$$ti_sysbios_knl_Swi_restore__E
   1002db61     00005494     00005002   dpl_cc13x2.a : PowerCC26X2_tirtos.oem4f (.text:PowerCC26XX_schedulerRestore)
ti_sysbios_BIOS_RtsGateProxy_enter__E  $Tramp$TT$L$PI$$ti_sysbios_BIOS_RtsGateProxy_enter__E
   1002ec77     0000549c     00004f2e   release_pem4f.oem4f (.text:ti_sysbios_BIOS_rtsLock__I)
ti_sysbios_knl_Clock_TimerProxy_getCurrentTick__E  $Tramp$TT$L$PI$$ti_sysbios_knl_Clock_TimerProxy_getCurrentTick__E
   1002eac5     000054a4     00004ce2   rom_sysbios.aem4f : rom_sysbios.obj (.text:ti_sysbios_knl_Clock_getTicksUntilInterrupt__E)
ti_sysbios_knl_Task_delete  $Tramp$TT$L$PI$$ti_sysbios_knl_Task_delete
   1002ece7     000054ac     00004c8c   rom_sysbios.aem4f : rom_sysbios.obj (.text:_pthread_delete$45)
ti_sysbios_knl_Semaphore_destruct  $Tramp$TT$L$PI$$ti_sysbios_knl_Semaphore_destruct
   1002e6fd     000054b4     00004c80   rom_sysbios.aem4f : rom_sysbios.obj (.text:_pthread_delete$45)
ti_sysbios_knl_Task_startup__E  $Tramp$TT$L$PI$$ti_sysbios_knl_Task_startup__E
   1002eceb     000054bc     00004b54   release_pem4f.oem4f (.text:ti_sysbios_BIOS_startFunc__I)
ti_sysbios_knl_Swi_startup__E  $Tramp$TT$L$PI$$ti_sysbios_knl_Swi_startup__E
   1002ec6b     000054c4     00004b50   release_pem4f.oem4f (.text:ti_sysbios_BIOS_startFunc__I)
ti_sysbios_hal_Hwi_startup__E  $Tramp$TT$L$PI$$ti_sysbios_hal_Hwi_startup__E
   1002ec31     000054cc     00004b4c   release_pem4f.oem4f (.text:ti_sysbios_BIOS_startFunc__I)
ti_sysbios_family_arm_cc26xx_Timer_startup__E  $Tramp$TT$L$PI$$ti_sysbios_family_arm_cc26xx_Timer_startup__E
   1002dcf1     000054d4     00004b48   release_pem4f.oem4f (.text:ti_sysbios_BIOS_startFunc__I)
xdc_runtime_System_atexit__E  $Tramp$TT$L$PI$$xdc_runtime_System_atexit__E
   1002f559     000054dc     00004b40   release_pem4f.oem4f (.text:ti_sysbios_BIOS_startFunc__I)
ti_sysbios_BIOS_linkedWithIncorrectBootLibrary__E  $Tramp$TT$L$PI$$ti_sysbios_BIOS_linkedWithIncorrectBootLibrary__E
   1002d01b     000054e4     00004b3a   release_pem4f.oem4f (.text:ti_sysbios_BIOS_startFunc__I)
xdc_runtime_Startup_rtsDone__E  $Tramp$TT$L$PI$$xdc_runtime_Startup_rtsDone__E
   1002f8e5     000054ec     00004b32   release_pem4f.oem4f (.text:ti_sysbios_BIOS_startFunc__I)
ti_sysbios_knl_Swi_disable__E  $Tramp$TT$L$PI$$ti_sysbios_knl_Swi_disable__E
   1002ea25     000054f4     00004b02   release_pem4f.oem4f (.text:ti_sysbios_BIOS_atExitFunc__I)
                             00004fea   dpl_cc13x2.a : PowerCC26X2_tirtos.oem4f (.text:PowerCC26XX_schedulerDisable)
ti_sysbios_knl_Task_sleep__E  $Tramp$TT$L$PI$$ti_sysbios_knl_Task_sleep__E
   1002ce01     000054fc     0000499c   rom_sysbios.aem4f : rom_sysbios.obj (.text:usleep)
ti_sysbios_family_arm_m3_Hwi_construct  $Tramp$TT$L$PI$$ti_sysbios_family_arm_m3_Hwi_construct
   1002d421     00005504     0000470a   rom_sysbios.aem4f : rom_sysbios.obj (.text:ti_sysbios_family_arm_m3_Hwi_construct2__E)
ti_sysbios_family_arm_m3_Hwi_Params__init__S  $Tramp$TT$L$PI$$ti_sysbios_family_arm_m3_Hwi_Params__init__S
   1002eb49     0000550c     00004654   dpl_cc13x2.a : HwiP_tirtos.oem4f (.text:HwiP_construct)
ti_sysbios_knl_Clock_construct  $Tramp$TT$L$PI$$ti_sysbios_knl_Clock_construct
   1002dd8d     00005514     0000452e   dpl_cc13x2.a : ClockP_tirtos.oem4f (.text:ClockP_construct)
ti_sysbios_knl_Clock_Params__init__S  $Tramp$TT$L$PI$$ti_sysbios_knl_Clock_Params__init__S
   1002eb9d     0000551c     00004514   dpl_cc13x2.a : ClockP_tirtos.oem4f (.text:ClockP_construct)
ti_sysbios_heaps_HeapMem_Module_GateProxy_leave__E  $Tramp$TT$L$PI$$ti_sysbios_heaps_HeapMem_Module_GateProxy_leave__E
   1002ecaf     00005524     00003daa   rom_sysbios.aem4f : rom_sysbios.obj (.text:ti_sysbios_heaps_HeapMem_alloc__E)
ti_sysbios_heaps_HeapMem_Module_GateProxy_enter__E  $Tramp$TT$L$PI$$ti_sysbios_heaps_HeapMem_Module_GateProxy_enter__E
   1002ecab     0000552c     00003d94   rom_sysbios.aem4f : rom_sysbios.obj (.text:ti_sysbios_heaps_HeapMem_alloc__E)
xdc_runtime_System_exit__E  $Tramp$TT$L$PI$$xdc_runtime_System_exit__E
   1002f7b1     00005534     00003d14   boot.aem4f : boot.oem4f (.text)
                             0000522e   release_pem4f.oem4f (.text:ti_sysbios_BIOS_exitFunc__I)
ti_sysbios_heaps_HeapMem_restore__E  $Tramp$TT$L$PI$$ti_sysbios_heaps_HeapMem_restore__E
   1002eb13     0000553c     00003b00   rom_sysbios.aem4f : rom_sysbios.obj (.text:ti_sysbios_heaps_HeapMem_initPrimary__I)
ti_sysbios_heaps_HeapMem_Object__get__S  $Tramp$TT$L$PI$$ti_sysbios_heaps_HeapMem_Object__get__S
   1002e275     00005544     00003ad0   rom_sysbios.aem4f : rom_sysbios.obj (.text:ti_sysbios_heaps_HeapMem_initPrimary__I)
ti_sysbios_BIOS_start__E  $Tramp$TT$L$PI$$ti_sysbios_BIOS_start__E
   1002eaa5     0000554c     000039ee   main_tirtos.obj (.text:main)
xdc_runtime_Error_raiseX__E  $Tramp$TT$L$PI$$xdc_runtime_Error_raiseX__E
   1002f739     00005554     000030e6   rom_sysbios.aem4f : rom_sysbios.obj (.text:ti_sysbios_family_arm_m3_Hwi_excHandlerMin__I)
                             00003dc4                     : rom_sysbios.obj (.text:ti_sysbios_heaps_HeapMem_alloc__E)
ti_sysbios_BIOS_setThreadType__E  $Tramp$TT$L$PI$$ti_sysbios_BIOS_setThreadType__E
   1002ea11     0000555c     000030a6   rom_sysbios.aem4f : rom_sysbios.obj (.text:ti_sysbios_family_arm_m3_Hwi_excHandlerMin__I)
                             00004b0c   release_pem4f.oem4f (.text:ti_sysbios_BIOS_atExitFunc__I)
                             00005228   release_pem4f.oem4f (.text:ti_sysbios_BIOS_exitFunc__I)
ti_sysbios_family_arm_m3_Hwi_excFillContext__I  $Tramp$TT$L$PI$$ti_sysbios_family_arm_m3_Hwi_excFillContext__I
   1002bda9     00005564     000030a0   rom_sysbios.aem4f : rom_sysbios.obj (.text:ti_sysbios_family_arm_m3_Hwi_excHandlerMin__I)
ti_sysbios_knl_Semaphore_post__E  $Tramp$TT$L$PI$$ti_sysbios_knl_Semaphore_post__E
   1002cd21     0000556c     00002dc6   rom_sysbios.aem4f : rom_sysbios.obj (.text:_pthread_removeThreadKeys)
                             00003d5c                     : rom_sysbios.obj (.text:pthread_exit)
xdc_runtime_Memory_free__E  $Tramp$TT$L$PI$$xdc_runtime_Memory_free__E
   1002f81d     00005574     00002dbc   rom_sysbios.aem4f : rom_sysbios.obj (.text:_pthread_removeThreadKeys)
                             00004c98                     : rom_sysbios.obj (.text:_pthread_delete$45)
                             000050e6   release_pem4f.oem4f (.text:free)
ti_sysbios_knl_Queue_next__E  $Tramp$TT$L$PI$$ti_sysbios_knl_Queue_next__E
   1002ecd7     0000557c     00002d96   rom_sysbios.aem4f : rom_sysbios.obj (.text:_pthread_removeThreadKeys)
ti_sysbios_knl_Queue_head__E  $Tramp$TT$L$PI$$ti_sysbios_knl_Queue_head__E
   1002ecd3     00005584     00002d82   rom_sysbios.aem4f : rom_sysbios.obj (.text:_pthread_removeThreadKeys)
ti_sysbios_knl_Semaphore_pend__E  $Tramp$TT$L$PI$$ti_sysbios_knl_Semaphore_pend__E
   1002bfb1     0000558c     00002d7c   rom_sysbios.aem4f : rom_sysbios.obj (.text:_pthread_removeThreadKeys)
ti_sysbios_knl_Task_restore__E  $Tramp$TT$L$PI$$ti_sysbios_knl_Task_restore__E
   1002df45     00005594     000029da   rom_sysbios.aem4f : rom_sysbios.obj (.text:ti_sysbios_knl_Task_setPri__E)
                             00002d70                     : rom_sysbios.obj (.text:_pthread_removeThreadKeys)
                             00002dd0                     : rom_sysbios.obj (.text:_pthread_removeThreadKeys)
                             00003d6e                     : rom_sysbios.obj (.text:pthread_exit)
                             00004e20                     : rom_sysbios.obj (.text:_pthread_cleanupFxn)
                             0000500a   dpl_cc13x2.a : PowerCC26X2_tirtos.oem4f (.text:PowerCC26XX_schedulerRestore)
ti_sysbios_knl_Queue_enqueue__E  $Tramp$TT$L$PI$$ti_sysbios_knl_Queue_enqueue__E
   1002ebd9     0000559c     000029ac   rom_sysbios.aem4f : rom_sysbios.obj (.text:ti_sysbios_knl_Task_setPri__E)
ti_sysbios_knl_Queue_empty__E  $Tramp$TT$L$PI$$ti_sysbios_knl_Queue_empty__E
   1002eb21     000055a4     00002994   rom_sysbios.aem4f : rom_sysbios.obj (.text:ti_sysbios_knl_Task_setPri__E)
                             00002d68                     : rom_sysbios.obj (.text:_pthread_removeThreadKeys)
ti_sysbios_knl_Queue_remove__E  $Tramp$TT$L$PI$$ti_sysbios_knl_Queue_remove__E
   1002eb2f     000055ac     0000298e   rom_sysbios.aem4f : rom_sysbios.obj (.text:ti_sysbios_knl_Task_setPri__E)
                             00002d9e                     : rom_sysbios.obj (.text:_pthread_removeThreadKeys)
                             00002da4                     : rom_sysbios.obj (.text:_pthread_removeThreadKeys)
ti_sysbios_knl_Task_disable__E  $Tramp$TT$L$PI$$ti_sysbios_knl_Task_disable__E
   1002ea4d     000055b4     00002954   rom_sysbios.aem4f : rom_sysbios.obj (.text:ti_sysbios_knl_Task_setPri__E)
                             00002d5e                     : rom_sysbios.obj (.text:_pthread_removeThreadKeys)
                             00003d62                     : rom_sysbios.obj (.text:pthread_exit)
                             00004b06   release_pem4f.oem4f (.text:ti_sysbios_BIOS_atExitFunc__I)
                             00004e12   rom_sysbios.aem4f : rom_sysbios.obj (.text:_pthread_cleanupFxn)
                             00004fe2   dpl_cc13x2.a : PowerCC26X2_tirtos.oem4f (.text:PowerCC26XX_schedulerDisable)
ti_sysbios_knl_Clock_stop__E  $Tramp$TT$L$PI$$ti_sysbios_knl_Clock_stop__E
   1002e2c5     000055bc     0000240a   dpl_cc13x2.a : PowerCC26X2_tirtos.oem4f (.text:PowerCC26XX_standbyPolicy)
                             00005430                : ClockP_tirtos.oem4f (.text:ClockP_stop)
ti_sysbios_knl_Clock_start__E  $Tramp$TT$L$PI$$ti_sysbios_knl_Clock_start__E
   1002e9e7     000055c4     000023f6   dpl_cc13x2.a : PowerCC26X2_tirtos.oem4f (.text:PowerCC26XX_standbyPolicy)
                             0000542c                : ClockP_tirtos.oem4f (.text:ClockP_start)
ti_sysbios_knl_Clock_setTimeout__E  $Tramp$TT$L$PI$$ti_sysbios_knl_Clock_setTimeout__E
   1002ecc3     000055cc     000023f0   dpl_cc13x2.a : PowerCC26X2_tirtos.oem4f (.text:PowerCC26XX_standbyPolicy)
ti_sysbios_family_arm_m3_Hwi_restoreFxn__E  $Tramp$TT$L$PI$$ti_sysbios_family_arm_m3_Hwi_restoreFxn__E
   1002ec47     000055d4     000021fa   drivers_cc13x2.a : GPIOCC26XX.oem4f (.text:GPIO_init)
                             0000229a                    : GPIOCC26XX.oem4f (.text:GPIO_init)
                             0000250c                    : PowerCC26X2.oem4f (.text:Power_releaseDependency)
                             00002682                    : PowerCC26X2.oem4f (.text:Power_setDependency)
                             0000281c                    : PWMTimerCC26XX.oem4f (.text:PWMTimerCC26XX_open)
                             0000282a                    : PWMTimerCC26XX.oem4f (.text:PWMTimerCC26XX_open)
                             00002a7a                    : PWMTimerCC26XX.oem4f (.text:PWMTimerCC26XX_setDutyAndPeriod)
                             00002c92                    : GPTimerCC26XX.oem4f (.text:GPTimerCC26XX_open)
                             00002cae                    : GPTimerCC26XX.oem4f (.text:GPTimerCC26XX_open)
                             00003568                    : GPIOCC26XX.oem4f (.text:GPIO_setConfig)
                             0000358e                    : GPIOCC26XX.oem4f (.text:GPIO_setConfig)
                             00003ba8                    : GPTimerCC26XX.oem4f (.text:GPTimerCC26XX_stop)
                             00003bb6                    : GPTimerCC26XX.oem4f (.text:GPTimerCC26XX_stop)
                             00003ca2                    : PowerCC26X2_calibrateRCOSC.oem4f (.text:PowerCC26X2_initiateCalibration)
                             000040f8                    : GPTimerCC26XX.oem4f (.text:GPTimerCC26XX_start)
                             00004104                    : GPTimerCC26XX.oem4f (.text:GPTimerCC26XX_start)
                             00004336                    : PowerCC26X2.oem4f (.text:switchXOSCHF)
                             0000445e                    : PWM.oem4f (.text:PWM_init)
                             00004a3a                    : GPTimerCC26XX.oem4f (.text:GPTimerCC26XX_close)
                             00004a64                    : PowerCC26X2.oem4f (.text:Power_releaseConstraint)
                             00004a94                    : PowerCC26X2.oem4f (.text:Power_setConstraint)
                             00004d44                    : GPIOCC26XX.oem4f (.text:GPIO_setMux)
ti_sysbios_knl_Task_create  $Tramp$TT$L$PI$$ti_sysbios_knl_Task_create
   1002d529     000055dc     000021a6   rom_sysbios.aem4f : rom_sysbios.obj (.text:pthread_create)
ti_sysbios_knl_Semaphore_construct  $Tramp$TT$L$PI$$ti_sysbios_knl_Semaphore_construct
   1002ddc1     000055e4     0000219c   rom_sysbios.aem4f : rom_sysbios.obj (.text:pthread_create)
ti_sysbios_knl_Semaphore_Params__init__S  $Tramp$TT$L$PI$$ti_sysbios_knl_Semaphore_Params__init__S
   1002ebe5     000055ec     0000218a   rom_sysbios.aem4f : rom_sysbios.obj (.text:pthread_create)
ti_sysbios_knl_Queue_construct  $Tramp$TT$L$PI$$ti_sysbios_knl_Queue_construct
   1002dee5     000055f4     0000217e   rom_sysbios.aem4f : rom_sysbios.obj (.text:pthread_create)
xdc_runtime_Memory_alloc__E  $Tramp$TT$L$PI$$xdc_runtime_Memory_alloc__E
   1002f289     000055fc     00002126   rom_sysbios.aem4f : rom_sysbios.obj (.text:pthread_create)
                             00004bdc   release_pem4f.oem4f (.text:ti_sysbios_rts_MemAlloc_alloc)
ti_sysbios_knl_Task_Params__init__S  $Tramp$TT$L$PI$$ti_sysbios_knl_Task_Params__init__S
   1002ec09     00005604     00002112   rom_sysbios.aem4f : rom_sysbios.obj (.text:pthread_create)
xdc_runtime_System_doPrint__I  $Tramp$TT$L$PI$$xdc_runtime_System_doPrint__I
   1002ecf1     0000560c     00001582   release_pem4f.oem4f (.text:xdc_runtime_System_printfExtend__I)
strlen                    $Tramp$TT$L$PI$$strlen
   1002fddb     00005614     00000058   rtsv7M4_T_le_v4SPD16_eabi.lib : _printfi.c.obj (.text:__TI_printfi)
                             0000088e                                 : _printfi.c.obj (.text:__TI_printfi)
                             000008e6                                 : _printfi.c.obj (.text:__TI_printfi)
                             000008f4                                 : _printfi.c.obj (.text:__TI_printfi)
                             00000c5c                                 : _printfi.c.obj (.text:_pconv_a)
                             00000e4c                                 : _printfi.c.obj (.text:_pconv_g)
                             000018f8                                 : _printfi.c.obj (.text:_pconv_e)
                             0000191e                                 : _printfi.c.obj (.text:_pconv_e)
                             00001d16                                 : fputs.c.obj (.text:fputs)
                             00002720                                 : _printfi.c.obj (.text:_ltostr)
                             0000345e                                 : _printfi.c.obj (.text:_mcpy)
                             000035ba                                 : hostrename.c.obj (.text:HOSTrename)
                             000035cc                                 : hostrename.c.obj (.text:HOSTrename)
                             00003964                                 : hostopen.c.obj (.text:HOSTopen)
                             000043b0                                 : hostunlink.c.obj (.text:HOSTunlink)
                             00004680                                 : _printfi.c.obj (.text:_fcpy)

[56 trampolines]
[117 trampoline calls]


GLOBAL SYMBOLS: SORTED ALPHABETICALLY BY Name 

address   name                                                               
-------   ----                                                               
00005235  Board_init                                                         
00000a8b  Board_initHook                                                     
00003ddd  Board_sendExtFlashByte                                             
00003e89  Board_shutDownExtFlash                                             
000049e1  Board_wakeUpExtFlash                                               
0000475b  C$$IO$$                                                            
00005cb2  CONFIG_GPIO_LED_0_CONST                                            
00005cb3  CONFIG_GPIO_PWM_0_CONST                                            
00005cb6  CONFIG_GPTIMER_0_CONST                                             
00005cb4  CONFIG_PWM_0_CONST                                                 
000053cd  ClockP_Params_init                                                 
000044f9  ClockP_construct                                                   
00005429  ClockP_getCpuFreq                                                  
00005355  ClockP_getSystemTickPeriod                                         
1002dc11  ClockP_getSystemTicks                                              
0000542d  ClockP_start                                                       
00005431  ClockP_stop                                                        
00005c60  GPIO_config                                                        
000050ed  GPIO_disableInt                                                    
00003fd9  GPIO_hwiIntFxn                                                     
000021e1  GPIO_init                                                          
00005cb0  GPIO_pinLowerBound                                                 
00005cb1  GPIO_pinUpperBound                                                 
00004c21  GPIO_resetConfig                                                   
00005105  GPIO_setCallback                                                   
00003535  GPIO_setConfig                                                     
00004d29  GPIO_setMux                                                        
000052f9  GPIO_setUserArg                                                    
00005309  GPIO_write                                                         
000052c1  GPTimerCC26XX_Params_init                                          
00004a11  GPTimerCC26XX_close                                                
00005c70  GPTimerCC26XX_config                                               
00004841  GPTimerCC26XX_configureDebugStall                                  
0000540d  GPTimerCC26XX_getValue                                             
00002c49  GPTimerCC26XX_open                                                 
000053f5  GPTimerCC26XX_setLoadValue                                         
000053fd  GPTimerCC26XX_setMatchValue                                        
000040c5  GPTimerCC26XX_start                                                
00003b75  GPTimerCC26XX_stop                                                 
00005cb7  GPTimer_count                                                      
00004000  HEAPSIZE                                                           
00004361  HOSTclose                                                          
00003679  HOSTlseek                                                          
00003945  HOSTopen                                                           
00003bcd  HOSTread                                                           
000035a1  HOSTrename                                                         
000043a5  HOSTunlink                                                         
00003c25  HOSTwrite                                                          
00005319  HwiP_Params_init                                                   
00004639  HwiP_construct                                                     
00005435  HwiP_disable                                                       
1002ec47  HwiP_restore                                                       
UNDEFED   ITM_flush                                                          
UNDEFED   ITM_restore                                                        
00004875  NOROM_AUXSYSIFOpModeChange                                         
00005361  NOROM_CPUcpsid                                                     
0000536d  NOROM_CPUcpsie                                                     
00005413  NOROM_CPUdelay                                                     
00004fc5  NOROM_ChipInfo_GetChipFamily                                       
000043e9  NOROM_ChipInfo_GetHwRevision                                       
00002cd1  NOROM_OSCHF_AttemptToSwitchToXosc                                  
000036e1  NOROM_OSCHF_SwitchToRcOscTurnOffXosc                               
00004dc9  NOROM_OSCHF_TurnOnXosc                                             
00004ded  NOROM_OSC_CapArrayAdjustWorkaround_Boot                            
00004539  NOROM_OSC_HPOSCRelativeFrequencyOffsetGet                          
00003edd  NOROM_PRCMPowerDomainsAllOff                                       
00004111  NOROM_PRCMPowerDomainsAllOn                                        
0000252d  NOROM_SetupTrimDevice                                              
000048a9  NOROM_SysCtrlIdle                                                  
00003109  NOROM_SysCtrlSetRechargeBeforePowerDown                            
00002005  NOROM_SysCtrlStandby                                               
000051dd  NOROM_ThisLibraryIsFor_CC13x2_CC26x2_HwRev20AndLater_HaltIfViolated
UNDEFED   PIN_hwi_bypass                                                     
00005051  PWMTimerCC26XX_close                                               
0000506b  PWMTimerCC26XX_control                                             
00005bbc  PWMTimerCC26XX_fxnTable                                            
00001083  PWMTimerCC26XX_init                                                
00002805  PWMTimerCC26XX_open                                                
00004241  PWMTimerCC26XX_setDuty                                             
000029ed  PWMTimerCC26XX_setDutyAndPeriod                                    
00003a05  PWMTimerCC26XX_setPeriod                                           
00004f89  PWMTimerCC26XX_start                                               
00005085  PWMTimerCC26XX_stop                                                
00005249  PWM_Params_init                                                    
00005c7c  PWM_config                                                         
00005cb5  PWM_count                                                          
00005c20  PWM_defaultParams                                                  
0000442d  PWM_init                                                           
00004579  PWM_open                                                           
000053d7  PWM_setDuty                                                        
000053e1  PWM_start                                                          
00004289  PowerCC26X2_RCOSC_clockFunc                                        
0000336d  PowerCC26X2_auxISR                                                 
0000525d  PowerCC26X2_calibrate                                              
00005c38  PowerCC26X2_config                                                 
00003c7d  PowerCC26X2_initiateCalibration                                    
[...]
1002eb6d  ti_sysbios_gates_GateHwi_enter__E                                  
1002eb79  ti_sysbios_BIOS_RtsGateProxy_Params__init__S                       
1002eb79  ti_sysbios_gates_GateMutex_Params__init__S                         
1002eb79  ti_sysbios_heaps_HeapMem_Module_GateProxy_Params__init__S          
1002eb85  ti_sysbios_heaps_HeapTrack_Params__init__S                         
1002eb91  ti_sysbios_heaps_HeapTrack_isBlocking__E                           
1002eb9d  ti_sysbios_knl_Clock_Params__init__S                               
1002eba9  ti_sysbios_knl_Clock_getTimerHandle__E                             
1002ebb5  ti_sysbios_knl_Event_Params__init__S                               
1002ebc1  ti_sysbios_knl_Mailbox_Params__init__S                             
1002ebcd  ti_sysbios_knl_Queue_dequeue__E                                    
1002ebd9  ti_sysbios_knl_Queue_enqueue__E                                    
1002ebe5  ti_sysbios_knl_Semaphore_Params__init__S                           
1002ebf1  ti_sysbios_knl_Swi_Params__init__S                                 
1002ebfd  ti_sysbios_knl_Swi_self__E                                         
1002ec09  ti_sysbios_knl_Task_Params__init__S                                
1002ec15  ti_sysbios_hal_Hwi_Instance_finalize__E                            
1002ec1f  ti_sysbios_knl_Event_Instance_init__E                              
1002ec29  ti_sysbios_family_arm_m3_Hwi_doSwiRestore__I                       
1002ec31  ti_sysbios_family_arm_m3_Hwi_startup__E                            
1002ec31  ti_sysbios_hal_Hwi_HwiProxy_startup__E                             
1002ec31  ti_sysbios_hal_Hwi_HwiProxy_startup__E                             
1002ec31  ti_sysbios_hal_Hwi_startup__E                                      
1002ec31  ti_sysbios_hal_Hwi_startup__E                                      
1002ec39  ti_sysbios_knl_Idle_loop__E                                        
1002ec41  ti_sysbios_family_arm_m3_Hwi_doTaskRestore__I                      
1002ec47  HwiP_restore                                                       
1002ec47  ti_sysbios_family_arm_m3_Hwi_restoreFxn__E                         
1002ec4d  ti_sysbios_gates_GateHwi_leave__E                                  
1002ec53  ti_sysbios_gates_GateMutex_Instance_finalize__E                    
1002ec59  ti_sysbios_heaps_HeapMem_isBlocking__E                             
1002ec5f  ti_sysbios_knl_Queue_Instance_init__E                              
1002ec65  ti_sysbios_knl_Queue_elemClear__E                                  
1002ec6b  ti_sysbios_knl_Swi_startup__E                                      
1002ec71  ti_sysbios_knl_Task_enable__E                                      
1002ec77  ti_sysbios_BIOS_RtsGateProxy_enter__E                              
1002ec7b  ti_sysbios_BIOS_RtsGateProxy_leave__E                              
1002ec7f  ti_sysbios_family_arm_cc26xx_Timer_getExpiredTicks__E              
1002ec83  ti_sysbios_family_arm_cc26xx_Timer_getPeriod__E                    
1002ec87  ti_sysbios_family_arm_cc26xx_Timer_setPeriod__E                    
1002ec8b  ti_sysbios_family_arm_m3_Hwi_delete                                
1002ec8f  ti_sysbios_family_arm_m3_TaskSupport_Module__startupDone__S        
1002ec8f  ti_sysbios_knl_Task_SupportProxy_Module__startupDone__S            
1002ec93  ti_sysbios_gates_GateHwi_query__E                                  
1002ec93  xdc_runtime_Main_Module_GateProxy_query__E                         
1002ec93  xdc_runtime_System_Module_GateProxy_query__E                       
1002ec93  xdc_runtime_System_Module_GateProxy_query__E                       
1002ec97  ti_sysbios_gates_GateMutex_delete                                  
1002ec9b  ti_sysbios_BIOS_RtsGateProxy_query__E                              
1002ec9b  ti_sysbios_BIOS_RtsGateProxy_query__E                              
1002ec9b  ti_sysbios_gates_GateMutex_query__E                                
1002ec9b  ti_sysbios_heaps_HeapMem_Module_GateProxy_query__E                 
1002ec9b  ti_sysbios_heaps_HeapMem_Module_GateProxy_query__E                 
1002ec9f  ti_sysbios_hal_Hwi_HwiProxy_create                                 
1002eca3  ti_sysbios_hal_Hwi_HwiProxy_delete                                 
1002eca7  ti_sysbios_hal_Hwi_delete                                          
1002ecab  ti_sysbios_heaps_HeapMem_Module_GateProxy_enter__E                 
1002ecaf  ti_sysbios_heaps_HeapMem_Module_GateProxy_leave__E                 
1002ecb3  ti_sysbios_knl_Clock_TimerProxy_getExpiredTicks__E                 
1002ecb7  ti_sysbios_knl_Clock_TimerProxy_getPeriod__E                       
1002ecbb  ti_sysbios_knl_Clock_delete                                        
1002ecbf  ti_sysbios_knl_Clock_removeI__E                                    
1002ecc3  ti_sysbios_knl_Clock_setTimeout__E                                 
1002ecc7  ti_sysbios_knl_Event_delete                                        
1002eccb  ti_sysbios_knl_Mailbox_delete                                      
1002eccf  ti_sysbios_knl_Queue_delete                                        
1002ecd3  ti_sysbios_knl_Queue_head__E                                       
1002ecd7  ti_sysbios_knl_Queue_next__E                                       
1002ecdb  ti_sysbios_knl_Semaphore_delete                                    
1002ecdf  ti_sysbios_knl_Swi_delete                                          
1002ece3  ti_sysbios_knl_Swi_postInit__I                                     
1002ece7  ti_sysbios_knl_Task_delete                                         
1002eceb  ti_sysbios_knl_Task_startup__E                                     
1002ecf1  xdc_runtime_System_doPrint__I                                      
1002f055  xdc_runtime_Startup_startMods__I                                   
1002f15d  xdc_runtime_Text_putSite__E                                        
1002f1f7  xdc_runtime_Error_policySpin__E                                    
1002f1f9  xdc_runtime_Text_putMod__E                                         
1002f289  xdc_runtime_Memory_alloc__E                                        
1002f2f9  xdc_runtime_Core_createObject__I                                   
1002f367  xdc_runtime_Core_deleteObject__I                                   
1002f3c5  xdc_runtime_Text_putLab__E                                         
1002f421  xdc_runtime_Assert_raise__I                                        
1002f475  xdc_runtime_Startup_exec__E                                        
1002f4c9  xdc_runtime_Core_assignParams__I                                   
1002f511  xdc_runtime_Core_constructObject__I                                
1002f559  xdc_runtime_System_atexit__E                                       
1002f5a1  xdc_runtime_Text_xprintf__I                                        
1002f5e5  xdc_runtime_System_processAtExit__E                                
1002f625  xdc_runtime_System_putchar__I                                      
1002f659  xdc_runtime_Core_assignLabel__I                                    
1002f689  xdc_runtime_Text_printVisFxn__I                                    
1002f6b9  xdc_runtime_System_vprintf__E                                      
1002f6e5  xdc_runtime_Text_cordText__E                                       
1002f711  xdc_runtime_System_abort__E                                        
1002f739  xdc_runtime_Error_raiseX__E                                        
1002f759  xdc_runtime_Registry_findById__E                                   
1002f779  xdc_runtime_Error_check__E                                         
1002f795  xdc_runtime_Memory_valloc__E                                       
1002f7b1  xdc_runtime_System_exit__E                                         
1002f7cd  xdc_runtime_Text_ropeText__E                                       
1002f7e9  xdc_runtime_System_printf__E                                       
1002f803  xdc_runtime_Core_destructObject__I                                 
1002f81b  xdc_runtime_System_abortSpin__E                                    
1002f81d  xdc_runtime_Memory_free__E                                         
1002f831  xdc_runtime_Memory_getStats__E                                     
1002f845  xdc_runtime_SysCallback_abort__E                                   
1002f845  xdc_runtime_System_SupportProxy_abort__E                           
1002f859  xdc_runtime_SysCallback_exit__E                                    
1002f859  xdc_runtime_System_SupportProxy_exit__E                            
1002f86d  xdc_runtime_SysCallback_flush__E                                   
1002f86d  xdc_runtime_System_SupportProxy_flush__E                           
1002f86d  xdc_runtime_System_flush__E                                        
1002f881  xdc_runtime_SysCallback_putch__E                                   
1002f881  xdc_runtime_System_SupportProxy_putch__E                           
1002f895  xdc_runtime_SysCallback_ready__E                                   
1002f895  xdc_runtime_System_SupportProxy_ready__E                           
1002f8a9  xdc_runtime_Memory_getMaxDefaultTypeAlign__E                       
1002f8b9  xdc_runtime_System_vsnprintf__E                                    
1002f8c9  xdc_runtime_Timestamp_SupportProxy_get32__E                        
1002f8c9  xdc_runtime_Timestamp_SupportProxy_get32__E                        
1002f8c9  xdc_runtime_Timestamp_get32__E                                     
1002f8c9  xdc_runtime_Timestamp_get32__E                                     
1002f8d9  xdc_runtime_Memory_calloc__E                                       
1002f8e5  xdc_runtime_Startup_rtsDone__E                                     
1002f8f1  xdc_runtime_Memory_HeapProxy_alloc__E                              
1002f8fb  xdc_runtime_Memory_HeapProxy_free__E                               
1002f905  xdc_runtime_Memory_HeapProxy_getStats__E                           
1002f90f  xdc_runtime_Gate_leaveSystem__E                                    
1002f915  xdc_runtime_System_Module_startup__E                               
1002f91b  xdc_runtime_Gate_enterSystem__E                                    
1002f91f  xdc_runtime_SysCallback_Module__startupDone__S                     
1002f91f  xdc_runtime_System_SupportProxy_Module__startupDone__S             
1002f923  xdc_runtime_System_Module_GateProxy_enter__E                       
1002f927  xdc_runtime_System_Module_GateProxy_leave__E                       
1002f92b  xdc_runtime_System_printf_va__F                                    
1002f92f  xdc_runtime_System_exitSpin__E                                     
1002f931  ti_sysbios_family_arm_m3_Hwi_dispatch__I                           
1002fa11  ti_sysbios_family_arm_m3_Hwi_interruptsAreDisabledButShouldNotBe   
1002fa2d  ti_sysbios_family_arm_m3_TaskSupport_buildTaskStack                
1002fab9  ti_sysbios_family_arm_m3_Hwi_initStacks__E                         
1002fb11  ti_sysbios_family_arm_m3_Hwi_pendSV__I                             
1002fb35  ti_sysbios_family_arm_m3_Hwi_return                                
1002fb39  ti_sysbios_family_arm_m3_Hwi_excHandlerAsm__I                      
1002fb59  ti_sysbios_family_xxx_Hwi_switchAndRunFunc                         
1002fb77  ti_sysbios_family_arm_m3_TaskSupport_swap__E                       
1002fb77  ti_sysbios_knl_Task_SupportProxy_swap__E                           
1002fb77  ti_sysbios_knl_Task_SupportProxy_swap__E                           
1002fb83  ti_sysbios_knl_Task_swapReturn                                     
1002fb8f  ti_sysbios_family_arm_m3_TaskSupport_glue                          
1002fba0  ti_sysbios_knl_Task_Object__PARAMS__C                              
1002fbdc  ti_sysbios_knl_Mailbox_Object__PARAMS__C                           
1002fc10  ti_sysbios_family_arm_m3_Hwi_Object__PARAMS__C                     
1002fc40  ti_sysbios_hal_Hwi_Object__PARAMS__C                               
1002fc6c  ti_sysbios_knl_Swi_Object__PARAMS__C                               
1002fc94  ti_sysbios_heaps_HeapMem_Object__PARAMS__C                         
1002fcb8  ti_sysbios_knl_Clock_Object__PARAMS__C                             
1002fcdc  ti_sysbios_knl_Semaphore_Object__PARAMS__C                         
1002fd00  ti_sysbios_gates_GateHwi_Object__PARAMS__C                         
1002fd18  ti_sysbios_gates_GateMutex_Object__PARAMS__C                       
1002fd30  ti_sysbios_knl_Event_Object__PARAMS__C                             
1002fd48  ti_sysbios_knl_Queue_Object__PARAMS__C                             
1002fd80  ti_sysbios_heaps_HeapTrack_Object__PARAMS__C                       
1002fd9c  ti_sysbios_heaps_HeapTrack_Instance_State_trackQueue__O            
1002fda0  ti_sysbios_heaps_HeapTrack_Module__diagsEnabled__C                 
1002fda4  ti_sysbios_heaps_HeapTrack_Module__diagsIncluded__C                
1002fda8  ti_sysbios_heaps_HeapTrack_Module__diagsMask__C                    
1002fddb  strlen                                                             
20000000  __start___llvm_prf_cnts                                            
20000000  __stop___llvm_prf_cnts                                             
20000000  ti_sysbios_family_arm_m3_Hwi_ramVectors                            
20000100  xdcRomConstPtr                                                     
20000104  xdcRomExternFuncPtr                                                
20000108  xdcRomStatePtr                                                     
20000110  __primary_heap_start__                                             
20004110  PowerCC26X2_module                                                 
20004110  __primary_heap_end__                                               
20004280  ROM_stateStruct                                                    
20004280  ti_sysbios_knl_Clock_Module__state__V                              
200042ac  ti_sysbios_family_arm_cc26xx_TimestampProvider_Module__state__V    
200042b0  xdc_runtime_Startup_Module__state__V                               
200042b8  xdc_runtime_Registry_Module__state__V                              
200042c0  ti_sysbios_BIOS_Module__state__V                                   
200042e4  ti_sysbios_knl_Swi_Module__state__V                                
20004300  ti_sysbios_knl_Task_Module__state__V                               
20004344  xdc_runtime_Memory_Module__state__V                                
20004348  xdc_runtime_System_Module__state__V                                
20004350  ti_sysbios_family_arm_m3_Hwi_Module__state__V                      
20004384  ti_sysbios_family_arm_cc26xx_Timer_Module__state__V                
2000438c  _ftable                                                            
20004530  gpioPinConfigs                                                     
200045ac  _device                                                            
20004624  _stream                                                            
20004674  ti_sysbios_knl_Task_Object__table__V                               
200046c0  ti_sysbios_family_arm_cc26xx_Timer_Object__table__V                
20004708  ti_sysbios_gates_GateMutex_Object__table__V                        
20004740  ti_sysbios_knl_Swi_Module_State_0_readyQ__A                        
20004770  ti_sysbios_knl_Swi_Object__table__V                                
200047a0  ti_sysbios_knl_Task_Module_State_0_readyQ__A                       
200047d0  _hposcCoeffs                                                       
200047f4  ti_sysbios_knl_Clock_Object__table__V                              
20004814  xdc_runtime_Error_IgnoreBlock                                      
20004834  ti_sysbios_family_arm_m3_Hwi_Object__table__V                      
2000484c  ti_sysbios_heaps_HeapMem_Object__table__V                          
20004864  __TI_ft_end                                                        
20004868  __aeabi_stdin                                                      
2000486c  __aeabi_stdout                                                     
20004870  __aeabi_stderr                                                     
20004874  __TI_cleanup_ptr                                                   
20004878  __TI_dtors_ptr                                                     
2000487c  __TI_enable_exit_profile_output                                    
20004880  _lock                                                              
20004884  _unlock                                                            
20004888  ti_sysbios_family_arm_m3_Hwi_Module__root__V                       
20004890  ti_sysbios_gates_GateHwi_Module__root__V                           
20004898  ti_sysbios_gates_GateMutex_Module__root__V                         
200048a0  ti_sysbios_hal_Hwi_Module__root__V                                 
200048a8  ti_sysbios_heaps_HeapMem_Module__root__V                           
200048b0  ti_sysbios_knl_Clock_Module__root__V                               
200048b8  ti_sysbios_knl_Event_Module__root__V                               
200048c0  ti_sysbios_knl_Mailbox_Module__root__V                             
200048c8  ti_sysbios_knl_Queue_Module__root__V                               
200048d0  ti_sysbios_knl_Semaphore_Module__root__V                           
200048d8  ti_sysbios_knl_Swi_Module__root__V                                 
200048e0  ti_sysbios_knl_Task_Module__root__V                                
200048e8  xdc_runtime_System_Module_State_0_atexitHandlers__A                
200048f0  main_func_sp                                                       
200048f4  ti_sysbios_family_arm_m3_Hwi_Module_State_0_excContext__A          
200048f8  ti_sysbios_family_arm_m3_Hwi_Module_State_0_excStack__A            
200048fc  ti_sysbios_knl_Task_Module_State_0_idleTask__A                     
20004900  ti_sysbios_family_arm_m3_Hwi_Module_State_0_excActive__A           
20004908  ti_sysbios_knl_Task_Instance_State_0_stack__A                      
20004b08  __CIOBUF_                                                          
20004c28  ti_sysbios_family_arm_m3_Hwi_dispatchTable                         
20004d00  __TI_tmpnams                                                       
20004da0  gpioCallbackFunctions                                              
20004e1c  gpioUserArgs                                                       
20004e98  gptimerCC26XXObjects                                               
20004ee4  pwmTimerCC26XXObjects                                              
20004f20  parmbuf                                                            
20004f28  PowerCC26XX_swiKey                                                 
20004f2c  PowerCC26XX_taskKey                                                
20013c00  __stack                                                            
20014000  __STACK_END                                                        
e000e000  ti_sysbios_family_arm_m3_Hwi_nvic                                  
ffffffff  __TI_pprof_out_hndl                                                
ffffffff  __TI_prof_data_size                                                
ffffffff  __TI_prof_data_start                                               
ffffffff  __binit__                                                          
ffffffff  __c_args__                                                         
ffffffff  binit                                                              
UNDEFED   ITM_flush                                                          
UNDEFED   ITM_restore                                                        
UNDEFED   PIN_hwi_bypass                                                     
UNDEFED   SHT$$INIT_ARRAY$$Base                                              
UNDEFED   SHT$$INIT_ARRAY$$Limit                                             

[887 symbols]
