******************************************************************************
                  TI ARM Linker Unix v20.2.5                   
******************************************************************************
>> Linked Wed Dec  8 23:59:08 2021

OUTPUT FILE NAME:   <empty_CC1352R1_LAUNCHXL_tirtos_ccs.out>
ENTRY POINT SYMBOL: "ResetISR"  address: 00003975


MEMORY CONFIGURATION

         name            origin    length      used     unused   attr    fill
----------------------  --------  ---------  --------  --------  ----  --------
  FLASH                 00000000   00058000  000057c3  0005283d  R  X
  GPRAM                 11000000   00002000  00000000  00002000  RW X
  SRAM                  20000000   00014000  00005293  0000ed6d  RW X
  LOG_DATA              90000000   00040000  00000000  00040000  R   


SEGMENT ALLOCATION MAP

run origin  load origin   length   init length attrs members
----------  ----------- ---------- ----------- ----- -------
00000000    00000000    00005770   00005770    r-x
  00000000    00000000    0000003c   0000003c    r-- .resetVecs
  0000003c    0000003c    00004ed0   00004ed0    r-x .text
  00004f0c    00004f0c    00000637   00000637    r-- .const
  00005548    00005548    00000228   00000228    r-- .cinit
00057fa8    00057fa8    00000058   00000058    r--
  00057fa8    00057fa8    00000058   00000058    r-- .ccfg
20000100    20000100    0000000c   00000000    rw-
  20000100    20000100    00000004   00000000    rw- .data:xdcRomConstPtr
  20000104    20000104    00000004   00000000    rw- .data:xdcRomExternFuncPtr
  20000108    20000108    00000004   00000000    rw- .data:xdcRomStatePtr
20000110    20000110    00004000   00000000    r--
  20000110    20000110    00004000   00000000    r-- .priheap
20004110    20004110    00000db4   00000000    rw-
  20004110    20004110    000007f3   00000000    rw- .data
  20004908    20004908    000005bc   00000000    rw- .bss
20013c00    20013c00    00000400   00000000    rw-
  20013c00    20013c00    00000400   00000000    rw- .stack


SECTION ALLOCATION MAP

 output                                  attributes/
section   page    origin      length       input sections
--------  ----  ----------  ----------   ----------------
.binit     0    00000000    00000000     

.cinit     0    00005548    00000228     
                  00005548    000001d3     (.cinit..data.load) [load image, compression = lzss]
                  0000571b    00000001     --HOLE-- [fill = 0]
                  0000571c    0000000c     (__TI_handler_table)
                  00005728    00000008     (.cinit..bss.load) [load image, compression = zero_init]
                  00005730    00000008     (.cinit..data:xdcRomConstPtr.load) [load image, compression = lzss]
                  00005738    00000008     (.cinit..data:xdcRomExternFuncPtr.load) [load image, compression = lzss]
                  00005740    00000008     (.cinit..data:xdcRomStatePtr.load) [load image, compression = lzss]
                  00005748    00000028     (__TI_cinit_table)

.init_array 
*          0    00000000    00000000     UNINITIALIZED

.ccfg      0    00057fa8    00000058     
                  00057fa8    00000058     ti_devices_config.obj (.ccfg:retain)

.data      0    20004110    000007f3     UNINITIALIZED
                  20004110    00000170     drivers_cc13x2.a : PowerCC26X2.oem4f (.data:PowerCC26X2_module)
                  20004280    0000010c     release_pem4f.oem4f (.data:ROM_stateStruct)
                  2000438c    000000f0     rtsv7M4_T_le_v4SPD16_eabi.lib : defs.c.obj (.data:_ftable)
                  2000447c    000000b4     rom_sysbios.aem4f : rom_sysbios.obj (.data:$O1$$)
                  20004530    0000007c     ti_drivers_config.obj (.data:gpioPinConfigs)
                  200045ac    00000078     rtsv7M4_T_le_v4SPD16_eabi.lib : host_device.c.obj (.data:_device)
                  20004624    00000050                                   : host_device.c.obj (.data:_stream)
                  20004674    0000004c     release_pem4f.oem4f (.data:ti_sysbios_knl_Task_Object__table__V)
                  200046c0    00000048     release_pem4f.oem4f (.data:ti_sysbios_family_arm_cc26xx_Timer_Object__table__V)
                  20004708    00000038     release_pem4f.oem4f (.data:ti_sysbios_gates_GateMutex_Object__table__V)
                  20004740    00000030     release_pem4f.oem4f (.data:ti_sysbios_knl_Swi_Module_State_0_readyQ__A)
                  20004770    00000030     release_pem4f.oem4f (.data:ti_sysbios_knl_Swi_Object__table__V)
                  200047a0    00000030     release_pem4f.oem4f (.data:ti_sysbios_knl_Task_Module_State_0_readyQ__A)
                  200047d0    00000024     driverlib.lib : osc.obj (.data:$O1$$)
                  200047f4    00000020     release_pem4f.oem4f (.data:ti_sysbios_knl_Clock_Object__table__V)
                  20004814    00000020     release_pem4f.oem4f (.data:xdc_runtime_Error_IgnoreBlock)
                  20004834    00000018     release_pem4f.oem4f (.data:ti_sysbios_family_arm_m3_Hwi_Object__table__V)
                  2000484c    00000018     release_pem4f.oem4f (.data:ti_sysbios_heaps_HeapMem_Object__table__V)
                  20004864    00000010     rtsv7M4_T_le_v4SPD16_eabi.lib : defs.c.obj (.data)
                  20004874    0000000c                                   : exit.c.obj (.data:$O1$$)
                  20004880    00000008                                   : _lock.c.obj (.data:$O1$$)
                  20004888    00000008     release_pem4f.oem4f (.data:ti_sysbios_family_arm_m3_Hwi_Module__root__V)
                  20004890    00000008     release_pem4f.oem4f (.data:ti_sysbios_gates_GateHwi_Module__root__V)
                  20004898    00000008     release_pem4f.oem4f (.data:ti_sysbios_gates_GateMutex_Module__root__V)
                  200048a0    00000008     release_pem4f.oem4f (.data:ti_sysbios_hal_Hwi_Module__root__V)
                  200048a8    00000008     release_pem4f.oem4f (.data:ti_sysbios_heaps_HeapMem_Module__root__V)
                  200048b0    00000008     release_pem4f.oem4f (.data:ti_sysbios_knl_Clock_Module__root__V)
                  200048b8    00000008     release_pem4f.oem4f (.data:ti_sysbios_knl_Event_Module__root__V)
                  200048c0    00000008     release_pem4f.oem4f (.data:ti_sysbios_knl_Mailbox_Module__root__V)
                  200048c8    00000008     release_pem4f.oem4f (.data:ti_sysbios_knl_Queue_Module__root__V)
                  200048d0    00000008     release_pem4f.oem4f (.data:ti_sysbios_knl_Semaphore_Module__root__V)
                  200048d8    00000008     release_pem4f.oem4f (.data:ti_sysbios_knl_Swi_Module__root__V)
                  200048e0    00000008     release_pem4f.oem4f (.data:ti_sysbios_knl_Task_Module__root__V)
                  200048e8    00000008     release_pem4f.oem4f (.data:xdc_runtime_System_Module_State_0_atexitHandlers__A)
                  200048f0    00000004     rtsv7M4_T_le_v4SPD16_eabi.lib : stkdepth_vars.c.obj (.data)
                  200048f4    00000004     release_pem4f.oem4f (.data:ti_sysbios_family_arm_m3_Hwi_Module_State_0_excContext__A)
                  200048f8    00000004     release_pem4f.oem4f (.data:ti_sysbios_family_arm_m3_Hwi_Module_State_0_excStack__A)
                  200048fc    00000004     release_pem4f.oem4f (.data:ti_sysbios_knl_Task_Module_State_0_idleTask__A)
                  20004900    00000002     release_pem4f.oem4f (.data:ti_sysbios_family_arm_m3_Hwi_Module_State_0_excActive__A)
                  20004902    00000001     drivers_cc13x2.a : GPIOCC26XX.oem4f (.data)

.bss       0    20004908    000005bc     UNINITIALIZED
                  20004908    00000200     release_pem4f.oem4f (.bss:taskStackSection)
                  20004b08    00000120     rtsv7M4_T_le_v4SPD16_eabi.lib : trgmsg.c.obj (.bss:_CIOBUF_)
                  20004c28    000000d8     (.common:ti_sysbios_family_arm_m3_Hwi_dispatchTable)
                  20004d00    000000a0     (.common:__TI_tmpnams)
                  20004da0    0000007c     (.common:gpioCallbackFunctions)
                  20004e1c    0000007c     (.common:gpioUserArgs)
                  20004e98    0000001c     drivers_cc13x2.a : GPIOCC26XX.oem4f (.bss:gpioHwi)
                  20004eb4    00000008     (.common:parmbuf)
                  20004ebc    00000004     (.common:PowerCC26XX_swiKey)
                  20004ec0    00000004     (.common:PowerCC26XX_taskKey)

.stack     0    20013c00    00000400     UNINITIALIZED
                  20013c00    00000400     --HOLE--

.priheap   0    20000110    00004000     UNINITIALIZED
                  20000110    00004000     --HOLE--

.log_data 
*          0    90000000    00000000     COPY SECTION

.data:xdcRomConstPtr 
*          0    20000100    00000004     UNINITIALIZED
                  20000100    00000004     release_pem4f.oem4f (.data:xdcRomConstPtr)

.data:xdcRomExternFuncPtr 
*          0    20000104    00000004     UNINITIALIZED
                  20000104    00000004     release_pem4f.oem4f (.data:xdcRomExternFuncPtr)

.data:xdcRomStatePtr 
*          0    20000108    00000004     UNINITIALIZED
                  20000108    00000004     release_pem4f.oem4f (.data:xdcRomStatePtr)

.bootVecs 
*          0    00000000    00000008     DSECT
                  00000000    00000008     boot.aem4f : boot.oem4f (.bootVecs)

.resetVecs 
*          0    00000000    0000003c     
                  00000000    0000003c     release_pem4f.oem4f (.resetVecs)

.vecs      0    20000000    000000d8     NOLOAD SECTION
                  20000000    000000d8     release_pem4f.oem4f (.vecs)

xdc.meta   0    00000000    000000ff     COPY SECTION
                  00000000    000000ff     release_pem4f.oem4f (xdc.meta)

xdc.noload 
*          0    00000000    00000000     COPY SECTION

__llvm_prf_cnts 
*          0    20000000    00000000     UNINITIALIZED

.text      0    0000003c    00004ed0     
                  0000003c    00000a4e     rtsv7M4_T_le_v4SPD16_eabi.lib : _printfi.c.obj (.text:__TI_printfi)
                  00000a8a    00000002     ti_drivers_config.obj (.text:Board_initHook)
                  00000a8c    00000270     rtsv7M4_T_le_v4SPD16_eabi.lib : _printfi.c.obj (.text:_pconv_a)
                  00000cfc    000001d0                                   : _printfi.c.obj (.text:_pconv_g)
                  00000ecc    000001b6                                   : fd_add_t2.asm.obj (.text)
                  00001082    00000002                                   : _lock.c.obj (.text:_nop)
                  00001084    00000198     drivers_cc13x2.a : PowerCC26X2.oem4f (.text:Power_sleep)
                  0000121c    00000190                      : PowerCC26X2_calibrateRCOSC.oem4f (.text:calibrateRcoscHf1)
                  000013ac    0000018c                      : PowerCC26X2_calibrateRCOSC.oem4f (.text:runCalibrateFsm)
                  00001538    00000188     release_pem4f.oem4f (.text:xdc_runtime_System_printfExtend__I)
                  000016c0    0000016c     drivers_cc13x2.a : PowerCC26X2.oem4f (.text:Power_init)
                  0000182c    0000013c     rtsv7M4_T_le_v4SPD16_eabi.lib : _printfi.c.obj (.text:_pconv_e)
                  00001968    00000136                                   : fd_div_t2.asm.obj (.text)
                  00001a9e    00000002     drivers_cc13x2.a : PowerCC26X2.oem4f (.text:emptyClockFunc)
                  00001aa0    00000124     rtsv7M4_T_le_v4SPD16_eabi.lib : _printfi.c.obj (.text:fcvt)
                  00001bc4    00000120     drivers_cc13x2.a : PowerCC26X2.oem4f (.text:configureXOSCHF)
                  00001ce4    00000114     rtsv7M4_T_le_v4SPD16_eabi.lib : fputs.c.obj (.text:fputs)
                  00001df8    00000110                                   : s_scalbn.c.obj (.text:scalbn)
                  00001f08    000000fc                                   : fd_mul_t2.asm.obj (.text)
                  00002004    000000f0     driverlib.lib : sys_ctrl.obj (.text:NOROM_SysCtrlStandby)
                  000020f4    000000ec     rom_sysbios.aem4f : rom_sysbios.obj (.text:pthread_create)
                  000021e0    000000e8     drivers_cc13x2.a : GPIOCC26XX.oem4f (.text:GPIO_init)
                  000022c8    000000dc     rtsv7M4_T_le_v4SPD16_eabi.lib : setvbuf.c.obj (.text:setvbuf)
                  000023a4    000000c8     dpl_cc13x2.a : PowerCC26X2_tirtos.oem4f (.text:PowerCC26XX_standbyPolicy)
                  0000246c    000000c0     drivers_cc13x2.a : PowerCC26X2.oem4f (.text:Power_releaseDependency)
                  0000252c    000000bc     driverlib.lib : setup.obj (.text:NOROM_SetupTrimDevice)
                  000025e8    000000b8     drivers_cc13x2.a : PowerCC26X2.oem4f (.text:Power_setDependency)
                  000026a0    000000b1     rtsv7M4_T_le_v4SPD16_eabi.lib : _printfi.c.obj (.text:_ltostr)
                  00002751    00000001     --HOLE-- [fill = 0]
                  00002752    00000002                                   : div0.asm.obj (.text)
                  00002754    000000b0     driverlib.lib : setup.obj (.text:TrimAfterColdResetWakeupFromShutDown)
                  00002804    000000a0     auto_init.aem4f : auto_init.oem4f (.text)
                  000028a4    000000a0     rom_sysbios.aem4f : rom_sysbios.obj (.text:ti_sysbios_knl_Task_setPri__E)
                  00002944    0000009c     rtsv7M4_T_le_v4SPD16_eabi.lib : memcpy_t2.asm.obj (.text)
                  000029e0    00000096                                   : ull_div_t2.asm.obj (.text)
                  00002a76    00000002     release_pem4f.oem4f (.text:ti_sysbios_BIOS_nullFunc__I)
                  00002a78    0000008c     rtsv7M4_T_le_v4SPD16_eabi.lib : fputc.c.obj (.text:fputc)
                  00002b04    00000088     driverlib.lib : osc.obj (.text:NOROM_OSCHF_AttemptToSwitchToXosc)
                  00002b8c    00000088     rom_sysbios.aem4f : rom_sysbios.obj (.text:_pthread_removeThreadKeys)
                  00002c14    00000088     drivers_cc13x2.a : PowerCC26X2_calibrateRCOSC.oem4f (.text:calibrateRcoscHf2)
                  00002c9c    00000088                      : PowerCC26X2.oem4f (.text:disableLFClockQualifiers)
                  00002d24    00000088                      : PowerCC26X2_calibrateRCOSC.oem4f (.text:updateSubSecInc)
                  00002dac    00000086     rtsv7M4_T_le_v4SPD16_eabi.lib : fd_cmp_t2.asm.obj (.text:__aeabi_cdcmple)
                  00002e32    00000086                                   : fd_cmp_t2.asm.obj (.text:__aeabi_cdrcmple)
                  00002eb8    00000084     rom_sysbios.aem4f : rom_sysbios.obj (.text:ti_sysbios_family_arm_m3_Hwi_excHandlerMin__I)
                  00002f3c    00000080     driverlib.lib : sys_ctrl.obj (.text:NOROM_SysCtrlSetRechargeBeforePowerDown)
                  00002fbc    00000080     rom_sysbios.aem4f : rom_sysbios.obj (.text:ti_sysbios_family_arm_cc26xx_Timer_start__E)
                  0000303c    0000007a     rtsv7M4_T_le_v4SPD16_eabi.lib : memset_t2.asm.obj (.text)
                  000030b6    00000076     rom_sysbios.aem4f : rom_sysbios.obj (.text:ti_sysbios_heaps_HeapMem_allocUnprotected__E)
                  0000312c    00000074     drivers_cc13x2.a : PowerCC26X2_calibrateRCOSC.oem4f (.text:PowerCC26X2_auxISR)
                  000031a0    00000074     rtsv7M4_T_le_v4SPD16_eabi.lib : fclose.c.obj (.text:__TI_closefile)
                  00003214    0000006e                                   : _printfi.c.obj (.text:_mcpy)
                  00003282    00000002     rom_sysbios.aem4f : rom_sysbios.obj (.text:xdc_runtime_SysCallback_defaultAbort)
                  00003284    0000006d                       : rom_sysbios.obj (.text:xdc_runtime_System_formatNum__I)
                  000032f1    00000001     --HOLE-- [fill = 0]
                  000032f2    00000002                       : rom_sysbios.obj (.text:xdc_runtime_SysCallback_defaultExit)
                  000032f4    0000006c     drivers_cc13x2.a : GPIOCC26XX.oem4f (.text:GPIO_setConfig)
                  00003360    0000006c     rtsv7M4_T_le_v4SPD16_eabi.lib : hostrename.c.obj (.text:HOSTrename)
                  000033cc    00000068                                   : hostlseek.c.obj (.text:HOSTlseek)
                  00003434    00000068     driverlib.lib : osc.obj (.text:NOROM_OSCHF_SwitchToRcOscTurnOffXosc)
                  0000349c    00000068     rtsv7M4_T_le_v4SPD16_eabi.lib : copy_decompress_lzss.c.obj (.text:decompress:lzss:__TI_decompress_lzss)
                  00003504    00000068                                   : printf.c.obj (.text:printf)
                  0000356c    00000064                                   : s_frexp.c.obj (.text:frexp)
                  000035d0    00000064                                   : fseek.c.obj (.text:fseek)
                  00003634    00000062                                   : _io_perm.c.obj (.text:__TI_wrt_ok)
                  00003696    00000002     rom_sysbios.aem4f : rom_sysbios.obj (.text:xdc_runtime_SysCallback_defaultFlush)
                  00003698    00000060     rtsv7M4_T_le_v4SPD16_eabi.lib : hostopen.c.obj (.text:HOSTopen)
                  000036f8    00000060     main_tirtos.obj (.text:main)
                  00003758    0000005c     rtsv7M4_T_le_v4SPD16_eabi.lib : close.c.obj (.text:close)
                  000037b4    0000005c     rom_sysbios.aem4f : rom_sysbios.obj (.text:ti_sysbios_heaps_HeapMem_initPrimary__I)
                  00003810    0000005c     release_pem4f.oem4f (.text:xdc_runtime_Startup_getState__I)
                  0000386c    00000058     rtsv7M4_T_le_v4SPD16_eabi.lib : hostread.c.obj (.text:HOSTread)
                  000038c4    00000058                                   : hostwrite.c.obj (.text:HOSTwrite)
                  0000391c    00000058     drivers_cc13x2.a : PowerCC26X2_calibrateRCOSC.oem4f (.text:PowerCC26X2_initiateCalibration)
                  00003974    00000058     boot.aem4f : boot.oem4f (.text)
                  000039cc    00000058     rom_sysbios.aem4f : rom_sysbios.obj (.text:pthread_exit)
                  00003a24    00000058                       : rom_sysbios.obj (.text:ti_sysbios_heaps_HeapMem_alloc__E)
                  00003a7c    00000056     ti_drivers_config.obj (.text:Board_sendExtFlashByte)
                  00003ad2    00000056     rtsv7M4_T_le_v4SPD16_eabi.lib : _printfi.c.obj (.text:_pconv_f)
                  00003b28    00000054     ti_drivers_config.obj (.text:Board_shutDownExtFlash)
                  00003b7c    00000054     driverlib.lib : prcm.obj (.text:NOROM_PRCMPowerDomainsAllOff)
                  00003bd0    00000054     rtsv7M4_T_le_v4SPD16_eabi.lib : _ltoa.c.obj (.text:__TI_ltoa)
                  00003c24    00000052                                   : _printfi.c.obj (.text:_ecpy)
                  00003c76    00000002     rom_sysbios.aem4f : rom_sysbios.obj (.text:xdc_runtime_SysCallback_defaultPutch)
                  00003c78    00000050     drivers_cc13x2.a : GPIOCC26XX.oem4f (.text:GPIO_hwiIntFxn)
                  00003cc8    0000004c     driverlib.lib : prcm.obj (.text:NOROM_PRCMPowerDomainsAllOn)
                  00003d14    0000004c     rtsv7M4_T_le_v4SPD16_eabi.lib : fflush.c.obj (.text:__TI_doflush)
                  00003d60    0000004c                                   : atoi.c.obj (.text:atoi)
                  00003dac    0000004c                                   : cpy_tbl.c.obj (.text:copy_in)
                  00003df8    00000048     drivers_cc13x2.a : PowerCC26X2_calibrateRCOSC.oem4f (.text:PowerCC26X2_RCOSC_clockFunc)
                  00003e40    00000048     rtsv7M4_T_le_v4SPD16_eabi.lib : fd_toi_t2.asm.obj (.text)
                  00003e88    00000048     drivers_cc13x2.a : PowerCC26X2.oem4f (.text:switchXOSCHF)
                  00003ed0    00000044     rtsv7M4_T_le_v4SPD16_eabi.lib : hostclose.c.obj (.text:HOSTclose)
                  00003f14    00000044                                   : hostunlink.c.obj (.text:HOSTunlink)
                  00003f58    00000044     driverlib.lib : chipinfo.obj (.text:NOROM_ChipInfo_GetHwRevision)
                  00003f9c    00000044     rtsv7M4_T_le_v4SPD16_eabi.lib : getdevice.c.obj (.text:getdevice)
                  00003fe0    00000044                                   : fd_tou_t2.asm.obj (.text)
                  00004024    00000040     dpl_cc13x2.a : ClockP_tirtos.oem4f (.text:ClockP_construct)
                  00004064    00000040     driverlib.lib : osc.obj (.text:NOROM_OSC_HPOSCRelativeFrequencyOffsetGet)
                  000040a4    00000040     rtsv7M4_T_le_v4SPD16_eabi.lib : u_divt2.asm.obj (.text)
                  000040e4    00000040     rom_sysbios.aem4f : rom_sysbios.obj (.text:ti_sysbios_family_arm_cc26xx_Timer_setThreshold__I)
                  00004124    0000003e     dpl_cc13x2.a : HwiP_tirtos.oem4f (.text:HwiP_construct)
                  00004162    0000003e     rtsv7M4_T_le_v4SPD16_eabi.lib : _printfi.c.obj (.text:_fcpy)
                  000041a0    0000003c     driverlib.lib : osc.obj (.text:InternCapArrayAdjustWithBaseline7001F)
                  000041dc    0000003c     rom_sysbios.aem4f : rom_sysbios.obj (.text:ti_sysbios_family_arm_m3_Hwi_construct2__E)
                  00004218    00000038     rtsv7M4_T_le_v4SPD16_eabi.lib : trgmsg.c.obj (.text:__TI_writemsg)
                  00004250    00000038     drivers_cc13x2.a : PowerCC26X2.oem4f (.text:notify)
                  00004288    00000038     rtsv7M4_T_le_v4SPD16_eabi.lib : fs_tod_t2.asm.obj (.text)
                  000042c0    00000036                                   : strncpy.c.obj (.text:strncpy)
                  000042f6    00000002     --HOLE-- [fill = 0]
                  000042f8    00000034     driverlib.lib : aux_sysif.obj (.text:NOROM_AUXSYSIFOpModeChange)
                  0000432c    00000034                   : sys_ctrl.obj (.text:NOROM_SysCtrlIdle)
                  00004360    00000034     rtsv7M4_T_le_v4SPD16_eabi.lib : fopen.c.obj (.text:__TI_cleanup)
                  00004394    00000034                                   : trgmsg.c.obj (.text:__TI_readmsg)
                  000043c8    00000032     rom_sysbios.aem4f : rom_sysbios.obj (.text:ti_sysbios_family_arm_cc26xx_Timer_setNextTick__E)
                  000043fa    00000002     --HOLE-- [fill = 0]
                  000043fc    00000030     ti_drivers_config.obj (.text:Board_wakeUpExtFlash)
                  0000442c    00000030     drivers_cc13x2.a : PowerCC26X2.oem4f (.text:Power_releaseConstraint)
                  0000445c    00000030                      : PowerCC26X2.oem4f (.text:Power_setConstraint)
                  0000448c    00000030     driverlib.lib : osc.obj (.text:SpecialCapArrayWorkaroundEnabledAndNeeded)
                  000044bc    00000030     rtsv7M4_T_le_v4SPD16_eabi.lib : getdevice.c.obj (.text:finddevice)
                  000044ec    00000030     release_pem4f.oem4f (.text:ti_sysbios_BIOS_atExitFunc__I)
                  0000451c    00000030     release_pem4f.oem4f (.text:ti_sysbios_BIOS_startFunc__I)
                  0000454c    00000030     rom_sysbios.aem4f : rom_sysbios.obj (.text:ti_sysbios_family_arm_cc26xx_Timer_getCurrentTick__E)
                  0000457c    00000030                       : rom_sysbios.obj (.text:ti_sysbios_family_arm_cc26xx_Timer_initDevice__I)
                  000045ac    00000030     release_pem4f.oem4f (.text:ti_sysbios_rts_MemAlloc_alloc)
                  000045dc    0000002e     rtsv7M4_T_le_v4SPD16_eabi.lib : i_tofd_t2.asm.obj (.text)
                  0000460a    00000002     --HOLE-- [fill = 0]
                  0000460c    0000002c     drivers_cc13x2.a : GPIO.oem4f (.text:GPIO_resetConfig)
                  00004638    0000002c     rom_sysbios.aem4f : rom_sysbios.obj (.text:_pthread_delete$45)
                  00004664    0000002c                       : rom_sysbios.obj (.text:pthread_setcancelstate)
                  00004690    0000002c                       : rom_sysbios.obj (.text:ti_sysbios_knl_Clock_getTicksUntilInterrupt__E)
                  000046bc    0000002c     rtsv7M4_T_le_v4SPD16_eabi.lib : unlink.c.obj (.text:unlink)
                  000046e8    00000028                                   : lseek.c.obj (.text:lseek)
                  00004710    00000028     drivers_cc13x2.a : PowerCC26X2.oem4f (.text:oscillatorISR)
                  00004738    00000028     rtsv7M4_T_le_v4SPD16_eabi.lib : write.c.obj (.text:write)
                  00004760    00000024     driverlib.lib : osc.obj (.text:NOROM_OSCHF_TurnOnXosc)
                  00004784    00000024                   : osc.obj (.text:NOROM_OSC_CapArrayAdjustWorkaround_Boot)
                  000047a8    00000024     rom_sysbios.aem4f : rom_sysbios.obj (.text:_pthread_cleanupFxn)
                  000047cc    00000024     drivers_cc13x2.a : PowerCC26X2_calibrateRCOSC.oem4f (.text:getTdcSemaphore)
                  000047f0    00000024     empty.obj (.text:mainThread)
                  00004814    00000024     rom_sysbios.aem4f : rom_sysbios.obj (.text:pthread_attr_init)
                  00004838    00000024     release_pem4f.oem4f (.text:ti_sysbios_BIOS_registerRTSLock__I)
                  0000485c    00000024     release_pem4f.oem4f (.text:ti_sysbios_BIOS_removeRTSLock__I)
                  00004880    00000024     rom_sysbios.aem4f : rom_sysbios.obj (.text:ti_sysbios_family_arm_cc26xx_Timer_getMaxTicks__E)
                  000048a4    00000020     rtsv7M4_T_le_v4SPD16_eabi.lib : memchr.c.obj (.text:memchr)
                  000048c4    00000020                                   : u_tofd_t2.asm.obj (.text)
                  000048e4    00000020     release_pem4f.oem4f (.text:ti_sysbios_BIOS_rtsLock__I)
                  00004904    00000020     rom_sysbios.aem4f : rom_sysbios.obj (.text:ti_sysbios_family_arm_cc26xx_Timer_dynamicStub__E)
                  00004924    00000020                       : rom_sysbios.obj (.text:xdc_runtime_Error_policyMin__E)
                  00004944    0000001e     drivers_cc13x2.a : PowerCC26X2.oem4f (.text:Power_getTransitionLatency)
                  00004962    00000002     --HOLE-- [fill = 0]
                  00004964    0000001c     driverlib.lib : chipinfo.obj (.text:NOROM_ChipInfo_GetChipFamily)
                  00004980    0000001c     dpl_cc13x2.a : PowerCC26X2_tirtos.oem4f (.text:PowerCC26XX_schedulerDisable)
                  0000499c    0000001c                  : PowerCC26X2_tirtos.oem4f (.text:PowerCC26XX_schedulerRestore)
                  000049b8    0000001c     rtsv7M4_T_le_v4SPD16_eabi.lib : memccpy.c.obj (.text:memccpy)
                  000049d4    0000001c     release_pem4f.oem4f (.text:xdc_runtime_Startup_exec__I)
                  000049f0    0000001a     drivers_cc13x2.a : PowerCC26X2.oem4f (.text:PowerCC26XX_calibrate)
                  00004a0a    0000001a     rtsv7M4_T_le_v4SPD16_eabi.lib : s_copysign.c.obj (.text:copysign)
                  00004a24    0000001a     release_pem4f.oem4f (.text:free)
                  00004a3e    00000002     --HOLE-- [fill = 0]
                  00004a40    00000018     drivers_cc13x2.a : GPIOCC26XX.oem4f (.text:GPIO_disableInt)
                  00004a58    00000018                      : GPIO.oem4f (.text:GPIO_setCallback)
                  00004a70    00000018                      : PowerCC26X2.oem4f (.text:Power_idleFunc)
                  00004a88    00000018     rtsv7M4_T_le_v4SPD16_eabi.lib : args_main.c.obj (.text:_args_main)
                  00004aa0    00000018                                   : ll_mul_t2.asm.obj (.text)
                  00004ab8    00000018                                   : strcmp.c.obj (.text:strcmp)
                  00004ad0    00000018     drivers_cc13x2.a : PowerCC26X2.oem4f (.text:switchToTCXO)
                  00004ae8    00000018     release_pem4f.oem4f (.text:ti_sysbios_BIOS_rtsUnlock__I)
                  00004b00    00000018     rom_sysbios.aem4f : rom_sysbios.obj (.text:ti_sysbios_rts_ti_ReentSupport_getReent__F)
                  00004b18    00000018                       : rom_sysbios.obj (.text:xdc_runtime_Error_init__E)
                  00004b30    00000016     driverlib.lib : chipinfo.obj (.text:NOROM_ThisLibraryIsFor_CC13x2_CC26x2_HwRev20AndLater_HaltIfViolated)
                  00004b46    00000016     rom_sysbios.aem4f : rom_sysbios.obj (.text:_pthread_cleanup_pop)
                  00004b5c    00000016     rtsv7M4_T_le_v4SPD16_eabi.lib : strchr.c.obj (.text:strchr)
                  00004b72    00000016     release_pem4f.oem4f (.text:ti_sysbios_BIOS_exitFunc__I)
                  00004b88    00000014     ti_drivers_config.obj (.text:Board_init)
                  00004b9c    00000014     drivers_cc13x2.a : PowerCC26X2_calibrateRCOSC.oem4f (.text:PowerCC26X2_calibrate)
                  00004bb0    00000014     rom_sysbios.aem4f : rom_sysbios.obj (.text:pthread_attr_setschedparam)
                  00004bc4    00000014     rtsv7M4_T_le_v4SPD16_eabi.lib : strcpy.c.obj (.text:strcpy)
                  00004bd8    00000014     rom_sysbios.aem4f : rom_sysbios.obj (.text:ti_sysbios_family_arm_cc26xx_Timer_getCount64__E)
                  00004bec    00000014     release_pem4f.oem4f (.text:ti_sysbios_knl_Clock_doTick__I)
                  00004c00    00000012     rom_sysbios.aem4f : rom_sysbios.obj (.text:_pthread_runStub$45)
                  00004c12    00000012     rtsv7M4_T_le_v4SPD16_eabi.lib : wcslen.c.obj (.text:wcslen)
                  00004c24    00000010     drivers_cc13x2.a : GPIO.oem4f (.text:GPIO_setUserArg)
                  00004c34    00000010                      : GPIOCC26XX.oem4f (.text:GPIO_write)
                  00004c44    00000010     dpl_cc13x2.a : HwiP_tirtos.oem4f (.text:HwiP_Params_init)
                  00004c54    0000000e     rtsv7M4_T_le_v4SPD16_eabi.lib : copy_decompress_none.c.obj (.text:decompress:none:__TI_decompress_none)
                  00004c62    0000000e     rom_sysbios.aem4f : rom_sysbios.obj (.text:pthread_attr_setdetachstate)
                  00004c70    0000000e                       : rom_sysbios.obj (.text:ti_sysbios_family_arm_cc26xx_TimestampProvider_get32__E)
                  00004c7e    00000002     --HOLE-- [fill = 0]
                  00004c80    0000000c     dpl_cc13x2.a : ClockP_tirtos.oem4f (.text:ClockP_getSystemTickPeriod)
                  00004c8c    0000000c     driverlib.lib : cpu.obj (.text:NOROM_CPUcpsid)
                  00004c98    0000000c                   : cpu.obj (.text:NOROM_CPUcpsie)
                  00004ca4    0000000c     drivers_cc13x2.a : PowerCC26X2.oem4f (.text:Power_getConstraintMask)
                  00004cb0    0000000c                      : PowerCC26X2.oem4f (.text:Power_getDependencyCount)
                  00004cbc    0000000c     rtsv7M4_T_le_v4SPD16_eabi.lib : _lock.c.obj (.text:_register_lock)
                  00004cc8    0000000c                                   : _lock.c.obj (.text:_register_unlock)
                  00004cd4    0000000c                                   : copy_zero_init.c.obj (.text:decompress:ZI:__TI_zero_init)
                  00004ce0    0000000c     rom_sysbios.aem4f : rom_sysbios.obj (.text:pthread_self)
                  00004cec    0000000c                       : rom_sysbios.obj (.text:ti_sysbios_knl_Queue_insert__E)
                  00004cf8    0000000a     dpl_cc13x2.a : ClockP_tirtos.oem4f (.text:ClockP_Params_init)
                  00004d02    0000000a     release_pem4f.oem4f (.text:ti_sysbios_rts_ti_ReentSupport_getTlsAddr__I)
                  00004d0c    00000008     release_pem4f.oem4f (.text:xdc_runtime_Text_visitRope__I)
                  00004d14    00000006     driverlib.lib : cpu.obj (.text:NOROM_CPUdelay)
                  00004d1a    00000006     drivers_cc13x2.a : PowerCC26X2.oem4f (.text:delayUs)
                  00004d20    00000006     rom_sysbios.aem4f : rom_sysbios.obj (.text:pthread_attr_setstacksize)
                  00004d26    00000004     dpl_cc13x2.a : PowerCC26X2_tirtos.oem4f (.text:CPUwfi)
                  00004d2a    00000004                  : ClockP_tirtos.oem4f (.text:ClockP_start)
                  00004d2e    00000004                  : ClockP_tirtos.oem4f (.text:ClockP_stop)
                  00004d32    00000004                  : HwiP_tirtos.oem4f (.text:HwiP_disable)
                  00004d36    00000004     rom_sysbios.aem4f : rom_sysbios.obj (.text:__aeabi_errno_addr)
                  00004d3a    00000004     rtsv7M4_T_le_v4SPD16_eabi.lib : printf.c.obj (.text:_outc)
                  00004d3e    00000004                                   : printf.c.obj (.text:_outs)
                  00004d42    00000004     drivers_cc13x2.a : PowerCC26X2.oem4f (.text:configureRFCoreClocks)
                  00004d46    00000004                      : PowerCC26X2.oem4f (.text:nopResourceHandler)
                  00004d4a    00000004     rom_sysbios.aem4f : rom_sysbios.obj (.text:ti_sysbios_knl_Task_getArg1__E)
                  00004d4e    00000004                       : rom_sysbios.obj (.text:ti_sysbios_knl_Task_getEnv__E)
                  00004d52    00000004     release_pem4f.oem4f (.text:xdc_runtime_Startup_reset__I)
                  00004d56    00000004     rom_sysbios.aem4f : rom_sysbios.obj (.text:xdc_runtime_SysCallback_defaultReady)
                  00004d5a    00000002     --HOLE-- [fill = 0]
                  00004d5c    00000008     (.tramp.ti_sysbios_family_arm_m3_Hwi_disableFxn__E.1)
                  00004d64    00000008     (.tramp.ti_sysbios_knl_Task_self__E.1)
                  00004d6c    00000008     (.tramp.ti_sysbios_knl_Swi_post__E.1)
                  00004d74    00000008     (.tramp.ti_sysbios_knl_Clock_logTick__E.1)
                  00004d7c    00000008     (.tramp.ti_sysbios_BIOS_getThreadType__E.1)
                  00004d84    00000008     (.tramp.ti_sysbios_BIOS_RtsGateProxy_leave__E.1)
                  00004d8c    00000008     (.tramp.ti_sysbios_knl_Swi_restore__E.1)
                  00004d94    00000008     (.tramp.ti_sysbios_BIOS_RtsGateProxy_enter__E.1)
                  00004d9c    00000008     (.tramp.ti_sysbios_knl_Clock_TimerProxy_getCurrentTick__E.1)
                  00004da4    00000008     (.tramp.ti_sysbios_knl_Task_delete.1)
                  00004dac    00000008     (.tramp.ti_sysbios_knl_Semaphore_destruct.1)
                  00004db4    00000008     (.tramp.ti_sysbios_knl_Task_startup__E.1)
                  00004dbc    00000008     (.tramp.ti_sysbios_knl_Swi_startup__E.1)
                  00004dc4    00000008     (.tramp.ti_sysbios_hal_Hwi_startup__E.1)
                  00004dcc    00000008     (.tramp.ti_sysbios_family_arm_cc26xx_Timer_startup__E.1)
                  00004dd4    00000008     (.tramp.xdc_runtime_System_atexit__E.1)
                  00004ddc    00000008     (.tramp.ti_sysbios_BIOS_linkedWithIncorrectBootLibrary__E.1)
                  00004de4    00000008     (.tramp.xdc_runtime_Startup_rtsDone__E.1)
                  00004dec    00000008     (.tramp.ti_sysbios_knl_Swi_disable__E.1)
                  00004df4    00000008     (.tramp.ti_sysbios_family_arm_m3_Hwi_construct.1)
                  00004dfc    00000008     (.tramp.ti_sysbios_family_arm_m3_Hwi_Params__init__S.1)
                  00004e04    00000008     (.tramp.ti_sysbios_knl_Clock_construct.1)
                  00004e0c    00000008     (.tramp.ti_sysbios_knl_Clock_Params__init__S.1)
                  00004e14    00000008     (.tramp.ti_sysbios_heaps_HeapMem_Module_GateProxy_leave__E.1)
                  00004e1c    00000008     (.tramp.ti_sysbios_heaps_HeapMem_Module_GateProxy_enter__E.1)
                  00004e24    00000008     (.tramp.xdc_runtime_System_exit__E.1)
                  00004e2c    00000008     (.tramp.ti_sysbios_heaps_HeapMem_restore__E.1)
                  00004e34    00000008     (.tramp.ti_sysbios_heaps_HeapMem_Object__get__S.1)
                  00004e3c    00000008     (.tramp.ti_sysbios_BIOS_start__E.1)
                  00004e44    00000008     (.tramp.xdc_runtime_Error_raiseX__E.1)
                  00004e4c    00000008     (.tramp.ti_sysbios_BIOS_setThreadType__E.1)
                  00004e54    00000008     (.tramp.ti_sysbios_family_arm_m3_Hwi_excFillContext__I.1)
                  00004e5c    00000008     (.tramp.ti_sysbios_knl_Semaphore_post__E.1)
                  00004e64    00000008     (.tramp.xdc_runtime_Memory_free__E.1)
                  00004e6c    00000008     (.tramp.ti_sysbios_knl_Queue_next__E.1)
                  00004e74    00000008     (.tramp.ti_sysbios_knl_Queue_head__E.1)
                  00004e7c    00000008     (.tramp.ti_sysbios_knl_Semaphore_pend__E.1)
                  00004e84    00000008     (.tramp.ti_sysbios_knl_Task_restore__E.1)
                  00004e8c    00000008     (.tramp.ti_sysbios_knl_Queue_enqueue__E.1)
                  00004e94    00000008     (.tramp.ti_sysbios_knl_Queue_empty__E.1)
                  00004e9c    00000008     (.tramp.ti_sysbios_knl_Queue_remove__E.1)
                  00004ea4    00000008     (.tramp.ti_sysbios_knl_Task_disable__E.1)
                  00004eac    00000008     (.tramp.ti_sysbios_knl_Clock_stop__E.1)
                  00004eb4    00000008     (.tramp.ti_sysbios_knl_Clock_start__E.1)
                  00004ebc    00000008     (.tramp.ti_sysbios_knl_Clock_setTimeout__E.1)
                  00004ec4    00000008     (.tramp.ti_sysbios_family_arm_m3_Hwi_restoreFxn__E.1)
                  00004ecc    00000008     (.tramp.ti_sysbios_knl_Task_create.1)
                  00004ed4    00000008     (.tramp.ti_sysbios_knl_Semaphore_construct.1)
                  00004edc    00000008     (.tramp.ti_sysbios_knl_Semaphore_Params__init__S.1)
                  00004ee4    00000008     (.tramp.ti_sysbios_knl_Queue_construct.1)
                  00004eec    00000008     (.tramp.xdc_runtime_Memory_alloc__E.1)
                  00004ef4    00000008     (.tramp.ti_sysbios_knl_Task_Params__init__S.1)
                  00004efc    00000008     (.tramp.xdc_runtime_System_doPrint__I.1)
                  00004f04    00000008     (.tramp.strlen.1)

.const     0    00004f0c    00000637     
                  00004f0c    000003b8     release_pem4f.oem4f (.const:ROM_constStruct)
                  000052c4    00000101     rtsv7M4_T_le_v4SPD16_eabi.lib : ctype.c.obj (.const:.string:_ctypes_)
                  000053c5    00000001     release_pem4f.oem4f (.const:xdc_runtime_Text_charTab__A)
                  000053c6    00000054     drivers_cc13x2.a : PowerCC26X2.oem4f (.const:resourceDB)
                  0000541a    00000002     --HOLE-- [fill = 0]
                  0000541c    00000048     release_pem4f.oem4f (.const:.string)
                  00005464    00000048     release_pem4f.oem4f (.const:ROM_externFuncPtrs)
                  000054ac    00000024     release_pem4f.oem4f (.const:xdc_runtime_Startup_sfxnTab__A)
                  000054d0    00000014     ti_drivers_config.obj (.const:PowerCC26X2_config)
                  000054e4    00000012     release_pem4f.oem4f (.const:xdc_runtime_Startup_sfxnRts__A)
                  000054f6    00000002     --HOLE-- [fill = 0]
                  000054f8    00000010     ti_drivers_config.obj (.const:GPIO_config)
                  00005508    0000000c     release_pem4f.oem4f (.const:xdc_runtime_Startup_firstFxns__A)
                  00005514    00000008     driverlib.lib : aux_sysif.obj (.const:$O1$$)
                  0000551c    00000008     release_pem4f.oem4f (.const:ti_sysbios_family_arm_m3_Hwi_excHookFuncs__A)
                  00005524    00000008     release_pem4f.oem4f (.const:ti_sysbios_knl_Idle_funcList__A)
                  0000552c    00000004     release_pem4f.oem4f (.const:ti_sysbios_family_arm_m3_Hwi_E_exception__C)
                  00005530    00000004     release_pem4f.oem4f (.const:ti_sysbios_heaps_HeapMem_primaryHeapBaseAddr__C)
                  00005534    00000004     release_pem4f.oem4f (.const:ti_sysbios_heaps_HeapMem_primaryHeapEndAddr__C)
                  00005538    00000004     release_pem4f.oem4f (.const:ti_sysbios_knl_Clock_tickPeriod__C)
                  0000553c    00000004     release_pem4f.oem4f (.const:ti_sysbios_knl_Task_Object__heap__C)
                  00005540    00000003     ti_drivers_config.obj (.const)

MODULE SUMMARY

       Module                             code    ro data   rw data
       ------                             ----    -------   -------
    ./
       main_tirtos.obj                    96      0         0      
       empty.obj                          36      0         0      
    +--+----------------------------------+-------+---------+---------+
       Total:                             132     0         0      
                                                                   
    ./syscfg/
       ti_drivers_config.obj              240     39        372    
       ti_devices_config.obj              0       88        0      
    +--+----------------------------------+-------+---------+---------+
       Total:                             240     127       372    
                                                                   
    /home/pramodh/workspace_v11/tirtos_builds_cc13x2_cc26x2_release_ccs/Debug/configPkg/package/cfg/
       release_pem4f.oem4f                876     1259      1802   
    +--+----------------------------------+-------+---------+---------+
       Total:                             876     1259      1802   
                                                                   
    /home/pramodh/ti/ccs1100/ccs/tools/compiler/ti-cgt-arm_20.2.5.LTS/lib/rtsv7M4_T_le_v4SPD16_eabi.lib
       _printfi.c.obj                     4851    0         0      
       fd_add_t2.asm.obj                  438     0         0      
       defs.c.obj                         0       0         416    
       trgmsg.c.obj                       108     0         288    
       fd_div_t2.asm.obj                  310     0         0      
       fputs.c.obj                        276     0         0      
       s_scalbn.c.obj                     272     0         0      
       fd_cmp_t2.asm.obj                  268     0         0      
       ctype.c.obj                        0       257       0      
       fd_mul_t2.asm.obj                  252     0         0      
       setvbuf.c.obj                      220     0         0      
       host_device.c.obj                  0       0         200    
       memcpy_t2.asm.obj                  156     0         0      
       ull_div_t2.asm.obj                 150     0         0      
       fputc.c.obj                        140     0         0      
       memset_t2.asm.obj                  122     0         0      
       fclose.c.obj                       116     0         0      
       getdevice.c.obj                    116     0         0      
       printf.c.obj                       112     0         0      
       hostrename.c.obj                   108     0         0      
       copy_decompress_lzss.c.obj         104     0         0      
       hostlseek.c.obj                    104     0         0      
       hostopen.c.obj                     96      0         8      
       fseek.c.obj                        100     0         0      
       s_frexp.c.obj                      100     0         0      
       _io_perm.c.obj                     98      0         0      
       close.c.obj                        92      0         0      
       hostread.c.obj                     88      0         0      
       hostwrite.c.obj                    88      0         0      
       _ltoa.c.obj                        84      0         0      
       atoi.c.obj                         76      0         0      
       cpy_tbl.c.obj                      76      0         0      
       fflush.c.obj                       76      0         0      
       fd_toi_t2.asm.obj                  72      0         0      
       fd_tou_t2.asm.obj                  68      0         0      
       hostclose.c.obj                    68      0         0      
       hostunlink.c.obj                   68      0         0      
       u_divt2.asm.obj                    64      0         0      
       fs_tod_t2.asm.obj                  56      0         0      
       strncpy.c.obj                      54      0         0      
       fopen.c.obj                        52      0         0      
       i_tofd_t2.asm.obj                  46      0         0      
       unlink.c.obj                       44      0         0      
       lseek.c.obj                        40      0         0      
       write.c.obj                        40      0         0      
       _lock.c.obj                        26      0         8      
       memchr.c.obj                       32      0         0      
       u_tofd_t2.asm.obj                  32      0         0      
       memccpy.c.obj                      28      0         0      
       s_copysign.c.obj                   26      0         0      
       args_main.c.obj                    24      0         0      
       ll_mul_t2.asm.obj                  24      0         0      
       strcmp.c.obj                       24      0         0      
       strchr.c.obj                       22      0         0      
       strcpy.c.obj                       20      0         0      
       wcslen.c.obj                       18      0         0      
       copy_decompress_none.c.obj         14      0         0      
       copy_zero_init.c.obj               12      0         0      
       exit.c.obj                         0       0         12     
       stkdepth_vars.c.obj                0       0         4      
       div0.asm.obj                       2       0         0      
    +--+----------------------------------+-------+---------+---------+
       Total:                             10173   257       936    
                                                                   
    /home/pramodh/ti/simplelink_cc13xx_cc26xx_sdk_5_30_01_01/kernel/tirtos/packages/ti/dpl/lib/ccs/m4f/dpl_cc13x2.a
       PowerCC26X2_tirtos.oem4f           260     0         8      
       ClockP_tirtos.oem4f                94      0         0      
       HwiP_tirtos.oem4f                  82      0         0      
    +--+----------------------------------+-------+---------+---------+
       Total:                             436     0         8      
                                                                   
    /home/pramodh/ti/simplelink_cc13xx_cc26xx_sdk_5_30_01_01/kernel/tirtos/packages/ti/targets/arm/rtsarm/lib/auto_init.aem4f
       auto_init.oem4f                    160     0         0      
    +--+----------------------------------+-------+---------+---------+
       Total:                             160     0         0      
                                                                   
    /home/pramodh/ti/simplelink_cc13xx_cc26xx_sdk_5_30_01_01/kernel/tirtos/packages/ti/targets/arm/rtsarm/lib/boot.aem4f
       boot.oem4f                         88      0         0      
    +--+----------------------------------+-------+---------+---------+
       Total:                             88      0         0      
                                                                   
    /home/pramodh/ti/simplelink_cc13xx_cc26xx_sdk_5_30_01_01/source/ti/devices/cc13x2_cc26x2/driverlib/bin/ccs/driverlib.lib
       osc.obj                            484     0         36     
       sys_ctrl.obj                       420     0         0      
       setup.obj                          364     0         0      
       prcm.obj                           160     0         0      
       chipinfo.obj                       118     0         0      
       aux_sysif.obj                      52      8         0      
       cpu.obj                            30      0         0      
    +--+----------------------------------+-------+---------+---------+
       Total:                             1628    8         36     
                                                                   
    /home/pramodh/ti/simplelink_cc13xx_cc26xx_sdk_5_30_01_01/source/ti/drivers/lib/ccs/m4f/drivers_cc13x2.a
       PowerCC26X2.oem4f                  1980    84        368    
       PowerCC26X2_calibrateRCOSC.oem4f   1400    0         0      
       GPIOCC26XX.oem4f                   460     0         29     
       GPIO.oem4f                         84      0         0      
    +--+----------------------------------+-------+---------+---------+
       Total:                             3924    84        397    
                                                                   
    /home/pramodh/workspace_v11/tirtos_builds_cc13x2_cc26x2_release_ccs/src/sysbios/rom_sysbios.aem4f
       rom_sysbios.obj                    2071    0         180    
    +--+----------------------------------+-------+---------+---------+
       Total:                             2071    0         180    
                                                                   
       Stack:                             0       0         1024   
       Linker Generated:                  432     551       0      
    +--+----------------------------------+-------+---------+---------+
       Grand Total:                       20160   2286      4755   


LINKER GENERATED COPY TABLES

__TI_cinit_table @ 00005748 records: 5, size/record: 8, table size: 40
	.data: load addr=00005548, load size=000001d3 bytes, run addr=20004110, run size=000007f3 bytes, compression=lzss
	.bss: load addr=00005728, load size=00000008 bytes, run addr=20004908, run size=000005bc bytes, compression=zero_init
	.data:xdcRomConstPtr: load addr=00005730, load size=00000008 bytes, run addr=20000100, run size=00000004 bytes, compression=lzss
	.data:xdcRomExternFuncPtr: load addr=00005738, load size=00000008 bytes, run addr=20000104, run size=00000004 bytes, compression=lzss
	.data:xdcRomStatePtr: load addr=00005740, load size=00000008 bytes, run addr=20000108, run size=00000004 bytes, compression=lzss


LINKER GENERATED HANDLER TABLE

__TI_handler_table @ 0000571c records: 3, size/record: 4, table size: 12
	index: 0, handler: __TI_decompress_lzss
	index: 1, handler: __TI_decompress_none
	index: 2, handler: __TI_zero_init


FAR CALL TRAMPOLINES

callee name               trampoline name
   callee addr  tramp addr   call addr  call info
--------------  -----------  ---------  ----------------
ti_sysbios_family_arm_m3_Hwi_disableFxn__E  $Tramp$TT$L$PI$$ti_sysbios_family_arm_m3_Hwi_disableFxn__E
   1002eb55     00004d5c     00004d32   dpl_cc13x2.a : HwiP_tirtos.oem4f (.text:HwiP_disable)
ti_sysbios_knl_Task_self__E  $Tramp$TT$L$PI$$ti_sysbios_knl_Task_self__E
   1002eaf5     00004d64     00004ce2   rom_sysbios.aem4f : rom_sysbios.obj (.text:pthread_self)
                             00004d04   release_pem4f.oem4f (.text:ti_sysbios_rts_ti_ReentSupport_getTlsAddr__I)
ti_sysbios_knl_Swi_post__E  $Tramp$TT$L$PI$$ti_sysbios_knl_Swi_post__E
   1002d891     00004d6c     00004bf6   release_pem4f.oem4f (.text:ti_sysbios_knl_Clock_doTick__I)
ti_sysbios_knl_Clock_logTick__E  $Tramp$TT$L$PI$$ti_sysbios_knl_Clock_logTick__E
   1002dbd7     00004d74     00004bee   release_pem4f.oem4f (.text:ti_sysbios_knl_Clock_doTick__I)
ti_sysbios_BIOS_getThreadType__E  $Tramp$TT$L$PI$$ti_sysbios_BIOS_getThreadType__E
   1002ea95     00004d7c     00004b02   rom_sysbios.aem4f : rom_sysbios.obj (.text:ti_sysbios_rts_ti_ReentSupport_getReent__F)
ti_sysbios_BIOS_RtsGateProxy_leave__E  $Tramp$TT$L$PI$$ti_sysbios_BIOS_RtsGateProxy_leave__E
   1002ec7b     00004d84     00004af6   release_pem4f.oem4f (.text:ti_sysbios_BIOS_rtsUnlock__I)
ti_sysbios_knl_Swi_restore__E  $Tramp$TT$L$PI$$ti_sysbios_knl_Swi_restore__E
   1002db61     00004d8c     000049a2   dpl_cc13x2.a : PowerCC26X2_tirtos.oem4f (.text:PowerCC26XX_schedulerRestore)
ti_sysbios_BIOS_RtsGateProxy_enter__E  $Tramp$TT$L$PI$$ti_sysbios_BIOS_RtsGateProxy_enter__E
   1002ec77     00004d94     000048ea   release_pem4f.oem4f (.text:ti_sysbios_BIOS_rtsLock__I)
ti_sysbios_knl_Clock_TimerProxy_getCurrentTick__E  $Tramp$TT$L$PI$$ti_sysbios_knl_Clock_TimerProxy_getCurrentTick__E
   1002eac5     00004d9c     000046a2   rom_sysbios.aem4f : rom_sysbios.obj (.text:ti_sysbios_knl_Clock_getTicksUntilInterrupt__E)
ti_sysbios_knl_Task_delete  $Tramp$TT$L$PI$$ti_sysbios_knl_Task_delete
   1002ece7     00004da4     0000464c   rom_sysbios.aem4f : rom_sysbios.obj (.text:_pthread_delete$45)
ti_sysbios_knl_Semaphore_destruct  $Tramp$TT$L$PI$$ti_sysbios_knl_Semaphore_destruct
   1002e6fd     00004dac     00004640   rom_sysbios.aem4f : rom_sysbios.obj (.text:_pthread_delete$45)
ti_sysbios_knl_Task_startup__E  $Tramp$TT$L$PI$$ti_sysbios_knl_Task_startup__E
   1002eceb     00004db4     00004540   release_pem4f.oem4f (.text:ti_sysbios_BIOS_startFunc__I)
ti_sysbios_knl_Swi_startup__E  $Tramp$TT$L$PI$$ti_sysbios_knl_Swi_startup__E
   1002ec6b     00004dbc     0000453c   release_pem4f.oem4f (.text:ti_sysbios_BIOS_startFunc__I)
ti_sysbios_hal_Hwi_startup__E  $Tramp$TT$L$PI$$ti_sysbios_hal_Hwi_startup__E
   1002ec31     00004dc4     00004538   release_pem4f.oem4f (.text:ti_sysbios_BIOS_startFunc__I)
ti_sysbios_family_arm_cc26xx_Timer_startup__E  $Tramp$TT$L$PI$$ti_sysbios_family_arm_cc26xx_Timer_startup__E
   1002dcf1     00004dcc     00004534   release_pem4f.oem4f (.text:ti_sysbios_BIOS_startFunc__I)
xdc_runtime_System_atexit__E  $Tramp$TT$L$PI$$xdc_runtime_System_atexit__E
   1002f559     00004dd4     0000452c   release_pem4f.oem4f (.text:ti_sysbios_BIOS_startFunc__I)
ti_sysbios_BIOS_linkedWithIncorrectBootLibrary__E  $Tramp$TT$L$PI$$ti_sysbios_BIOS_linkedWithIncorrectBootLibrary__E
   1002d01b     00004ddc     00004526   release_pem4f.oem4f (.text:ti_sysbios_BIOS_startFunc__I)
xdc_runtime_Startup_rtsDone__E  $Tramp$TT$L$PI$$xdc_runtime_Startup_rtsDone__E
   1002f8e5     00004de4     0000451e   release_pem4f.oem4f (.text:ti_sysbios_BIOS_startFunc__I)
ti_sysbios_knl_Swi_disable__E  $Tramp$TT$L$PI$$ti_sysbios_knl_Swi_disable__E
   1002ea25     00004dec     000044ee   release_pem4f.oem4f (.text:ti_sysbios_BIOS_atExitFunc__I)
                             0000498a   dpl_cc13x2.a : PowerCC26X2_tirtos.oem4f (.text:PowerCC26XX_schedulerDisable)
ti_sysbios_family_arm_m3_Hwi_construct  $Tramp$TT$L$PI$$ti_sysbios_family_arm_m3_Hwi_construct
   1002d421     00004df4     000041f6   rom_sysbios.aem4f : rom_sysbios.obj (.text:ti_sysbios_family_arm_m3_Hwi_construct2__E)
ti_sysbios_family_arm_m3_Hwi_Params__init__S  $Tramp$TT$L$PI$$ti_sysbios_family_arm_m3_Hwi_Params__init__S
   1002eb49     00004dfc     00004140   dpl_cc13x2.a : HwiP_tirtos.oem4f (.text:HwiP_construct)
ti_sysbios_knl_Clock_construct  $Tramp$TT$L$PI$$ti_sysbios_knl_Clock_construct
   1002dd8d     00004e04     0000405a   dpl_cc13x2.a : ClockP_tirtos.oem4f (.text:ClockP_construct)
ti_sysbios_knl_Clock_Params__init__S  $Tramp$TT$L$PI$$ti_sysbios_knl_Clock_Params__init__S
   1002eb9d     00004e0c     00004040   dpl_cc13x2.a : ClockP_tirtos.oem4f (.text:ClockP_construct)
ti_sysbios_heaps_HeapMem_Module_GateProxy_leave__E  $Tramp$TT$L$PI$$ti_sysbios_heaps_HeapMem_Module_GateProxy_leave__E
   1002ecaf     00004e14     00003a4a   rom_sysbios.aem4f : rom_sysbios.obj (.text:ti_sysbios_heaps_HeapMem_alloc__E)
ti_sysbios_heaps_HeapMem_Module_GateProxy_enter__E  $Tramp$TT$L$PI$$ti_sysbios_heaps_HeapMem_Module_GateProxy_enter__E
   1002ecab     00004e1c     00003a34   rom_sysbios.aem4f : rom_sysbios.obj (.text:ti_sysbios_heaps_HeapMem_alloc__E)
xdc_runtime_System_exit__E  $Tramp$TT$L$PI$$xdc_runtime_System_exit__E
   1002f7b1     00004e24     000039b4   boot.aem4f : boot.oem4f (.text)
                             00004b82   release_pem4f.oem4f (.text:ti_sysbios_BIOS_exitFunc__I)
ti_sysbios_heaps_HeapMem_restore__E  $Tramp$TT$L$PI$$ti_sysbios_heaps_HeapMem_restore__E
   1002eb13     00004e2c     000037f8   rom_sysbios.aem4f : rom_sysbios.obj (.text:ti_sysbios_heaps_HeapMem_initPrimary__I)
ti_sysbios_heaps_HeapMem_Object__get__S  $Tramp$TT$L$PI$$ti_sysbios_heaps_HeapMem_Object__get__S
   1002e275     00004e34     000037c8   rom_sysbios.aem4f : rom_sysbios.obj (.text:ti_sysbios_heaps_HeapMem_initPrimary__I)
ti_sysbios_BIOS_start__E  $Tramp$TT$L$PI$$ti_sysbios_BIOS_start__E
   1002eaa5     00004e3c     00003742   main_tirtos.obj (.text:main)
xdc_runtime_Error_raiseX__E  $Tramp$TT$L$PI$$xdc_runtime_Error_raiseX__E
   1002f739     00004e44     00002f1a   rom_sysbios.aem4f : rom_sysbios.obj (.text:ti_sysbios_family_arm_m3_Hwi_excHandlerMin__I)
                             00003a64                     : rom_sysbios.obj (.text:ti_sysbios_heaps_HeapMem_alloc__E)
ti_sysbios_BIOS_setThreadType__E  $Tramp$TT$L$PI$$ti_sysbios_BIOS_setThreadType__E
   1002ea11     00004e4c     00002eda   rom_sysbios.aem4f : rom_sysbios.obj (.text:ti_sysbios_family_arm_m3_Hwi_excHandlerMin__I)
                             000044f8   release_pem4f.oem4f (.text:ti_sysbios_BIOS_atExitFunc__I)
                             00004b7c   release_pem4f.oem4f (.text:ti_sysbios_BIOS_exitFunc__I)
ti_sysbios_family_arm_m3_Hwi_excFillContext__I  $Tramp$TT$L$PI$$ti_sysbios_family_arm_m3_Hwi_excFillContext__I
   1002bda9     00004e54     00002ed4   rom_sysbios.aem4f : rom_sysbios.obj (.text:ti_sysbios_family_arm_m3_Hwi_excHandlerMin__I)
ti_sysbios_knl_Semaphore_post__E  $Tramp$TT$L$PI$$ti_sysbios_knl_Semaphore_post__E
   1002cd21     00004e5c     00002bfa   rom_sysbios.aem4f : rom_sysbios.obj (.text:_pthread_removeThreadKeys)
                             000039fc                     : rom_sysbios.obj (.text:pthread_exit)
xdc_runtime_Memory_free__E  $Tramp$TT$L$PI$$xdc_runtime_Memory_free__E
   1002f81d     00004e64     00002bf0   rom_sysbios.aem4f : rom_sysbios.obj (.text:_pthread_removeThreadKeys)
                             00004658                     : rom_sysbios.obj (.text:_pthread_delete$45)
                             00004a38   release_pem4f.oem4f (.text:free)
ti_sysbios_knl_Queue_next__E  $Tramp$TT$L$PI$$ti_sysbios_knl_Queue_next__E
   1002ecd7     00004e6c     00002bca   rom_sysbios.aem4f : rom_sysbios.obj (.text:_pthread_removeThreadKeys)
ti_sysbios_knl_Queue_head__E  $Tramp$TT$L$PI$$ti_sysbios_knl_Queue_head__E
   1002ecd3     00004e74     00002bb6   rom_sysbios.aem4f : rom_sysbios.obj (.text:_pthread_removeThreadKeys)
ti_sysbios_knl_Semaphore_pend__E  $Tramp$TT$L$PI$$ti_sysbios_knl_Semaphore_pend__E
   1002bfb1     00004e7c     00002bb0   rom_sysbios.aem4f : rom_sysbios.obj (.text:_pthread_removeThreadKeys)
ti_sysbios_knl_Task_restore__E  $Tramp$TT$L$PI$$ti_sysbios_knl_Task_restore__E
   1002df45     00004e84     00002932   rom_sysbios.aem4f : rom_sysbios.obj (.text:ti_sysbios_knl_Task_setPri__E)
                             00002ba4                     : rom_sysbios.obj (.text:_pthread_removeThreadKeys)
                             00002c04                     : rom_sysbios.obj (.text:_pthread_removeThreadKeys)
                             00003a0e                     : rom_sysbios.obj (.text:pthread_exit)
                             000047b8                     : rom_sysbios.obj (.text:_pthread_cleanupFxn)
                             000049aa   dpl_cc13x2.a : PowerCC26X2_tirtos.oem4f (.text:PowerCC26XX_schedulerRestore)
ti_sysbios_knl_Queue_enqueue__E  $Tramp$TT$L$PI$$ti_sysbios_knl_Queue_enqueue__E
   1002ebd9     00004e8c     00002904   rom_sysbios.aem4f : rom_sysbios.obj (.text:ti_sysbios_knl_Task_setPri__E)
ti_sysbios_knl_Queue_empty__E  $Tramp$TT$L$PI$$ti_sysbios_knl_Queue_empty__E
   1002eb21     00004e94     000028ec   rom_sysbios.aem4f : rom_sysbios.obj (.text:ti_sysbios_knl_Task_setPri__E)
                             00002b9c                     : rom_sysbios.obj (.text:_pthread_removeThreadKeys)
ti_sysbios_knl_Queue_remove__E  $Tramp$TT$L$PI$$ti_sysbios_knl_Queue_remove__E
   1002eb2f     00004e9c     000028e6   rom_sysbios.aem4f : rom_sysbios.obj (.text:ti_sysbios_knl_Task_setPri__E)
                             00002bd2                     : rom_sysbios.obj (.text:_pthread_removeThreadKeys)
                             00002bd8                     : rom_sysbios.obj (.text:_pthread_removeThreadKeys)
ti_sysbios_knl_Task_disable__E  $Tramp$TT$L$PI$$ti_sysbios_knl_Task_disable__E
   1002ea4d     00004ea4     000028ac   rom_sysbios.aem4f : rom_sysbios.obj (.text:ti_sysbios_knl_Task_setPri__E)
                             00002b92                     : rom_sysbios.obj (.text:_pthread_removeThreadKeys)
                             00003a02                     : rom_sysbios.obj (.text:pthread_exit)
                             000044f2   release_pem4f.oem4f (.text:ti_sysbios_BIOS_atExitFunc__I)
                             000047aa   rom_sysbios.aem4f : rom_sysbios.obj (.text:_pthread_cleanupFxn)
                             00004982   dpl_cc13x2.a : PowerCC26X2_tirtos.oem4f (.text:PowerCC26XX_schedulerDisable)
ti_sysbios_knl_Clock_stop__E  $Tramp$TT$L$PI$$ti_sysbios_knl_Clock_stop__E
   1002e2c5     00004eac     0000240a   dpl_cc13x2.a : PowerCC26X2_tirtos.oem4f (.text:PowerCC26XX_standbyPolicy)
                             00004d2e                : ClockP_tirtos.oem4f (.text:ClockP_stop)
ti_sysbios_knl_Clock_start__E  $Tramp$TT$L$PI$$ti_sysbios_knl_Clock_start__E
   1002e9e7     00004eb4     000023f6   dpl_cc13x2.a : PowerCC26X2_tirtos.oem4f (.text:PowerCC26XX_standbyPolicy)
                             00004d2a                : ClockP_tirtos.oem4f (.text:ClockP_start)
ti_sysbios_knl_Clock_setTimeout__E  $Tramp$TT$L$PI$$ti_sysbios_knl_Clock_setTimeout__E
   1002ecc3     00004ebc     000023f0   dpl_cc13x2.a : PowerCC26X2_tirtos.oem4f (.text:PowerCC26XX_standbyPolicy)
ti_sysbios_family_arm_m3_Hwi_restoreFxn__E  $Tramp$TT$L$PI$$ti_sysbios_family_arm_m3_Hwi_restoreFxn__E
   1002ec47     00004ec4     000021fa   drivers_cc13x2.a : GPIOCC26XX.oem4f (.text:GPIO_init)
                             0000229a                    : GPIOCC26XX.oem4f (.text:GPIO_init)
                             0000250c                    : PowerCC26X2.oem4f (.text:Power_releaseDependency)
                             00002682                    : PowerCC26X2.oem4f (.text:Power_setDependency)
                             00003328                    : GPIOCC26XX.oem4f (.text:GPIO_setConfig)
                             0000334e                    : GPIOCC26XX.oem4f (.text:GPIO_setConfig)
                             00003942                    : PowerCC26X2_calibrateRCOSC.oem4f (.text:PowerCC26X2_initiateCalibration)
                             00003ea6                    : PowerCC26X2.oem4f (.text:switchXOSCHF)
                             00004450                    : PowerCC26X2.oem4f (.text:Power_releaseConstraint)
                             00004480                    : PowerCC26X2.oem4f (.text:Power_setConstraint)
ti_sysbios_knl_Task_create  $Tramp$TT$L$PI$$ti_sysbios_knl_Task_create
   1002d529     00004ecc     000021a6   rom_sysbios.aem4f : rom_sysbios.obj (.text:pthread_create)
ti_sysbios_knl_Semaphore_construct  $Tramp$TT$L$PI$$ti_sysbios_knl_Semaphore_construct
   1002ddc1     00004ed4     0000219c   rom_sysbios.aem4f : rom_sysbios.obj (.text:pthread_create)
ti_sysbios_knl_Semaphore_Params__init__S  $Tramp$TT$L$PI$$ti_sysbios_knl_Semaphore_Params__init__S
   1002ebe5     00004edc     0000218a   rom_sysbios.aem4f : rom_sysbios.obj (.text:pthread_create)
ti_sysbios_knl_Queue_construct  $Tramp$TT$L$PI$$ti_sysbios_knl_Queue_construct
   1002dee5     00004ee4     0000217e   rom_sysbios.aem4f : rom_sysbios.obj (.text:pthread_create)
xdc_runtime_Memory_alloc__E  $Tramp$TT$L$PI$$xdc_runtime_Memory_alloc__E
   1002f289     00004eec     00002126   rom_sysbios.aem4f : rom_sysbios.obj (.text:pthread_create)
                             000045c8   release_pem4f.oem4f (.text:ti_sysbios_rts_MemAlloc_alloc)
ti_sysbios_knl_Task_Params__init__S  $Tramp$TT$L$PI$$ti_sysbios_knl_Task_Params__init__S
   1002ec09     00004ef4     00002112   rom_sysbios.aem4f : rom_sysbios.obj (.text:pthread_create)
xdc_runtime_System_doPrint__I  $Tramp$TT$L$PI$$xdc_runtime_System_doPrint__I
   1002ecf1     00004efc     00001582   release_pem4f.oem4f (.text:xdc_runtime_System_printfExtend__I)
strlen                    $Tramp$TT$L$PI$$strlen
   1002fddb     00004f04     00000058   rtsv7M4_T_le_v4SPD16_eabi.lib : _printfi.c.obj (.text:__TI_printfi)
                             0000088e                                 : _printfi.c.obj (.text:__TI_printfi)
                             000008e6                                 : _printfi.c.obj (.text:__TI_printfi)
                             000008f4                                 : _printfi.c.obj (.text:__TI_printfi)
                             00000c5c                                 : _printfi.c.obj (.text:_pconv_a)
                             00000e4c                                 : _printfi.c.obj (.text:_pconv_g)
                             000018f8                                 : _printfi.c.obj (.text:_pconv_e)
                             0000191e                                 : _printfi.c.obj (.text:_pconv_e)
                             00001d16                                 : fputs.c.obj (.text:fputs)
                             00002720                                 : _printfi.c.obj (.text:_ltostr)
                             0000321e                                 : _printfi.c.obj (.text:_mcpy)
                             0000337a                                 : hostrename.c.obj (.text:HOSTrename)
                             0000338c                                 : hostrename.c.obj (.text:HOSTrename)
                             000036b8                                 : hostopen.c.obj (.text:HOSTopen)
                             00003f20                                 : hostunlink.c.obj (.text:HOSTunlink)
                             0000416c                                 : _printfi.c.obj (.text:_fcpy)

[54 trampolines]
[103 trampoline calls]


GLOBAL SYMBOLS: SORTED ALPHABETICALLY BY Name 

address   name                                                               
-------   ----                                                               
00004b89  Board_init                                                         
00000a8b  Board_initHook                                                     
00003a7d  Board_sendExtFlashByte                                             
00003b29  Board_shutDownExtFlash                                             
000043fd  Board_wakeUpExtFlash                                               
00004247  C$$IO$$                                                            
00005542  CONFIG_GPIO_LED_0_CONST                                            
00004cf9  ClockP_Params_init                                                 
00004025  ClockP_construct                                                   
00004c81  ClockP_getSystemTickPeriod                                         
1002dc11  ClockP_getSystemTicks                                              
00004d2b  ClockP_start                                                       
00004d2f  ClockP_stop                                                        
000054f8  GPIO_config                                                        
00004a41  GPIO_disableInt                                                    
00003c79  GPIO_hwiIntFxn                                                     
000021e1  GPIO_init                                                          
00005540  GPIO_pinLowerBound                                                 
00005541  GPIO_pinUpperBound                                                 
0000460d  GPIO_resetConfig                                                   
00004a59  GPIO_setCallback                                                   
000032f5  GPIO_setConfig                                                     
00004c25  GPIO_setUserArg                                                    
00004c35  GPIO_write                                                         
00004000  HEAPSIZE                                                           
00003ed1  HOSTclose                                                          
000033cd  HOSTlseek                                                          
00003699  HOSTopen                                                           
0000386d  HOSTread                                                           
00003361  HOSTrename                                                         
00003f15  HOSTunlink                                                         
000038c5  HOSTwrite                                                          
00004c45  HwiP_Params_init                                                   
00004125  HwiP_construct                                                     
00004d33  HwiP_disable                                                       
1002ec47  HwiP_restore                                                       
UNDEFED   ITM_flush                                                          
UNDEFED   ITM_restore                                                        
000042f9  NOROM_AUXSYSIFOpModeChange                                         
00004c8d  NOROM_CPUcpsid                                                     
00004c99  NOROM_CPUcpsie                                                     
00004d15  NOROM_CPUdelay                                                     
00004965  NOROM_ChipInfo_GetChipFamily                                       
00003f59  NOROM_ChipInfo_GetHwRevision                                       
00002b05  NOROM_OSCHF_AttemptToSwitchToXosc                                  
00003435  NOROM_OSCHF_SwitchToRcOscTurnOffXosc                               
00004761  NOROM_OSCHF_TurnOnXosc                                             
00004785  NOROM_OSC_CapArrayAdjustWorkaround_Boot                            
00004065  NOROM_OSC_HPOSCRelativeFrequencyOffsetGet                          
00003b7d  NOROM_PRCMPowerDomainsAllOff                                       
00003cc9  NOROM_PRCMPowerDomainsAllOn                                        
0000252d  NOROM_SetupTrimDevice                                              
0000432d  NOROM_SysCtrlIdle                                                  
00002f3d  NOROM_SysCtrlSetRechargeBeforePowerDown                            
00002005  NOROM_SysCtrlStandby                                               
00004b31  NOROM_ThisLibraryIsFor_CC13x2_CC26x2_HwRev20AndLater_HaltIfViolated
UNDEFED   PIN_hwi_bypass                                                     
00003df9  PowerCC26X2_RCOSC_clockFunc                                        
0000312d  PowerCC26X2_auxISR                                                 
00004b9d  PowerCC26X2_calibrate                                              
000054d0  PowerCC26X2_config                                                 
0000391d  PowerCC26X2_initiateCalibration                                    
20004110  PowerCC26X2_module                                                 
000049f1  PowerCC26XX_calibrate                                              
00004981  PowerCC26XX_schedulerDisable                                       
0000499d  PowerCC26XX_schedulerRestore                                       
000023a5  PowerCC26XX_standbyPolicy                                          
20004ebc  PowerCC26XX_swiKey                                                 
20004ec0  PowerCC26XX_taskKey                                                
00004ca5  Power_getConstraintMask                                            
00004cb1  Power_getDependencyCount                                           
00004945  Power_getTransitionLatency                                         
00004a71  Power_idleFunc                                                     
000016c1  Power_init                                                         
0000442d  Power_releaseConstraint                                            
0000246d  Power_releaseDependency                                            
0000445d  Power_setConstraint                                                
000025e9  Power_setDependency                                                
00001085  Power_sleep                                                        
00004f0c  ROM_constStruct                                                    
00005464  ROM_externFuncPtrs                                                 
20004280  ROM_stateStruct                                                    
00003975  ResetISR                                                           
UNDEFED   SHT$$INIT_ARRAY$$Base                                              
UNDEFED   SHT$$INIT_ARRAY$$Limit                                             
00000000  __ASM__                                                            
20004b08  __CIOBUF_                                                          
0000007c  __ISA__                                                            
0000008f  __PLAT__                                                           
20014000  __STACK_END                                                        
00000400  __STACK_SIZE                                                       
000000b6  __TARG__                                                           
00005748  __TI_CINIT_Base                                                    
00005770  __TI_CINIT_Limit                                                   
0000571c  __TI_Handler_Table_Base                                            
00005728  __TI_Handler_Table_Limit                                           
00002805  __TI_auto_init                                                     
00004361  __TI_cleanup                                                       
20004874  __TI_cleanup_ptr                                                   
000031a1  __TI_closefile                                                     
0000349d  __TI_decompress_lzss                                               
00004c55  __TI_decompress_none                                               
00003d15  __TI_doflush                                                       
20004878  __TI_dtors_ptr                                                     
2000487c  __TI_enable_exit_profile_output                                    
20004864  __TI_ft_end                                                        
00003bd1  __TI_ltoa                                                          
ffffffff  __TI_pprof_out_hndl                                                
0000003d  __TI_printfi                                                       
ffffffff  __TI_prof_data_size                                                
ffffffff  __TI_prof_data_start                                               
00004395  __TI_readmsg                                                       
00000000  __TI_static_base__                                                 
20004d00  __TI_tmpnams                                                       
00004219  __TI_writemsg                                                      
00003635  __TI_wrt_ok                                                        
00004cd5  __TI_zero_init                                                     
000000dc  __TRDR__                                                           
00002dad  __aeabi_cdcmpeq                                                    
00002dad  __aeabi_cdcmple                                                    
00002e33  __aeabi_cdrcmple                                                   
00003e41  __aeabi_d2iz                                                       
00003fe1  __aeabi_d2uiz                                                      
00000ed7  __aeabi_dadd                                                       
00001969  __aeabi_ddiv                                                       
00001f09  __aeabi_dmul                                                       
00000ecd  __aeabi_dsub                                                       
00004d37  __aeabi_errno_addr                                                 
00004289  __aeabi_f2d                                                        
000045dd  __aeabi_i2d                                                        
00002753  __aeabi_idiv0                                                      
00002753  __aeabi_ldiv0                                                      
00004aa1  __aeabi_lmul                                                       
0000303d  __aeabi_memclr                                                     
0000303d  __aeabi_memclr4                                                    
0000303d  __aeabi_memclr8                                                    
00002945  __aeabi_memcpy                                                     
00002945  __aeabi_memcpy4                                                    
00002945  __aeabi_memcpy8                                                    
0000303f  __aeabi_memset                                                     
0000303f  __aeabi_memset4                                                    
0000303f  __aeabi_memset8                                                    
20004870  __aeabi_stderr                                                     
20004868  __aeabi_stdin                                                      
2000486c  __aeabi_stdout                                                     
000048c5  __aeabi_ui2d                                                       
000040a5  __aeabi_uidiv                                                      
000040a5  __aeabi_uidivmod                                                   
000029e1  __aeabi_uldivmod                                                   
ffffffff  __binit__                                                          
ffffffff  __c_args__                                                         
00057fa8  __ccfg                                                             
20004110  __primary_heap_end__                                               
20000110  __primary_heap_start__                                             
20013c00  __stack                                                            
20000000  __start___llvm_prf_cnts                                            
20000000  __stop___llvm_prf_cnts                                             
00004a89  _args_main                                                         
00003975  _c_int00                                                           
000052c4  _ctypes_                                                           
200045ac  _device                                                            
2000438c  _ftable                                                            
200047d0  _hposcCoeffs                                                       
20004880  _lock                                                              
00001083  _nop                                                               
000047a9  _pthread_cleanupFxn                                                
00004b47  _pthread_cleanup_pop                                               
00002b8d  _pthread_removeThreadKeys                                          
00004cbd  _register_lock                                                     
00004cc9  _register_unlock                                                   
20004624  _stream                                                            
20004884  _unlock                                                            
00003d61  atoi                                                               
ffffffff  binit                                                              
00003759  close                                                              
00003dad  copy_in                                                            
[...]
1002eb55  ti_sysbios_family_arm_m3_Hwi_disableFxn__E                         
1002eb61  ti_sysbios_family_arm_m3_Hwi_enableFxn__E                          
1002eb6d  ti_sysbios_gates_GateHwi_enter__E                                  
1002eb79  ti_sysbios_BIOS_RtsGateProxy_Params__init__S                       
1002eb79  ti_sysbios_gates_GateMutex_Params__init__S                         
1002eb79  ti_sysbios_heaps_HeapMem_Module_GateProxy_Params__init__S          
1002eb85  ti_sysbios_heaps_HeapTrack_Params__init__S                         
1002eb91  ti_sysbios_heaps_HeapTrack_isBlocking__E                           
1002eb9d  ti_sysbios_knl_Clock_Params__init__S                               
1002eba9  ti_sysbios_knl_Clock_getTimerHandle__E                             
1002ebb5  ti_sysbios_knl_Event_Params__init__S                               
1002ebc1  ti_sysbios_knl_Mailbox_Params__init__S                             
1002ebcd  ti_sysbios_knl_Queue_dequeue__E                                    
1002ebd9  ti_sysbios_knl_Queue_enqueue__E                                    
1002ebe5  ti_sysbios_knl_Semaphore_Params__init__S                           
1002ebf1  ti_sysbios_knl_Swi_Params__init__S                                 
1002ebfd  ti_sysbios_knl_Swi_self__E                                         
1002ec09  ti_sysbios_knl_Task_Params__init__S                                
1002ec15  ti_sysbios_hal_Hwi_Instance_finalize__E                            
1002ec1f  ti_sysbios_knl_Event_Instance_init__E                              
1002ec29  ti_sysbios_family_arm_m3_Hwi_doSwiRestore__I                       
1002ec31  ti_sysbios_family_arm_m3_Hwi_startup__E                            
1002ec31  ti_sysbios_hal_Hwi_HwiProxy_startup__E                             
1002ec31  ti_sysbios_hal_Hwi_HwiProxy_startup__E                             
1002ec31  ti_sysbios_hal_Hwi_startup__E                                      
1002ec31  ti_sysbios_hal_Hwi_startup__E                                      
1002ec39  ti_sysbios_knl_Idle_loop__E                                        
1002ec41  ti_sysbios_family_arm_m3_Hwi_doTaskRestore__I                      
1002ec47  HwiP_restore                                                       
1002ec47  ti_sysbios_family_arm_m3_Hwi_restoreFxn__E                         
1002ec4d  ti_sysbios_gates_GateHwi_leave__E                                  
1002ec53  ti_sysbios_gates_GateMutex_Instance_finalize__E                    
1002ec59  ti_sysbios_heaps_HeapMem_isBlocking__E                             
1002ec5f  ti_sysbios_knl_Queue_Instance_init__E                              
1002ec65  ti_sysbios_knl_Queue_elemClear__E                                  
1002ec6b  ti_sysbios_knl_Swi_startup__E                                      
1002ec71  ti_sysbios_knl_Task_enable__E                                      
1002ec77  ti_sysbios_BIOS_RtsGateProxy_enter__E                              
1002ec7b  ti_sysbios_BIOS_RtsGateProxy_leave__E                              
1002ec7f  ti_sysbios_family_arm_cc26xx_Timer_getExpiredTicks__E              
1002ec83  ti_sysbios_family_arm_cc26xx_Timer_getPeriod__E                    
1002ec87  ti_sysbios_family_arm_cc26xx_Timer_setPeriod__E                    
1002ec8b  ti_sysbios_family_arm_m3_Hwi_delete                                
1002ec8f  ti_sysbios_family_arm_m3_TaskSupport_Module__startupDone__S        
1002ec8f  ti_sysbios_knl_Task_SupportProxy_Module__startupDone__S            
1002ec93  ti_sysbios_gates_GateHwi_query__E                                  
1002ec93  xdc_runtime_Main_Module_GateProxy_query__E                         
1002ec93  xdc_runtime_System_Module_GateProxy_query__E                       
1002ec93  xdc_runtime_System_Module_GateProxy_query__E                       
1002ec97  ti_sysbios_gates_GateMutex_delete                                  
1002ec9b  ti_sysbios_BIOS_RtsGateProxy_query__E                              
1002ec9b  ti_sysbios_BIOS_RtsGateProxy_query__E                              
1002ec9b  ti_sysbios_gates_GateMutex_query__E                                
1002ec9b  ti_sysbios_heaps_HeapMem_Module_GateProxy_query__E                 
1002ec9b  ti_sysbios_heaps_HeapMem_Module_GateProxy_query__E                 
1002ec9f  ti_sysbios_hal_Hwi_HwiProxy_create                                 
1002eca3  ti_sysbios_hal_Hwi_HwiProxy_delete                                 
1002eca7  ti_sysbios_hal_Hwi_delete                                          
1002ecab  ti_sysbios_heaps_HeapMem_Module_GateProxy_enter__E                 
1002ecaf  ti_sysbios_heaps_HeapMem_Module_GateProxy_leave__E                 
1002ecb3  ti_sysbios_knl_Clock_TimerProxy_getExpiredTicks__E                 
1002ecb7  ti_sysbios_knl_Clock_TimerProxy_getPeriod__E                       
1002ecbb  ti_sysbios_knl_Clock_delete                                        
1002ecbf  ti_sysbios_knl_Clock_removeI__E                                    
1002ecc3  ti_sysbios_knl_Clock_setTimeout__E                                 
1002ecc7  ti_sysbios_knl_Event_delete                                        
1002eccb  ti_sysbios_knl_Mailbox_delete                                      
1002eccf  ti_sysbios_knl_Queue_delete                                        
1002ecd3  ti_sysbios_knl_Queue_head__E                                       
1002ecd7  ti_sysbios_knl_Queue_next__E                                       
1002ecdb  ti_sysbios_knl_Semaphore_delete                                    
1002ecdf  ti_sysbios_knl_Swi_delete                                          
1002ece3  ti_sysbios_knl_Swi_postInit__I                                     
1002ece7  ti_sysbios_knl_Task_delete                                         
1002eceb  ti_sysbios_knl_Task_startup__E                                     
1002ecf1  xdc_runtime_System_doPrint__I                                      
1002f055  xdc_runtime_Startup_startMods__I                                   
1002f15d  xdc_runtime_Text_putSite__E                                        
1002f1f7  xdc_runtime_Error_policySpin__E                                    
1002f1f9  xdc_runtime_Text_putMod__E                                         
1002f289  xdc_runtime_Memory_alloc__E                                        
1002f2f9  xdc_runtime_Core_createObject__I                                   
1002f367  xdc_runtime_Core_deleteObject__I                                   
1002f3c5  xdc_runtime_Text_putLab__E                                         
1002f421  xdc_runtime_Assert_raise__I                                        
1002f475  xdc_runtime_Startup_exec__E                                        
1002f4c9  xdc_runtime_Core_assignParams__I                                   
1002f511  xdc_runtime_Core_constructObject__I                                
1002f559  xdc_runtime_System_atexit__E                                       
1002f5a1  xdc_runtime_Text_xprintf__I                                        
1002f5e5  xdc_runtime_System_processAtExit__E                                
1002f625  xdc_runtime_System_putchar__I                                      
1002f659  xdc_runtime_Core_assignLabel__I                                    
1002f689  xdc_runtime_Text_printVisFxn__I                                    
1002f6b9  xdc_runtime_System_vprintf__E                                      
1002f6e5  xdc_runtime_Text_cordText__E                                       
1002f711  xdc_runtime_System_abort__E                                        
1002f739  xdc_runtime_Error_raiseX__E                                        
1002f759  xdc_runtime_Registry_findById__E                                   
1002f779  xdc_runtime_Error_check__E                                         
1002f795  xdc_runtime_Memory_valloc__E                                       
1002f7b1  xdc_runtime_System_exit__E                                         
1002f7cd  xdc_runtime_Text_ropeText__E                                       
1002f7e9  xdc_runtime_System_printf__E                                       
1002f803  xdc_runtime_Core_destructObject__I                                 
1002f81b  xdc_runtime_System_abortSpin__E                                    
1002f81d  xdc_runtime_Memory_free__E                                         
1002f831  xdc_runtime_Memory_getStats__E                                     
1002f845  xdc_runtime_SysCallback_abort__E                                   
1002f845  xdc_runtime_System_SupportProxy_abort__E                           
1002f859  xdc_runtime_SysCallback_exit__E                                    
1002f859  xdc_runtime_System_SupportProxy_exit__E                            
1002f86d  xdc_runtime_SysCallback_flush__E                                   
1002f86d  xdc_runtime_System_SupportProxy_flush__E                           
1002f86d  xdc_runtime_System_flush__E                                        
1002f881  xdc_runtime_SysCallback_putch__E                                   
1002f881  xdc_runtime_System_SupportProxy_putch__E                           
1002f895  xdc_runtime_SysCallback_ready__E                                   
1002f895  xdc_runtime_System_SupportProxy_ready__E                           
1002f8a9  xdc_runtime_Memory_getMaxDefaultTypeAlign__E                       
1002f8b9  xdc_runtime_System_vsnprintf__E                                    
1002f8c9  xdc_runtime_Timestamp_SupportProxy_get32__E                        
1002f8c9  xdc_runtime_Timestamp_SupportProxy_get32__E                        
1002f8c9  xdc_runtime_Timestamp_get32__E                                     
1002f8c9  xdc_runtime_Timestamp_get32__E                                     
1002f8d9  xdc_runtime_Memory_calloc__E                                       
1002f8e5  xdc_runtime_Startup_rtsDone__E                                     
1002f8f1  xdc_runtime_Memory_HeapProxy_alloc__E                              
1002f8fb  xdc_runtime_Memory_HeapProxy_free__E                               
1002f905  xdc_runtime_Memory_HeapProxy_getStats__E                           
1002f90f  xdc_runtime_Gate_leaveSystem__E                                    
1002f915  xdc_runtime_System_Module_startup__E                               
1002f91b  xdc_runtime_Gate_enterSystem__E                                    
1002f91f  xdc_runtime_SysCallback_Module__startupDone__S                     
1002f91f  xdc_runtime_System_SupportProxy_Module__startupDone__S             
1002f923  xdc_runtime_System_Module_GateProxy_enter__E                       
1002f927  xdc_runtime_System_Module_GateProxy_leave__E                       
1002f92b  xdc_runtime_System_printf_va__F                                    
1002f92f  xdc_runtime_System_exitSpin__E                                     
1002f931  ti_sysbios_family_arm_m3_Hwi_dispatch__I                           
1002fa11  ti_sysbios_family_arm_m3_Hwi_interruptsAreDisabledButShouldNotBe   
1002fa2d  ti_sysbios_family_arm_m3_TaskSupport_buildTaskStack                
1002fab9  ti_sysbios_family_arm_m3_Hwi_initStacks__E                         
1002fb11  ti_sysbios_family_arm_m3_Hwi_pendSV__I                             
1002fb35  ti_sysbios_family_arm_m3_Hwi_return                                
1002fb39  ti_sysbios_family_arm_m3_Hwi_excHandlerAsm__I                      
1002fb59  ti_sysbios_family_xxx_Hwi_switchAndRunFunc                         
1002fb77  ti_sysbios_family_arm_m3_TaskSupport_swap__E                       
1002fb77  ti_sysbios_knl_Task_SupportProxy_swap__E                           
1002fb77  ti_sysbios_knl_Task_SupportProxy_swap__E                           
1002fb83  ti_sysbios_knl_Task_swapReturn                                     
1002fb8f  ti_sysbios_family_arm_m3_TaskSupport_glue                          
1002fba0  ti_sysbios_knl_Task_Object__PARAMS__C                              
1002fbdc  ti_sysbios_knl_Mailbox_Object__PARAMS__C                           
1002fc10  ti_sysbios_family_arm_m3_Hwi_Object__PARAMS__C                     
1002fc40  ti_sysbios_hal_Hwi_Object__PARAMS__C                               
1002fc6c  ti_sysbios_knl_Swi_Object__PARAMS__C                               
1002fc94  ti_sysbios_heaps_HeapMem_Object__PARAMS__C                         
1002fcb8  ti_sysbios_knl_Clock_Object__PARAMS__C                             
1002fcdc  ti_sysbios_knl_Semaphore_Object__PARAMS__C                         
1002fd00  ti_sysbios_gates_GateHwi_Object__PARAMS__C                         
1002fd18  ti_sysbios_gates_GateMutex_Object__PARAMS__C                       
1002fd30  ti_sysbios_knl_Event_Object__PARAMS__C                             
1002fd48  ti_sysbios_knl_Queue_Object__PARAMS__C                             
1002fd80  ti_sysbios_heaps_HeapTrack_Object__PARAMS__C                       
1002fd9c  ti_sysbios_heaps_HeapTrack_Instance_State_trackQueue__O            
1002fda0  ti_sysbios_heaps_HeapTrack_Module__diagsEnabled__C                 
1002fda4  ti_sysbios_heaps_HeapTrack_Module__diagsIncluded__C                
1002fda8  ti_sysbios_heaps_HeapTrack_Module__diagsMask__C                    
1002fddb  strlen                                                             
20000000  __start___llvm_prf_cnts                                            
20000000  __stop___llvm_prf_cnts                                             
20000000  ti_sysbios_family_arm_m3_Hwi_ramVectors                            
20000100  xdcRomConstPtr                                                     
20000104  xdcRomExternFuncPtr                                                
20000108  xdcRomStatePtr                                                     
20000110  __primary_heap_start__                                             
20004110  PowerCC26X2_module                                                 
20004110  __primary_heap_end__                                               
20004280  ROM_stateStruct                                                    
20004280  ti_sysbios_knl_Clock_Module__state__V                              
200042ac  ti_sysbios_family_arm_cc26xx_TimestampProvider_Module__state__V    
200042b0  xdc_runtime_Startup_Module__state__V                               
200042b8  xdc_runtime_Registry_Module__state__V                              
200042c0  ti_sysbios_BIOS_Module__state__V                                   
200042e4  ti_sysbios_knl_Swi_Module__state__V                                
20004300  ti_sysbios_knl_Task_Module__state__V                               
20004344  xdc_runtime_Memory_Module__state__V                                
20004348  xdc_runtime_System_Module__state__V                                
20004350  ti_sysbios_family_arm_m3_Hwi_Module__state__V                      
20004384  ti_sysbios_family_arm_cc26xx_Timer_Module__state__V                
2000438c  _ftable                                                            
20004530  gpioPinConfigs                                                     
200045ac  _device                                                            
20004624  _stream                                                            
20004674  ti_sysbios_knl_Task_Object__table__V                               
200046c0  ti_sysbios_family_arm_cc26xx_Timer_Object__table__V                
20004708  ti_sysbios_gates_GateMutex_Object__table__V                        
20004740  ti_sysbios_knl_Swi_Module_State_0_readyQ__A                        
20004770  ti_sysbios_knl_Swi_Object__table__V                                
200047a0  ti_sysbios_knl_Task_Module_State_0_readyQ__A                       
200047d0  _hposcCoeffs                                                       
200047f4  ti_sysbios_knl_Clock_Object__table__V                              
20004814  xdc_runtime_Error_IgnoreBlock                                      
20004834  ti_sysbios_family_arm_m3_Hwi_Object__table__V                      
2000484c  ti_sysbios_heaps_HeapMem_Object__table__V                          
20004864  __TI_ft_end                                                        
20004868  __aeabi_stdin                                                      
2000486c  __aeabi_stdout                                                     
20004870  __aeabi_stderr                                                     
20004874  __TI_cleanup_ptr                                                   
20004878  __TI_dtors_ptr                                                     
2000487c  __TI_enable_exit_profile_output                                    
20004880  _lock                                                              
20004884  _unlock                                                            
20004888  ti_sysbios_family_arm_m3_Hwi_Module__root__V                       
20004890  ti_sysbios_gates_GateHwi_Module__root__V                           
20004898  ti_sysbios_gates_GateMutex_Module__root__V                         
200048a0  ti_sysbios_hal_Hwi_Module__root__V                                 
200048a8  ti_sysbios_heaps_HeapMem_Module__root__V                           
200048b0  ti_sysbios_knl_Clock_Module__root__V                               
200048b8  ti_sysbios_knl_Event_Module__root__V                               
200048c0  ti_sysbios_knl_Mailbox_Module__root__V                             
200048c8  ti_sysbios_knl_Queue_Module__root__V                               
200048d0  ti_sysbios_knl_Semaphore_Module__root__V                           
200048d8  ti_sysbios_knl_Swi_Module__root__V                                 
200048e0  ti_sysbios_knl_Task_Module__root__V                                
200048e8  xdc_runtime_System_Module_State_0_atexitHandlers__A                
200048f0  main_func_sp                                                       
200048f4  ti_sysbios_family_arm_m3_Hwi_Module_State_0_excContext__A          
200048f8  ti_sysbios_family_arm_m3_Hwi_Module_State_0_excStack__A            
200048fc  ti_sysbios_knl_Task_Module_State_0_idleTask__A                     
20004900  ti_sysbios_family_arm_m3_Hwi_Module_State_0_excActive__A           
20004908  ti_sysbios_knl_Task_Instance_State_0_stack__A                      
20004b08  __CIOBUF_                                                          
20004c28  ti_sysbios_family_arm_m3_Hwi_dispatchTable                         
20004d00  __TI_tmpnams                                                       
20004da0  gpioCallbackFunctions                                              
20004e1c  gpioUserArgs                                                       
20004eb4  parmbuf                                                            
20004ebc  PowerCC26XX_swiKey                                                 
20004ec0  PowerCC26XX_taskKey                                                
20013c00  __stack                                                            
20014000  __STACK_END                                                        
e000e000  ti_sysbios_family_arm_m3_Hwi_nvic                                  
ffffffff  __TI_pprof_out_hndl                                                
ffffffff  __TI_prof_data_size                                                
ffffffff  __TI_prof_data_start                                               
ffffffff  __binit__                                                          
ffffffff  __c_args__                                                         
ffffffff  binit                                                              
UNDEFED   ITM_flush                                                          
UNDEFED   ITM_restore                                                        
UNDEFED   PIN_hwi_bypass                                                     
UNDEFED   SHT$$INIT_ARRAY$$Base                                              
UNDEFED   SHT$$INIT_ARRAY$$Limit                                             

[848 symbols]
