<?xml version="1.0" encoding="ISO-8859-1" ?>
<link_info>
   <banner>TI ARM Linker Unix v20.2.5.LTS</banner>
   <copyright>Copyright (c) 1996-2018 Texas Instruments Incorporated</copyright>
   <link_time>0x61b1c299</link_time>
   <link_errors>0x0</link_errors>
   <output_file>empty_CC1352R1_LAUNCHXL_tirtos_ccs.out</output_file>
   <entry_point>
      <name>ResetISR</name>
      <address>0x1e55</address>
   </entry_point>
   <input_file_list>
      <input_file id="fl-2">
         <path>./</path>
         <kind>object</kind>
         <file>empty.obj</file>
         <name>empty.obj</name>
      </input_file>
      <input_file id="fl-3">
         <path>./syscfg/</path>
         <kind>object</kind>
         <file>ti_devices_config.obj</file>
         <name>ti_devices_config.obj</name>
      </input_file>
      <input_file id="fl-4">
         <path>./syscfg/</path>
         <kind>object</kind>
         <file>ti_drivers_config.obj</file>
         <name>ti_drivers_config.obj</name>
      </input_file>
      <input_file id="fl-5">
         <path>./</path>
         <kind>object</kind>
         <file>main_tirtos.obj</file>
         <name>main_tirtos.obj</name>
      </input_file>
      <input_file id="fl-c">
         <path>/home/pramodh/workspace_v11/tirtos_builds_cc13x2_cc26x2_release_ccs/Debug/configPkg/package/cfg/</path>
         <kind>object</kind>
         <file>release_pem4f.oem4f</file>
         <name>release_pem4f.oem4f</name>
      </input_file>
      <input_file id="fl-14">
         <kind>object</kind>
         <file>&lt;internal&gt;</file>
         <name>&lt;internal&gt;</name>
      </input_file>
      <input_file id="fl-15">
         <path>/home/pramodh/ti/simplelink_cc13xx_cc26xx_sdk_5_30_01_01/source/ti/drivers/lib/ccs/m4f/</path>
         <kind>archive</kind>
         <file>drivers_cc13x2.a</file>
         <name>GPIO.oem4f</name>
      </input_file>
      <input_file id="fl-16">
         <path>/home/pramodh/ti/simplelink_cc13xx_cc26xx_sdk_5_30_01_01/source/ti/drivers/lib/ccs/m4f/</path>
         <kind>archive</kind>
         <file>drivers_cc13x2.a</file>
         <name>GPIOCC26XX.oem4f</name>
      </input_file>
      <input_file id="fl-17">
         <path>/home/pramodh/ti/simplelink_cc13xx_cc26xx_sdk_5_30_01_01/source/ti/drivers/lib/ccs/m4f/</path>
         <kind>archive</kind>
         <file>drivers_cc13x2.a</file>
         <name>PowerCC26X2.oem4f</name>
      </input_file>
      <input_file id="fl-18">
         <path>/home/pramodh/ti/simplelink_cc13xx_cc26xx_sdk_5_30_01_01/source/ti/drivers/lib/ccs/m4f/</path>
         <kind>archive</kind>
         <file>drivers_cc13x2.a</file>
         <name>PowerCC26X2_calibrateRCOSC.oem4f</name>
      </input_file>
      <input_file id="fl-19">
         <path>/home/pramodh/ti/simplelink_cc13xx_cc26xx_sdk_5_30_01_01/source/ti/drivers/lib/ccs/m4f/</path>
         <kind>archive</kind>
         <file>drivers_cc13x2.a</file>
         <name>TemperatureCC26X2.oem4f</name>
      </input_file>
      <input_file id="fl-1a">
         <path>/home/pramodh/ti/simplelink_cc13xx_cc26xx_sdk_5_30_01_01/source/ti/drivers/lib/ccs/m4f/</path>
         <kind>archive</kind>
         <file>drivers_cc13x2.a</file>
         <name>List.oem4f</name>
      </input_file>
      <input_file id="fl-1b">
         <path>/home/pramodh/ti/simplelink_cc13xx_cc26xx_sdk_5_30_01_01/kernel/tirtos/packages/ti/dpl/lib/ccs/m4f/</path>
         <kind>archive</kind>
         <file>dpl_cc13x2.a</file>
         <name>ClockP_tirtos.oem4f</name>
      </input_file>
      <input_file id="fl-1c">
         <path>/home/pramodh/ti/simplelink_cc13xx_cc26xx_sdk_5_30_01_01/kernel/tirtos/packages/ti/dpl/lib/ccs/m4f/</path>
         <kind>archive</kind>
         <file>dpl_cc13x2.a</file>
         <name>HwiP_tirtos.oem4f</name>
      </input_file>
      <input_file id="fl-1d">
         <path>/home/pramodh/ti/simplelink_cc13xx_cc26xx_sdk_5_30_01_01/kernel/tirtos/packages/ti/dpl/lib/ccs/m4f/</path>
         <kind>archive</kind>
         <file>dpl_cc13x2.a</file>
         <name>PowerCC26X2_tirtos.oem4f</name>
      </input_file>
      <input_file id="fl-1e">
         <path>/home/pramodh/workspace_v11/tirtos_builds_cc13x2_cc26x2_release_ccs/src/sysbios/</path>
         <kind>archive</kind>
         <file>rom_sysbios.aem4f</file>
         <name>rom_sysbios.obj</name>
      </input_file>
      <input_file id="fl-1f">
         <path>/home/pramodh/workspace_v11/tirtos_builds_cc13x2_cc26x2_release_ccs/src/sysbios/</path>
         <kind>archive</kind>
         <file>rom_sysbios.aem4f</file>
         <name>m3_IntrinsicsSupport_asm.obj</name>
      </input_file>
      <input_file id="fl-20">
         <path>/home/pramodh/workspace_v11/tirtos_builds_cc13x2_cc26x2_release_ccs/src/sysbios/</path>
         <kind>archive</kind>
         <file>rom_sysbios.aem4f</file>
         <name>rom_sysbios_config.obj</name>
      </input_file>
      <input_file id="fl-21">
         <path>/home/pramodh/workspace_v11/tirtos_builds_cc13x2_cc26x2_release_ccs/src/sysbios/</path>
         <kind>archive</kind>
         <file>rom_sysbios.aem4f</file>
         <name>m3_Hwi_asm_switch.obj</name>
      </input_file>
      <input_file id="fl-22">
         <path>/home/pramodh/ti/simplelink_cc13xx_cc26xx_sdk_5_30_01_01/kernel/tirtos/packages/ti/targets/arm/rtsarm/lib/</path>
         <kind>archive</kind>
         <file>boot.aem4f</file>
         <name>boot.oem4f</name>
      </input_file>
      <input_file id="fl-23">
         <path>/home/pramodh/ti/simplelink_cc13xx_cc26xx_sdk_5_30_01_01/kernel/tirtos/packages/ti/targets/arm/rtsarm/lib/</path>
         <kind>archive</kind>
         <file>auto_init.aem4f</file>
         <name>auto_init.oem4f</name>
      </input_file>
      <input_file id="fl-24">
         <path>/home/pramodh/ti/simplelink_cc13xx_cc26xx_sdk_5_30_01_01/source/ti/devices/cc13x2_cc26x2/driverlib/bin/ccs/</path>
         <kind>archive</kind>
         <file>driverlib.lib</file>
         <name>prcm.obj</name>
      </input_file>
      <input_file id="fl-25">
         <path>/home/pramodh/ti/simplelink_cc13xx_cc26xx_sdk_5_30_01_01/source/ti/devices/cc13x2_cc26x2/driverlib/bin/ccs/</path>
         <kind>archive</kind>
         <file>driverlib.lib</file>
         <name>osc.obj</name>
      </input_file>
      <input_file id="fl-26">
         <path>/home/pramodh/ti/simplelink_cc13xx_cc26xx_sdk_5_30_01_01/source/ti/devices/cc13x2_cc26x2/driverlib/bin/ccs/</path>
         <kind>archive</kind>
         <file>driverlib.lib</file>
         <name>cpu.obj</name>
      </input_file>
      <input_file id="fl-27">
         <path>/home/pramodh/ti/simplelink_cc13xx_cc26xx_sdk_5_30_01_01/source/ti/devices/cc13x2_cc26x2/driverlib/bin/ccs/</path>
         <kind>archive</kind>
         <file>driverlib.lib</file>
         <name>setup.obj</name>
      </input_file>
      <input_file id="fl-28">
         <path>/home/pramodh/ti/simplelink_cc13xx_cc26xx_sdk_5_30_01_01/source/ti/devices/cc13x2_cc26x2/driverlib/bin/ccs/</path>
         <kind>archive</kind>
         <file>driverlib.lib</file>
         <name>sys_ctrl.obj</name>
      </input_file>
      <input_file id="fl-29">
         <path>/home/pramodh/ti/simplelink_cc13xx_cc26xx_sdk_5_30_01_01/source/ti/devices/cc13x2_cc26x2/driverlib/bin/ccs/</path>
         <kind>archive</kind>
         <file>driverlib.lib</file>
         <name>chipinfo.obj</name>
      </input_file>
      <input_file id="fl-2a">
         <path>/home/pramodh/ti/simplelink_cc13xx_cc26xx_sdk_5_30_01_01/source/ti/devices/cc13x2_cc26x2/driverlib/bin/ccs/</path>
         <kind>archive</kind>
         <file>driverlib.lib</file>
         <name>aux_sysif.obj</name>
      </input_file>
      <input_file id="fl-e0">
         <path>/home/pramodh/ti/ccs1100/ccs/tools/compiler/ti-cgt-arm_20.2.5.LTS/lib/</path>
         <kind>archive</kind>
         <file>rtsv7M4_T_le_v4SPD16_eabi.lib</file>
         <name>fd_add_t2.asm.obj</name>
      </input_file>
      <input_file id="fl-e1">
         <path>/home/pramodh/ti/ccs1100/ccs/tools/compiler/ti-cgt-arm_20.2.5.LTS/lib/</path>
         <kind>archive</kind>
         <file>rtsv7M4_T_le_v4SPD16_eabi.lib</file>
         <name>fd_cmp_t2.asm.obj</name>
      </input_file>
      <input_file id="fl-e2">
         <path>/home/pramodh/ti/ccs1100/ccs/tools/compiler/ti-cgt-arm_20.2.5.LTS/lib/</path>
         <kind>archive</kind>
         <file>rtsv7M4_T_le_v4SPD16_eabi.lib</file>
         <name>fd_mul_t2.asm.obj</name>
      </input_file>
      <input_file id="fl-e3">
         <path>/home/pramodh/ti/ccs1100/ccs/tools/compiler/ti-cgt-arm_20.2.5.LTS/lib/</path>
         <kind>archive</kind>
         <file>rtsv7M4_T_le_v4SPD16_eabi.lib</file>
         <name>fd_tou_t2.asm.obj</name>
      </input_file>
      <input_file id="fl-e4">
         <path>/home/pramodh/ti/ccs1100/ccs/tools/compiler/ti-cgt-arm_20.2.5.LTS/lib/</path>
         <kind>archive</kind>
         <file>rtsv7M4_T_le_v4SPD16_eabi.lib</file>
         <name>fs_tod_t2.asm.obj</name>
      </input_file>
      <input_file id="fl-e5">
         <path>/home/pramodh/ti/ccs1100/ccs/tools/compiler/ti-cgt-arm_20.2.5.LTS/lib/</path>
         <kind>archive</kind>
         <file>rtsv7M4_T_le_v4SPD16_eabi.lib</file>
         <name>ll_asr_t2.asm.obj</name>
      </input_file>
      <input_file id="fl-e6">
         <path>/home/pramodh/ti/ccs1100/ccs/tools/compiler/ti-cgt-arm_20.2.5.LTS/lib/</path>
         <kind>archive</kind>
         <file>rtsv7M4_T_le_v4SPD16_eabi.lib</file>
         <name>ll_mul_t2.asm.obj</name>
      </input_file>
      <input_file id="fl-e7">
         <path>/home/pramodh/ti/ccs1100/ccs/tools/compiler/ti-cgt-arm_20.2.5.LTS/lib/</path>
         <kind>archive</kind>
         <file>rtsv7M4_T_le_v4SPD16_eabi.lib</file>
         <name>memcpy_t2.asm.obj</name>
      </input_file>
      <input_file id="fl-e8">
         <path>/home/pramodh/ti/ccs1100/ccs/tools/compiler/ti-cgt-arm_20.2.5.LTS/lib/</path>
         <kind>archive</kind>
         <file>rtsv7M4_T_le_v4SPD16_eabi.lib</file>
         <name>u_tofd_t2.asm.obj</name>
      </input_file>
      <input_file id="fl-e9">
         <path>/home/pramodh/ti/ccs1100/ccs/tools/compiler/ti-cgt-arm_20.2.5.LTS/lib/</path>
         <kind>archive</kind>
         <file>rtsv7M4_T_le_v4SPD16_eabi.lib</file>
         <name>u_divt2.asm.obj</name>
      </input_file>
      <input_file id="fl-ea">
         <path>/home/pramodh/ti/ccs1100/ccs/tools/compiler/ti-cgt-arm_20.2.5.LTS/lib/</path>
         <kind>archive</kind>
         <file>rtsv7M4_T_le_v4SPD16_eabi.lib</file>
         <name>ll_div_t2.asm.obj</name>
      </input_file>
      <input_file id="fl-eb">
         <path>/home/pramodh/ti/ccs1100/ccs/tools/compiler/ti-cgt-arm_20.2.5.LTS/lib/</path>
         <kind>archive</kind>
         <file>rtsv7M4_T_le_v4SPD16_eabi.lib</file>
         <name>ull_div_t2.asm.obj</name>
      </input_file>
      <input_file id="fl-ec">
         <path>/home/pramodh/ti/ccs1100/ccs/tools/compiler/ti-cgt-arm_20.2.5.LTS/lib/</path>
         <kind>archive</kind>
         <file>rtsv7M4_T_le_v4SPD16_eabi.lib</file>
         <name>memset_t2.asm.obj</name>
      </input_file>
      <input_file id="fl-ed">
         <path>/home/pramodh/ti/ccs1100/ccs/tools/compiler/ti-cgt-arm_20.2.5.LTS/lib/</path>
         <kind>archive</kind>
         <file>rtsv7M4_T_le_v4SPD16_eabi.lib</file>
         <name>stkdepth_vars.c.obj</name>
      </input_file>
      <input_file id="fl-ee">
         <path>/home/pramodh/ti/ccs1100/ccs/tools/compiler/ti-cgt-arm_20.2.5.LTS/lib/</path>
         <kind>archive</kind>
         <file>rtsv7M4_T_le_v4SPD16_eabi.lib</file>
         <name>cpy_tbl.c.obj</name>
      </input_file>
      <input_file id="fl-ef">
         <path>/home/pramodh/ti/ccs1100/ccs/tools/compiler/ti-cgt-arm_20.2.5.LTS/lib/</path>
         <kind>archive</kind>
         <file>rtsv7M4_T_le_v4SPD16_eabi.lib</file>
         <name>copy_zero_init.c.obj</name>
      </input_file>
      <input_file id="fl-f0">
         <path>/home/pramodh/ti/ccs1100/ccs/tools/compiler/ti-cgt-arm_20.2.5.LTS/lib/</path>
         <kind>archive</kind>
         <file>rtsv7M4_T_le_v4SPD16_eabi.lib</file>
         <name>copy_decompress_none.c.obj</name>
      </input_file>
      <input_file id="fl-f1">
         <path>/home/pramodh/ti/ccs1100/ccs/tools/compiler/ti-cgt-arm_20.2.5.LTS/lib/</path>
         <kind>archive</kind>
         <file>rtsv7M4_T_le_v4SPD16_eabi.lib</file>
         <name>copy_decompress_lzss.c.obj</name>
      </input_file>
      <input_file id="fl-f2">
         <path>/home/pramodh/ti/ccs1100/ccs/tools/compiler/ti-cgt-arm_20.2.5.LTS/lib/</path>
         <kind>archive</kind>
         <file>rtsv7M4_T_le_v4SPD16_eabi.lib</file>
         <name>exit.c.obj</name>
      </input_file>
      <input_file id="fl-f3">
         <path>/home/pramodh/ti/ccs1100/ccs/tools/compiler/ti-cgt-arm_20.2.5.LTS/lib/</path>
         <kind>archive</kind>
         <file>rtsv7M4_T_le_v4SPD16_eabi.lib</file>
         <name>_lock.c.obj</name>
      </input_file>
      <input_file id="fl-f4">
         <path>/home/pramodh/ti/ccs1100/ccs/tools/compiler/ti-cgt-arm_20.2.5.LTS/lib/</path>
         <kind>archive</kind>
         <file>rtsv7M4_T_le_v4SPD16_eabi.lib</file>
         <name>args_main.c.obj</name>
      </input_file>
      <input_file id="fl-f5">
         <path>/home/pramodh/ti/ccs1100/ccs/tools/compiler/ti-cgt-arm_20.2.5.LTS/lib/</path>
         <kind>archive</kind>
         <file>rtsv7M4_T_le_v4SPD16_eabi.lib</file>
         <name>strcmp.c.obj</name>
      </input_file>
      <input_file id="fl-f6">
         <path>/home/pramodh/ti/ccs1100/ccs/tools/compiler/ti-cgt-arm_20.2.5.LTS/lib/</path>
         <kind>archive</kind>
         <file>rtsv7M4_T_le_v4SPD16_eabi.lib</file>
         <name>strcpy.c.obj</name>
      </input_file>
      <input_file id="fl-f7">
         <path>/home/pramodh/ti/ccs1100/ccs/tools/compiler/ti-cgt-arm_20.2.5.LTS/lib/</path>
         <kind>archive</kind>
         <file>rtsv7M4_T_le_v4SPD16_eabi.lib</file>
         <name>strpbrk.c.obj</name>
      </input_file>
      <input_file id="fl-f8">
         <path>/home/pramodh/ti/ccs1100/ccs/tools/compiler/ti-cgt-arm_20.2.5.LTS/lib/</path>
         <kind>archive</kind>
         <file>rtsv7M4_T_le_v4SPD16_eabi.lib</file>
         <name>div0.asm.obj</name>
      </input_file>
   </input_file_list>
   <object_component_list>
      <object_component id="oc-666">
         <name>.text</name>
         <load_address>0x3c</load_address>
         <run_address>0x3c</run_address>
         <size>0x1b6</size>
         <input_file_ref idref="fl-e0"/>
      </object_component>
      <object_component id="oc-711">
         <name>.text:Board_initHook</name>
         <load_address>0x1f2</load_address>
         <run_address>0x1f2</run_address>
         <size>0x2</size>
         <input_file_ref idref="fl-4"/>
      </object_component>
      <object_component id="oc-b19">
         <name>.text:Power_sleep</name>
         <load_address>0x1f4</load_address>
         <run_address>0x1f4</run_address>
         <size>0x198</size>
         <input_file_ref idref="fl-17"/>
      </object_component>
      <object_component id="oc-a6c">
         <name>.text:calibrateRcoscHf1</name>
         <load_address>0x38c</load_address>
         <run_address>0x38c</run_address>
         <size>0x190</size>
         <input_file_ref idref="fl-18"/>
      </object_component>
      <object_component id="oc-b4f">
         <name>.text:runCalibrateFsm</name>
         <load_address>0x51c</load_address>
         <run_address>0x51c</run_address>
         <size>0x18c</size>
         <input_file_ref idref="fl-18"/>
      </object_component>
      <object_component id="oc-344">
         <name>.text:xdc_runtime_System_printfExtend__I</name>
         <load_address>0x6a8</load_address>
         <run_address>0x6a8</run_address>
         <size>0x188</size>
         <input_file_ref idref="fl-c"/>
      </object_component>
      <object_component id="oc-6ff">
         <name>.text:Power_init</name>
         <load_address>0x830</load_address>
         <run_address>0x830</run_address>
         <size>0x16c</size>
         <input_file_ref idref="fl-17"/>
      </object_component>
      <object_component id="oc-9f7">
         <name>.text:configureXOSCHF</name>
         <load_address>0x99c</load_address>
         <run_address>0x99c</run_address>
         <size>0x120</size>
         <input_file_ref idref="fl-17"/>
      </object_component>
      <object_component id="oc-66b">
         <name>.text</name>
         <load_address>0xabc</load_address>
         <run_address>0xabc</run_address>
         <size>0xfc</size>
         <input_file_ref idref="fl-e2"/>
      </object_component>
      <object_component id="oc-b90">
         <name>.text:NOROM_SysCtrlStandby</name>
         <load_address>0xbb8</load_address>
         <run_address>0xbb8</run_address>
         <size>0xf0</size>
         <input_file_ref idref="fl-28"/>
      </object_component>
      <object_component id="oc-5b3">
         <name>.text:pthread_create</name>
         <load_address>0xca8</load_address>
         <run_address>0xca8</run_address>
         <size>0xec</size>
         <input_file_ref idref="fl-1e"/>
      </object_component>
      <object_component id="oc-705">
         <name>.text:GPIO_init</name>
         <load_address>0xd94</load_address>
         <run_address>0xd94</run_address>
         <size>0xe8</size>
         <input_file_ref idref="fl-16"/>
      </object_component>
      <object_component id="oc-a42">
         <name>.text:PowerCC26XX_standbyPolicy</name>
         <load_address>0xe7c</load_address>
         <run_address>0xe7c</run_address>
         <size>0xc8</size>
         <input_file_ref idref="fl-1d"/>
      </object_component>
      <object_component id="oc-ba8">
         <name>.text:Power_releaseDependency</name>
         <load_address>0xf44</load_address>
         <run_address>0xf44</run_address>
         <size>0xc0</size>
         <input_file_ref idref="fl-17"/>
      </object_component>
      <object_component id="oc-2b2">
         <name>.text:NOROM_SetupTrimDevice</name>
         <load_address>0x1004</load_address>
         <run_address>0x1004</run_address>
         <size>0xbc</size>
         <input_file_ref idref="fl-27"/>
      </object_component>
      <object_component id="oc-982">
         <name>.text:Power_setDependency</name>
         <load_address>0x10c0</load_address>
         <run_address>0x10c0</run_address>
         <size>0xb8</size>
         <input_file_ref idref="fl-17"/>
      </object_component>
      <object_component id="oc-5d7">
         <name>.text:TrimAfterColdResetWakeupFromShutDown</name>
         <load_address>0x1178</load_address>
         <run_address>0x1178</run_address>
         <size>0xb0</size>
         <input_file_ref idref="fl-27"/>
      </object_component>
      <object_component id="oc-24f">
         <name>.text</name>
         <load_address>0x1228</load_address>
         <run_address>0x1228</run_address>
         <size>0xa0</size>
         <input_file_ref idref="fl-23"/>
      </object_component>
      <object_component id="oc-71f">
         <name>.text:ti_sysbios_knl_Task_setPri__E</name>
         <load_address>0x12c8</load_address>
         <run_address>0x12c8</run_address>
         <size>0xa0</size>
         <input_file_ref idref="fl-1e"/>
      </object_component>
      <object_component id="oc-26f">
         <name>.text</name>
         <load_address>0x1368</load_address>
         <run_address>0x1368</run_address>
         <size>0x9c</size>
         <input_file_ref idref="fl-e7"/>
      </object_component>
      <object_component id="oc-6b3">
         <name>.text</name>
         <load_address>0x1404</load_address>
         <run_address>0x1404</run_address>
         <size>0x96</size>
         <input_file_ref idref="fl-eb"/>
      </object_component>
      <object_component id="oc-929">
         <name>.text:_nop</name>
         <load_address>0x149a</load_address>
         <run_address>0x149a</run_address>
         <size>0x2</size>
         <input_file_ref idref="fl-f3"/>
      </object_component>
      <object_component id="oc-b37">
         <name>.text:NOROM_OSCHF_AttemptToSwitchToXosc</name>
         <load_address>0x149c</load_address>
         <run_address>0x149c</run_address>
         <size>0x88</size>
         <input_file_ref idref="fl-25"/>
      </object_component>
      <object_component id="oc-ac5">
         <name>.text:_pthread_removeThreadKeys</name>
         <load_address>0x1524</load_address>
         <run_address>0x1524</run_address>
         <size>0x88</size>
         <input_file_ref idref="fl-1e"/>
      </object_component>
      <object_component id="oc-a66">
         <name>.text:calibrateRcoscHf2</name>
         <load_address>0x15ac</load_address>
         <run_address>0x15ac</run_address>
         <size>0x88</size>
         <input_file_ref idref="fl-18"/>
      </object_component>
      <object_component id="oc-a5f">
         <name>.text:disableLFClockQualifiers</name>
         <load_address>0x1634</load_address>
         <run_address>0x1634</run_address>
         <size>0x88</size>
         <input_file_ref idref="fl-17"/>
      </object_component>
      <object_component id="oc-a72">
         <name>.text:updateSubSecInc</name>
         <load_address>0x16bc</load_address>
         <run_address>0x16bc</run_address>
         <size>0x88</size>
         <input_file_ref idref="fl-18"/>
      </object_component>
      <object_component id="oc-652">
         <name>.text:__aeabi_cdcmple</name>
         <load_address>0x1744</load_address>
         <run_address>0x1744</run_address>
         <size>0x86</size>
         <input_file_ref idref="fl-e1"/>
      </object_component>
      <object_component id="oc-657">
         <name>.text:__aeabi_cdrcmple</name>
         <load_address>0x17ca</load_address>
         <run_address>0x17ca</run_address>
         <size>0x86</size>
         <input_file_ref idref="fl-e1"/>
      </object_component>
      <object_component id="oc-319">
         <name>.text:ti_sysbios_family_arm_m3_Hwi_excHandlerMin__I</name>
         <load_address>0x1850</load_address>
         <run_address>0x1850</run_address>
         <size>0x84</size>
         <input_file_ref idref="fl-1e"/>
      </object_component>
      <object_component id="oc-bbc">
         <name>.text:NOROM_SysCtrlSetRechargeBeforePowerDown</name>
         <load_address>0x18d4</load_address>
         <run_address>0x18d4</run_address>
         <size>0x80</size>
         <input_file_ref idref="fl-28"/>
      </object_component>
      <object_component id="oc-521">
         <name>.text:ti_sysbios_family_arm_cc26xx_Timer_start__E</name>
         <load_address>0x1954</load_address>
         <run_address>0x1954</run_address>
         <size>0x80</size>
         <input_file_ref idref="fl-1e"/>
      </object_component>
      <object_component id="oc-2ce">
         <name>.text</name>
         <load_address>0x19d4</load_address>
         <run_address>0x19d4</run_address>
         <size>0x7a</size>
         <input_file_ref idref="fl-ec"/>
      </object_component>
      <object_component id="oc-635">
         <name>.text:ti_sysbios_heaps_HeapMem_allocUnprotected__E</name>
         <load_address>0x1a4e</load_address>
         <run_address>0x1a4e</run_address>
         <size>0x76</size>
         <input_file_ref idref="fl-1e"/>
      </object_component>
      <object_component id="oc-975">
         <name>.text:PowerCC26X2_auxISR</name>
         <load_address>0x1ac4</load_address>
         <run_address>0x1ac4</run_address>
         <size>0x74</size>
         <input_file_ref idref="fl-18"/>
      </object_component>
      <object_component id="oc-55d">
         <name>.text:xdc_runtime_System_formatNum__I</name>
         <load_address>0x1b38</load_address>
         <run_address>0x1b38</run_address>
         <size>0x6d</size>
         <input_file_ref idref="fl-1e"/>
      </object_component>
      <object_component id="oc-963">
         <name>.text:emptyClockFunc</name>
         <load_address>0x1ba6</load_address>
         <run_address>0x1ba6</run_address>
         <size>0x2</size>
         <input_file_ref idref="fl-17"/>
      </object_component>
      <object_component id="oc-73f">
         <name>.text:GPIO_setConfig</name>
         <load_address>0x1ba8</load_address>
         <run_address>0x1ba8</run_address>
         <size>0x6c</size>
         <input_file_ref idref="fl-16"/>
      </object_component>
      <object_component id="oc-ae9">
         <name>.text:NOROM_OSCHF_SwitchToRcOscTurnOffXosc</name>
         <load_address>0x1c14</load_address>
         <run_address>0x1c14</run_address>
         <size>0x68</size>
         <input_file_ref idref="fl-25"/>
      </object_component>
      <object_component id="oc-31">
         <name>.text:decompress:lzss:__TI_decompress_lzss</name>
         <load_address>0x1c7c</load_address>
         <run_address>0x1c7c</run_address>
         <size>0x68</size>
         <input_file_ref idref="fl-f1"/>
      </object_component>
      <object_component id="oc-2a8">
         <name>.text:main</name>
         <load_address>0x1ce4</load_address>
         <run_address>0x1ce4</run_address>
         <size>0x60</size>
         <input_file_ref idref="fl-5"/>
      </object_component>
      <object_component id="oc-616">
         <name>.text:ti_sysbios_heaps_HeapMem_initPrimary__I</name>
         <load_address>0x1d44</load_address>
         <run_address>0x1d44</run_address>
         <size>0x5c</size>
         <input_file_ref idref="fl-1e"/>
      </object_component>
      <object_component id="oc-51b">
         <name>.text:xdc_runtime_Startup_getState__I</name>
         <load_address>0x1da0</load_address>
         <run_address>0x1da0</run_address>
         <size>0x5c</size>
         <input_file_ref idref="fl-c"/>
      </object_component>
      <object_component id="oc-b2c">
         <name>.text:PowerCC26X2_initiateCalibration</name>
         <load_address>0x1dfc</load_address>
         <run_address>0x1dfc</run_address>
         <size>0x58</size>
         <input_file_ref idref="fl-18"/>
      </object_component>
      <object_component id="oc-2c">
         <name>.text</name>
         <load_address>0x1e54</load_address>
         <run_address>0x1e54</run_address>
         <size>0x58</size>
         <input_file_ref idref="fl-22"/>
      </object_component>
      <object_component id="oc-9c6">
         <name>.text:pthread_exit</name>
         <load_address>0x1eac</load_address>
         <run_address>0x1eac</run_address>
         <size>0x58</size>
         <input_file_ref idref="fl-1e"/>
      </object_component>
      <object_component id="oc-31f">
         <name>.text:ti_sysbios_heaps_HeapMem_alloc__E</name>
         <load_address>0x1f04</load_address>
         <run_address>0x1f04</run_address>
         <size>0x58</size>
         <input_file_ref idref="fl-1e"/>
      </object_component>
      <object_component id="oc-9a8">
         <name>.text:Board_sendExtFlashByte</name>
         <load_address>0x1f5c</load_address>
         <run_address>0x1f5c</run_address>
         <size>0x56</size>
         <input_file_ref idref="fl-4"/>
      </object_component>
      <object_component id="oc-908">
         <name>.text</name>
         <load_address>0x1fb2</load_address>
         <run_address>0x1fb2</run_address>
         <size>0x2</size>
         <input_file_ref idref="fl-f8"/>
      </object_component>
      <object_component id="oc-70b">
         <name>.text:Board_shutDownExtFlash</name>
         <load_address>0x1fb4</load_address>
         <run_address>0x1fb4</run_address>
         <size>0x54</size>
         <input_file_ref idref="fl-4"/>
      </object_component>
      <object_component id="oc-bc2">
         <name>.text:NOROM_PRCMPowerDomainsAllOff</name>
         <load_address>0x2008</load_address>
         <run_address>0x2008</run_address>
         <size>0x54</size>
         <input_file_ref idref="fl-24"/>
      </object_component>
      <object_component id="oc-994">
         <name>.text:GPIO_hwiIntFxn</name>
         <load_address>0x205c</load_address>
         <run_address>0x205c</run_address>
         <size>0x50</size>
         <input_file_ref idref="fl-16"/>
      </object_component>
      <object_component id="oc-a80">
         <name>.text:NOROM_PRCMPowerDomainsAllOn</name>
         <load_address>0x20ac</load_address>
         <run_address>0x20ac</run_address>
         <size>0x4c</size>
         <input_file_ref idref="fl-24"/>
      </object_component>
      <object_component id="oc-2a1">
         <name>.text:copy_in</name>
         <load_address>0x20f8</load_address>
         <run_address>0x20f8</run_address>
         <size>0x4c</size>
         <input_file_ref idref="fl-ee"/>
      </object_component>
      <object_component id="oc-969">
         <name>.text:PowerCC26X2_RCOSC_clockFunc</name>
         <load_address>0x2144</load_address>
         <run_address>0x2144</run_address>
         <size>0x48</size>
         <input_file_ref idref="fl-18"/>
      </object_component>
      <object_component id="oc-a56">
         <name>.text:switchXOSCHF</name>
         <load_address>0x218c</load_address>
         <run_address>0x218c</run_address>
         <size>0x48</size>
         <input_file_ref idref="fl-17"/>
      </object_component>
      <object_component id="oc-75d">
         <name>.text:NOROM_ChipInfo_GetHwRevision</name>
         <load_address>0x21d4</load_address>
         <run_address>0x21d4</run_address>
         <size>0x44</size>
         <input_file_ref idref="fl-29"/>
      </object_component>
      <object_component id="oc-65c">
         <name>.text</name>
         <load_address>0x2218</load_address>
         <run_address>0x2218</run_address>
         <size>0x44</size>
         <input_file_ref idref="fl-e3"/>
      </object_component>
      <object_component id="oc-942">
         <name>.text:ClockP_construct</name>
         <load_address>0x225c</load_address>
         <run_address>0x225c</run_address>
         <size>0x40</size>
         <input_file_ref idref="fl-1b"/>
      </object_component>
      <object_component id="oc-b48">
         <name>.text:NOROM_OSC_HPOSCRelativeFrequencyOffsetGet</name>
         <load_address>0x229c</load_address>
         <run_address>0x229c</run_address>
         <size>0x40</size>
         <input_file_ref idref="fl-25"/>
      </object_component>
      <object_component id="oc-6be">
         <name>.text</name>
         <load_address>0x22dc</load_address>
         <run_address>0x22dc</run_address>
         <size>0x40</size>
         <input_file_ref idref="fl-e9"/>
      </object_component>
      <object_component id="oc-52d">
         <name>.text:ti_sysbios_family_arm_cc26xx_Timer_setThreshold__I</name>
         <load_address>0x231c</load_address>
         <run_address>0x231c</run_address>
         <size>0x40</size>
         <input_file_ref idref="fl-1e"/>
      </object_component>
      <object_component id="oc-94e">
         <name>.text:HwiP_construct</name>
         <load_address>0x235c</load_address>
         <run_address>0x235c</run_address>
         <size>0x3e</size>
         <input_file_ref idref="fl-1c"/>
      </object_component>
      <object_component id="oc-930">
         <name>.text:ti_sysbios_BIOS_nullFunc__I</name>
         <load_address>0x239a</load_address>
         <run_address>0x239a</run_address>
         <size>0x2</size>
         <input_file_ref idref="fl-c"/>
      </object_component>
      <object_component id="oc-9e2">
         <name>.text:InternCapArrayAdjustWithBaseline7001F</name>
         <load_address>0x239c</load_address>
         <run_address>0x239c</run_address>
         <size>0x3c</size>
         <input_file_ref idref="fl-25"/>
      </object_component>
      <object_component id="oc-74b">
         <name>.text:sleep</name>
         <load_address>0x23d8</load_address>
         <run_address>0x23d8</run_address>
         <size>0x3c</size>
         <input_file_ref idref="fl-1e"/>
      </object_component>
      <object_component id="oc-a39">
         <name>.text:ti_sysbios_family_arm_m3_Hwi_construct2__E</name>
         <load_address>0x2414</load_address>
         <run_address>0x2414</run_address>
         <size>0x3c</size>
         <input_file_ref idref="fl-1e"/>
      </object_component>
      <object_component id="oc-5b9">
         <name>.text:mainThread</name>
         <load_address>0x2450</load_address>
         <run_address>0x2450</run_address>
         <size>0x38</size>
         <input_file_ref idref="fl-2"/>
      </object_component>
      <object_component id="oc-b3d">
         <name>.text:notify</name>
         <load_address>0x2488</load_address>
         <run_address>0x2488</run_address>
         <size>0x38</size>
         <input_file_ref idref="fl-17"/>
      </object_component>
      <object_component id="oc-64d">
         <name>.text</name>
         <load_address>0x24c0</load_address>
         <run_address>0x24c0</run_address>
         <size>0x38</size>
         <input_file_ref idref="fl-e4"/>
      </object_component>
      <object_component id="oc-76a">
         <name>.text:NOROM_AUXSYSIFOpModeChange</name>
         <load_address>0x24f8</load_address>
         <run_address>0x24f8</run_address>
         <size>0x34</size>
         <input_file_ref idref="fl-2a"/>
      </object_component>
      <object_component id="oc-b1f">
         <name>.text:NOROM_SysCtrlIdle</name>
         <load_address>0x252c</load_address>
         <run_address>0x252c</run_address>
         <size>0x34</size>
         <input_file_ref idref="fl-28"/>
      </object_component>
      <object_component id="oc-533">
         <name>.text:ti_sysbios_family_arm_cc26xx_Timer_setNextTick__E</name>
         <load_address>0x2560</load_address>
         <run_address>0x2560</run_address>
         <size>0x32</size>
         <input_file_ref idref="fl-1e"/>
      </object_component>
      <object_component id="oc-353">
         <name>.text:xdc_runtime_SysCallback_defaultAbort</name>
         <load_address>0x2592</load_address>
         <run_address>0x2592</run_address>
         <size>0x2</size>
         <input_file_ref idref="fl-1e"/>
      </object_component>
      <object_component id="oc-9a2">
         <name>.text:Board_wakeUpExtFlash</name>
         <load_address>0x2594</load_address>
         <run_address>0x2594</run_address>
         <size>0x30</size>
         <input_file_ref idref="fl-4"/>
      </object_component>
      <object_component id="oc-af5">
         <name>.text:Power_releaseConstraint</name>
         <load_address>0x25c4</load_address>
         <run_address>0x25c4</run_address>
         <size>0x30</size>
         <input_file_ref idref="fl-17"/>
      </object_component>
      <object_component id="oc-954">
         <name>.text:Power_setConstraint</name>
         <load_address>0x25f4</load_address>
         <run_address>0x25f4</run_address>
         <size>0x30</size>
         <input_file_ref idref="fl-17"/>
      </object_component>
      <object_component id="oc-9dc">
         <name>.text:SpecialCapArrayWorkaroundEnabledAndNeeded</name>
         <load_address>0x2624</load_address>
         <run_address>0x2624</run_address>
         <size>0x30</size>
         <input_file_ref idref="fl-25"/>
      </object_component>
      <object_component id="oc-6d7">
         <name>.text:ti_sysbios_BIOS_atExitFunc__I</name>
         <load_address>0x2654</load_address>
         <run_address>0x2654</run_address>
         <size>0x30</size>
         <input_file_ref idref="fl-c"/>
      </object_component>
      <object_component id="oc-568">
         <name>.text:ti_sysbios_BIOS_startFunc__I</name>
         <load_address>0x2684</load_address>
         <run_address>0x2684</run_address>
         <size>0x30</size>
         <input_file_ref idref="fl-c"/>
      </object_component>
      <object_component id="oc-54b">
         <name>.text:ti_sysbios_family_arm_cc26xx_Timer_getCurrentTick__E</name>
         <load_address>0x26b4</load_address>
         <run_address>0x26b4</run_address>
         <size>0x30</size>
         <input_file_ref idref="fl-1e"/>
      </object_component>
      <object_component id="oc-527">
         <name>.text:ti_sysbios_family_arm_cc26xx_Timer_initDevice__I</name>
         <load_address>0x26e4</load_address>
         <run_address>0x26e4</run_address>
         <size>0x30</size>
         <input_file_ref idref="fl-1e"/>
      </object_component>
      <object_component id="oc-9ae">
         <name>.text:GPIO_resetConfig</name>
         <load_address>0x2714</load_address>
         <run_address>0x2714</run_address>
         <size>0x2c</size>
         <input_file_ref idref="fl-15"/>
      </object_component>
      <object_component id="oc-725">
         <name>.text:_pthread_delete$45</name>
         <load_address>0x2740</load_address>
         <run_address>0x2740</run_address>
         <size>0x2c</size>
         <input_file_ref idref="fl-1e"/>
      </object_component>
      <object_component id="oc-ab9">
         <name>.text:pthread_setcancelstate</name>
         <load_address>0x276c</load_address>
         <run_address>0x276c</run_address>
         <size>0x2c</size>
         <input_file_ref idref="fl-1e"/>
      </object_component>
      <object_component id="oc-b0d">
         <name>.text:ti_sysbios_knl_Clock_getTicksUntilInterrupt__E</name>
         <load_address>0x2798</load_address>
         <run_address>0x2798</run_address>
         <size>0x2c</size>
         <input_file_ref idref="fl-1e"/>
      </object_component>
      <object_component id="oc-96f">
         <name>.text:oscillatorISR</name>
         <load_address>0x27c4</load_address>
         <run_address>0x27c4</run_address>
         <size>0x28</size>
         <input_file_ref idref="fl-17"/>
      </object_component>
      <object_component id="oc-a50">
         <name>.text:NOROM_OSCHF_TurnOnXosc</name>
         <load_address>0x27ec</load_address>
         <run_address>0x27ec</run_address>
         <size>0x24</size>
         <input_file_ref idref="fl-25"/>
      </object_component>
      <object_component id="oc-764">
         <name>.text:NOROM_OSC_CapArrayAdjustWorkaround_Boot</name>
         <load_address>0x2810</load_address>
         <run_address>0x2810</run_address>
         <size>0x24</size>
         <input_file_ref idref="fl-25"/>
      </object_component>
      <object_component id="oc-5fa">
         <name>.text:_pthread_cleanupFxn</name>
         <load_address>0x2834</load_address>
         <run_address>0x2834</run_address>
         <size>0x24</size>
         <input_file_ref idref="fl-1e"/>
      </object_component>
      <object_component id="oc-b9a">
         <name>.text:getTdcSemaphore</name>
         <load_address>0x2858</load_address>
         <run_address>0x2858</run_address>
         <size>0x24</size>
         <input_file_ref idref="fl-18"/>
      </object_component>
      <object_component id="oc-59b">
         <name>.text:pthread_attr_init</name>
         <load_address>0x287c</load_address>
         <run_address>0x287c</run_address>
         <size>0x24</size>
         <input_file_ref idref="fl-1e"/>
      </object_component>
      <object_component id="oc-6d1">
         <name>.text:ti_sysbios_BIOS_registerRTSLock__I</name>
         <load_address>0x28a0</load_address>
         <run_address>0x28a0</run_address>
         <size>0x24</size>
         <input_file_ref idref="fl-c"/>
      </object_component>
      <object_component id="oc-6de">
         <name>.text:ti_sysbios_BIOS_removeRTSLock__I</name>
         <load_address>0x28c4</load_address>
         <run_address>0x28c4</run_address>
         <size>0x24</size>
         <input_file_ref idref="fl-c"/>
      </object_component>
      <object_component id="oc-539">
         <name>.text:ti_sysbios_family_arm_cc26xx_Timer_getMaxTicks__E</name>
         <load_address>0x28e8</load_address>
         <run_address>0x28e8</run_address>
         <size>0x24</size>
         <input_file_ref idref="fl-1e"/>
      </object_component>
      <object_component id="oc-661">
         <name>.text</name>
         <load_address>0x290c</load_address>
         <run_address>0x290c</run_address>
         <size>0x20</size>
         <input_file_ref idref="fl-e8"/>
      </object_component>
      <object_component id="oc-91c">
         <name>.text:ti_sysbios_BIOS_rtsLock__I</name>
         <load_address>0x292c</load_address>
         <run_address>0x292c</run_address>
         <size>0x20</size>
         <input_file_ref idref="fl-c"/>
      </object_component>
      <object_component id="oc-545">
         <name>.text:ti_sysbios_family_arm_cc26xx_Timer_dynamicStub__E</name>
         <load_address>0x294c</load_address>
         <run_address>0x294c</run_address>
         <size>0x20</size>
         <input_file_ref idref="fl-1e"/>
      </object_component>
      <object_component id="oc-2f2">
         <name>.text:xdc_runtime_Error_policyMin__E</name>
         <load_address>0x296c</load_address>
         <run_address>0x296c</run_address>
         <size>0x20</size>
         <input_file_ref idref="fl-1e"/>
      </object_component>
      <object_component id="oc-b13">
         <name>.text:Power_getTransitionLatency</name>
         <load_address>0x298c</load_address>
         <run_address>0x298c</run_address>
         <size>0x1e</size>
         <input_file_ref idref="fl-17"/>
      </object_component>
      <object_component id="oc-313">
         <name>.text:xdc_runtime_SysCallback_defaultExit</name>
         <load_address>0x29aa</load_address>
         <run_address>0x29aa</run_address>
         <size>0x2</size>
         <input_file_ref idref="fl-1e"/>
      </object_component>
      <object_component id="oc-757">
         <name>.text:NOROM_ChipInfo_GetChipFamily</name>
         <load_address>0x29ac</load_address>
         <run_address>0x29ac</run_address>
         <size>0x1c</size>
         <input_file_ref idref="fl-29"/>
      </object_component>
      <object_component id="oc-b7e">
         <name>.text:PowerCC26XX_schedulerDisable</name>
         <load_address>0x29c8</load_address>
         <run_address>0x29c8</run_address>
         <size>0x1c</size>
         <input_file_ref idref="fl-1d"/>
      </object_component>
      <object_component id="oc-b84">
         <name>.text:PowerCC26XX_schedulerRestore</name>
         <load_address>0x29e4</load_address>
         <run_address>0x29e4</run_address>
         <size>0x1c</size>
         <input_file_ref idref="fl-1d"/>
      </object_component>
      <object_component id="oc-2dd">
         <name>.text:xdc_runtime_Startup_exec__I</name>
         <load_address>0x2a00</load_address>
         <run_address>0x2a00</run_address>
         <size>0x1c</size>
         <input_file_ref idref="fl-c"/>
      </object_component>
      <object_component id="oc-a48">
         <name>.text:PowerCC26XX_calibrate</name>
         <load_address>0x2a1c</load_address>
         <run_address>0x2a1c</run_address>
         <size>0x1a</size>
         <input_file_ref idref="fl-17"/>
      </object_component>
      <object_component id="oc-304">
         <name>.text:xdc_runtime_SysCallback_defaultFlush</name>
         <load_address>0x2a36</load_address>
         <run_address>0x2a36</run_address>
         <size>0x2</size>
         <input_file_ref idref="fl-1e"/>
      </object_component>
      <object_component id="oc-a9e">
         <name>.text:GPIO_disableInt</name>
         <load_address>0x2a38</load_address>
         <run_address>0x2a38</run_address>
         <size>0x18</size>
         <input_file_ref idref="fl-16"/>
      </object_component>
      <object_component id="oc-aa4">
         <name>.text:GPIO_setCallback</name>
         <load_address>0x2a50</load_address>
         <run_address>0x2a50</run_address>
         <size>0x18</size>
         <input_file_ref idref="fl-15"/>
      </object_component>
      <object_component id="oc-5f4">
         <name>.text:Power_idleFunc</name>
         <load_address>0x2a68</load_address>
         <run_address>0x2a68</run_address>
         <size>0x18</size>
         <input_file_ref idref="fl-17"/>
      </object_component>
      <object_component id="oc-254">
         <name>.text:_args_main</name>
         <load_address>0x2a80</load_address>
         <run_address>0x2a80</run_address>
         <size>0x18</size>
         <input_file_ref idref="fl-f4"/>
      </object_component>
      <object_component id="oc-6ad">
         <name>.text</name>
         <load_address>0x2a98</load_address>
         <run_address>0x2a98</run_address>
         <size>0x18</size>
         <input_file_ref idref="fl-e6"/>
      </object_component>
      <object_component id="oc-95d">
         <name>.text:switchToTCXO</name>
         <load_address>0x2ab0</load_address>
         <run_address>0x2ab0</run_address>
         <size>0x18</size>
         <input_file_ref idref="fl-17"/>
      </object_component>
      <object_component id="oc-922">
         <name>.text:ti_sysbios_BIOS_rtsUnlock__I</name>
         <load_address>0x2ac8</load_address>
         <run_address>0x2ac8</run_address>
         <size>0x18</size>
         <input_file_ref idref="fl-c"/>
      </object_component>
      <object_component id="oc-557">
         <name>.text:xdc_runtime_Error_init__E</name>
         <load_address>0x2ae0</load_address>
         <run_address>0x2ae0</run_address>
         <size>0x18</size>
         <input_file_ref idref="fl-1e"/>
      </object_component>
      <object_component id="oc-5d1">
         <name>.text:NOROM_ThisLibraryIsFor_CC13x2_CC26x2_HwRev20AndLater_HaltIfViolated</name>
         <load_address>0x2af8</load_address>
         <run_address>0x2af8</run_address>
         <size>0x16</size>
         <input_file_ref idref="fl-29"/>
      </object_component>
      <object_component id="oc-abf">
         <name>.text:_pthread_cleanup_pop</name>
         <load_address>0x2b0e</load_address>
         <run_address>0x2b0e</run_address>
         <size>0x16</size>
         <input_file_ref idref="fl-1e"/>
      </object_component>
      <object_component id="oc-56e">
         <name>.text:ti_sysbios_BIOS_exitFunc__I</name>
         <load_address>0x2b24</load_address>
         <run_address>0x2b24</run_address>
         <size>0x16</size>
         <input_file_ref idref="fl-c"/>
      </object_component>
      <object_component id="oc-595">
         <name>.text:Board_init</name>
         <load_address>0x2b3a</load_address>
         <run_address>0x2b3a</run_address>
         <size>0x14</size>
         <input_file_ref idref="fl-4"/>
      </object_component>
      <object_component id="oc-a78">
         <name>.text:PowerCC26X2_calibrate</name>
         <load_address>0x2b4e</load_address>
         <run_address>0x2b4e</run_address>
         <size>0x14</size>
         <input_file_ref idref="fl-18"/>
      </object_component>
      <object_component id="oc-5a1">
         <name>.text:pthread_attr_setschedparam</name>
         <load_address>0x2b62</load_address>
         <run_address>0x2b62</run_address>
         <size>0x14</size>
         <input_file_ref idref="fl-1e"/>
      </object_component>
      <object_component id="oc-337">
         <name>.text:xdc_runtime_SysCallback_defaultPutch</name>
         <load_address>0x2b76</load_address>
         <run_address>0x2b76</run_address>
         <size>0x2</size>
         <input_file_ref idref="fl-1e"/>
      </object_component>
      <object_component id="oc-53f">
         <name>.text:ti_sysbios_family_arm_cc26xx_Timer_getCount64__E</name>
         <load_address>0x2b78</load_address>
         <run_address>0x2b78</run_address>
         <size>0x14</size>
         <input_file_ref idref="fl-1e"/>
      </object_component>
      <object_component id="oc-6c9">
         <name>.text:ti_sysbios_knl_Clock_doTick__I</name>
         <load_address>0x2b8c</load_address>
         <run_address>0x2b8c</run_address>
         <size>0x14</size>
         <input_file_ref idref="fl-c"/>
      </object_component>
      <object_component id="oc-72b">
         <name>.text:_pthread_runStub$45</name>
         <load_address>0x2ba0</load_address>
         <run_address>0x2ba0</run_address>
         <size>0x12</size>
         <input_file_ref idref="fl-1e"/>
      </object_component>
      <object_component id="oc-aaa">
         <name>.text:GPIO_setUserArg</name>
         <load_address>0x2bb4</load_address>
         <run_address>0x2bb4</run_address>
         <size>0x10</size>
         <input_file_ref idref="fl-15"/>
      </object_component>
      <object_component id="oc-745">
         <name>.text:GPIO_write</name>
         <load_address>0x2bc4</load_address>
         <run_address>0x2bc4</run_address>
         <size>0x10</size>
         <input_file_ref idref="fl-16"/>
      </object_component>
      <object_component id="oc-988">
         <name>.text:HwiP_Params_init</name>
         <load_address>0x2bd4</load_address>
         <run_address>0x2bd4</run_address>
         <size>0x10</size>
         <input_file_ref idref="fl-1c"/>
      </object_component>
      <object_component id="oc-37">
         <name>.text:decompress:none:__TI_decompress_none</name>
         <load_address>0x2be4</load_address>
         <run_address>0x2be4</run_address>
         <size>0xe</size>
         <input_file_ref idref="fl-f0"/>
      </object_component>
      <object_component id="oc-5a7">
         <name>.text:pthread_attr_setdetachstate</name>
         <load_address>0x2bf2</load_address>
         <run_address>0x2bf2</run_address>
         <size>0xe</size>
         <input_file_ref idref="fl-1e"/>
      </object_component>
      <object_component id="oc-551">
         <name>.text:ti_sysbios_family_arm_cc26xx_TimestampProvider_get32__E</name>
         <load_address>0x2c00</load_address>
         <run_address>0x2c00</run_address>
         <size>0xe</size>
         <input_file_ref idref="fl-1e"/>
      </object_component>
      <object_component id="oc-93c">
         <name>.text:ClockP_getSystemTickPeriod</name>
         <load_address>0x2c10</load_address>
         <run_address>0x2c10</run_address>
         <size>0xc</size>
         <input_file_ref idref="fl-1b"/>
      </object_component>
      <object_component id="oc-6a0">
         <name>.text:NOROM_CPUcpsid</name>
         <load_address>0x2c1c</load_address>
         <run_address>0x2c1c</run_address>
         <size>0xc</size>
         <input_file_ref idref="fl-26"/>
      </object_component>
      <object_component id="oc-6a6">
         <name>.text:NOROM_CPUcpsie</name>
         <load_address>0x2c28</load_address>
         <run_address>0x2c28</run_address>
         <size>0xc</size>
         <input_file_ref idref="fl-26"/>
      </object_component>
      <object_component id="oc-ae3">
         <name>.text:Power_getConstraintMask</name>
         <load_address>0x2c34</load_address>
         <run_address>0x2c34</run_address>
         <size>0xc</size>
         <input_file_ref idref="fl-17"/>
      </object_component>
      <object_component id="oc-b8a">
         <name>.text:Power_getDependencyCount</name>
         <load_address>0x2c40</load_address>
         <run_address>0x2c40</run_address>
         <size>0xc</size>
         <input_file_ref idref="fl-17"/>
      </object_component>
      <object_component id="oc-910">
         <name>.text:_register_lock</name>
         <load_address>0x2c4c</load_address>
         <run_address>0x2c4c</run_address>
         <size>0xc</size>
         <input_file_ref idref="fl-f3"/>
      </object_component>
      <object_component id="oc-916">
         <name>.text:_register_unlock</name>
         <load_address>0x2c58</load_address>
         <run_address>0x2c58</run_address>
         <size>0xc</size>
         <input_file_ref idref="fl-f3"/>
      </object_component>
      <object_component id="oc-281">
         <name>.text:decompress:ZI:__TI_zero_init</name>
         <load_address>0x2c64</load_address>
         <run_address>0x2c64</run_address>
         <size>0xc</size>
         <input_file_ref idref="fl-ef"/>
      </object_component>
      <object_component id="oc-ab3">
         <name>.text:pthread_self</name>
         <load_address>0x2c70</load_address>
         <run_address>0x2c70</run_address>
         <size>0xc</size>
         <input_file_ref idref="fl-1e"/>
      </object_component>
      <object_component id="oc-9b8">
         <name>.text:ti_sysbios_knl_Queue_insert__E</name>
         <load_address>0x2c7c</load_address>
         <run_address>0x2c7c</run_address>
         <size>0xc</size>
         <input_file_ref idref="fl-1e"/>
      </object_component>
      <object_component id="oc-948">
         <name>.text:ClockP_Params_init</name>
         <load_address>0x2c88</load_address>
         <run_address>0x2c88</run_address>
         <size>0xa</size>
         <input_file_ref idref="fl-1b"/>
      </object_component>
      <object_component id="oc-34d">
         <name>.text:xdc_runtime_Text_visitRope__I</name>
         <load_address>0x2c92</load_address>
         <run_address>0x2c92</run_address>
         <size>0x8</size>
         <input_file_ref idref="fl-c"/>
      </object_component>
      <object_component id="oc-a9b">
         <name>.text:NOROM_CPUdelay</name>
         <load_address>0x2c9a</load_address>
         <run_address>0x2c9a</run_address>
         <size>0x6</size>
         <input_file_ref idref="fl-26"/>
      </object_component>
      <object_component id="oc-ad7">
         <name>.text:delayUs</name>
         <load_address>0x2ca0</load_address>
         <run_address>0x2ca0</run_address>
         <size>0x6</size>
         <input_file_ref idref="fl-17"/>
      </object_component>
      <object_component id="oc-5ad">
         <name>.text:pthread_attr_setstacksize</name>
         <load_address>0x2ca6</load_address>
         <run_address>0x2ca6</run_address>
         <size>0x6</size>
         <input_file_ref idref="fl-1e"/>
      </object_component>
      <object_component id="oc-b25">
         <name>.text:CPUwfi</name>
         <load_address>0x2cac</load_address>
         <run_address>0x2cac</run_address>
         <size>0x4</size>
         <input_file_ref idref="fl-1d"/>
      </object_component>
      <object_component id="oc-add">
         <name>.text:ClockP_start</name>
         <load_address>0x2cb0</load_address>
         <run_address>0x2cb0</run_address>
         <size>0x4</size>
         <input_file_ref idref="fl-1b"/>
      </object_component>
      <object_component id="oc-aef">
         <name>.text:ClockP_stop</name>
         <load_address>0x2cb4</load_address>
         <run_address>0x2cb4</run_address>
         <size>0x4</size>
         <input_file_ref idref="fl-1b"/>
      </object_component>
      <object_component id="oc-97c">
         <name>.text:HwiP_disable</name>
         <load_address>0x2cb8</load_address>
         <run_address>0x2cb8</run_address>
         <size>0x4</size>
         <input_file_ref idref="fl-1c"/>
      </object_component>
      <object_component id="oc-9f1">
         <name>.text:configureRFCoreClocks</name>
         <load_address>0x2cbc</load_address>
         <run_address>0x2cbc</run_address>
         <size>0x4</size>
         <input_file_ref idref="fl-17"/>
      </object_component>
      <object_component id="oc-9fd">
         <name>.text:nopResourceHandler</name>
         <load_address>0x2cc0</load_address>
         <run_address>0x2cc0</run_address>
         <size>0x4</size>
         <input_file_ref idref="fl-17"/>
      </object_component>
      <object_component id="oc-b60">
         <name>.text:ti_sysbios_knl_Task_getArg1__E</name>
         <load_address>0x2cc4</load_address>
         <run_address>0x2cc4</run_address>
         <size>0x4</size>
         <input_file_ref idref="fl-1e"/>
      </object_component>
      <object_component id="oc-9c0">
         <name>.text:ti_sysbios_knl_Task_getEnv__E</name>
         <load_address>0x2cc8</load_address>
         <run_address>0x2cc8</run_address>
         <size>0x4</size>
         <input_file_ref idref="fl-1e"/>
      </object_component>
      <object_component id="oc-25d">
         <name>.text:xdc_runtime_Startup_reset__I</name>
         <load_address>0x2ccc</load_address>
         <run_address>0x2ccc</run_address>
         <size>0x4</size>
         <input_file_ref idref="fl-c"/>
      </object_component>
      <object_component id="oc-33e">
         <name>.text:xdc_runtime_SysCallback_defaultReady</name>
         <load_address>0x2cd0</load_address>
         <run_address>0x2cd0</run_address>
         <size>0x4</size>
         <input_file_ref idref="fl-1e"/>
      </object_component>
      <object_component id="oc-c44">
         <name>.tramp.ti_sysbios_family_arm_m3_Hwi_disableFxn__E.1</name>
         <load_address>0x2cd4</load_address>
         <run_address>0x2cd4</run_address>
         <size>0x8</size>
      </object_component>
      <object_component id="oc-c43">
         <name>.tramp.ti_sysbios_knl_Task_self__E.1</name>
         <load_address>0x2cdc</load_address>
         <run_address>0x2cdc</run_address>
         <size>0x8</size>
      </object_component>
      <object_component id="oc-c42">
         <name>.tramp.ti_sysbios_knl_Swi_post__E.1</name>
         <load_address>0x2ce4</load_address>
         <run_address>0x2ce4</run_address>
         <size>0x8</size>
      </object_component>
      <object_component id="oc-c41">
         <name>.tramp.ti_sysbios_knl_Clock_logTick__E.1</name>
         <load_address>0x2cec</load_address>
         <run_address>0x2cec</run_address>
         <size>0x8</size>
      </object_component>
      <object_component id="oc-c40">
         <name>.tramp.ti_sysbios_BIOS_RtsGateProxy_leave__E.1</name>
         <load_address>0x2cf4</load_address>
         <run_address>0x2cf4</run_address>
         <size>0x8</size>
      </object_component>
      <object_component id="oc-c3f">
         <name>.tramp.ti_sysbios_knl_Swi_restore__E.1</name>
         <load_address>0x2cfc</load_address>
         <run_address>0x2cfc</run_address>
         <size>0x8</size>
      </object_component>
      <object_component id="oc-c3e">
         <name>.tramp.ti_sysbios_BIOS_RtsGateProxy_enter__E.1</name>
         <load_address>0x2d04</load_address>
         <run_address>0x2d04</run_address>
         <size>0x8</size>
      </object_component>
      <object_component id="oc-c3d">
         <name>.tramp.ti_sysbios_knl_Clock_TimerProxy_getCurrentTick__E.1</name>
         <load_address>0x2d0c</load_address>
         <run_address>0x2d0c</run_address>
         <size>0x8</size>
      </object_component>
      <object_component id="oc-c3c">
         <name>.tramp.ti_sysbios_knl_Task_delete.1</name>
         <load_address>0x2d14</load_address>
         <run_address>0x2d14</run_address>
         <size>0x8</size>
      </object_component>
      <object_component id="oc-c3b">
         <name>.tramp.ti_sysbios_knl_Semaphore_destruct.1</name>
         <load_address>0x2d1c</load_address>
         <run_address>0x2d1c</run_address>
         <size>0x8</size>
      </object_component>
      <object_component id="oc-c3a">
         <name>.tramp.ti_sysbios_knl_Task_startup__E.1</name>
         <load_address>0x2d24</load_address>
         <run_address>0x2d24</run_address>
         <size>0x8</size>
      </object_component>
      <object_component id="oc-c39">
         <name>.tramp.ti_sysbios_knl_Swi_startup__E.1</name>
         <load_address>0x2d2c</load_address>
         <run_address>0x2d2c</run_address>
         <size>0x8</size>
      </object_component>
      <object_component id="oc-c38">
         <name>.tramp.ti_sysbios_hal_Hwi_startup__E.1</name>
         <load_address>0x2d34</load_address>
         <run_address>0x2d34</run_address>
         <size>0x8</size>
      </object_component>
      <object_component id="oc-c37">
         <name>.tramp.ti_sysbios_family_arm_cc26xx_Timer_startup__E.1</name>
         <load_address>0x2d3c</load_address>
         <run_address>0x2d3c</run_address>
         <size>0x8</size>
      </object_component>
      <object_component id="oc-c36">
         <name>.tramp.xdc_runtime_System_atexit__E.1</name>
         <load_address>0x2d44</load_address>
         <run_address>0x2d44</run_address>
         <size>0x8</size>
      </object_component>
      <object_component id="oc-c35">
         <name>.tramp.ti_sysbios_BIOS_linkedWithIncorrectBootLibrary__E.1</name>
         <load_address>0x2d4c</load_address>
         <run_address>0x2d4c</run_address>
         <size>0x8</size>
      </object_component>
      <object_component id="oc-c34">
         <name>.tramp.xdc_runtime_Startup_rtsDone__E.1</name>
         <load_address>0x2d54</load_address>
         <run_address>0x2d54</run_address>
         <size>0x8</size>
      </object_component>
      <object_component id="oc-c33">
         <name>.tramp.ti_sysbios_knl_Swi_disable__E.1</name>
         <load_address>0x2d5c</load_address>
         <run_address>0x2d5c</run_address>
         <size>0x8</size>
      </object_component>
      <object_component id="oc-c32">
         <name>.tramp.ti_sysbios_family_arm_m3_Hwi_construct.1</name>
         <load_address>0x2d64</load_address>
         <run_address>0x2d64</run_address>
         <size>0x8</size>
      </object_component>
      <object_component id="oc-c31">
         <name>.tramp.ti_sysbios_knl_Task_sleep__E.1</name>
         <load_address>0x2d6c</load_address>
         <run_address>0x2d6c</run_address>
         <size>0x8</size>
      </object_component>
      <object_component id="oc-c30">
         <name>.tramp.ti_sysbios_family_arm_m3_Hwi_Params__init__S.1</name>
         <load_address>0x2d74</load_address>
         <run_address>0x2d74</run_address>
         <size>0x8</size>
      </object_component>
      <object_component id="oc-c2f">
         <name>.tramp.ti_sysbios_knl_Clock_construct.1</name>
         <load_address>0x2d7c</load_address>
         <run_address>0x2d7c</run_address>
         <size>0x8</size>
      </object_component>
      <object_component id="oc-c2e">
         <name>.tramp.ti_sysbios_knl_Clock_Params__init__S.1</name>
         <load_address>0x2d84</load_address>
         <run_address>0x2d84</run_address>
         <size>0x8</size>
      </object_component>
      <object_component id="oc-c2d">
         <name>.tramp.ti_sysbios_heaps_HeapMem_Module_GateProxy_leave__E.1</name>
         <load_address>0x2d8c</load_address>
         <run_address>0x2d8c</run_address>
         <size>0x8</size>
      </object_component>
      <object_component id="oc-c2c">
         <name>.tramp.ti_sysbios_heaps_HeapMem_Module_GateProxy_enter__E.1</name>
         <load_address>0x2d94</load_address>
         <run_address>0x2d94</run_address>
         <size>0x8</size>
      </object_component>
      <object_component id="oc-c2b">
         <name>.tramp.xdc_runtime_System_exit__E.1</name>
         <load_address>0x2d9c</load_address>
         <run_address>0x2d9c</run_address>
         <size>0x8</size>
      </object_component>
      <object_component id="oc-c2a">
         <name>.tramp.ti_sysbios_heaps_HeapMem_restore__E.1</name>
         <load_address>0x2da4</load_address>
         <run_address>0x2da4</run_address>
         <size>0x8</size>
      </object_component>
      <object_component id="oc-c29">
         <name>.tramp.ti_sysbios_heaps_HeapMem_Object__get__S.1</name>
         <load_address>0x2dac</load_address>
         <run_address>0x2dac</run_address>
         <size>0x8</size>
      </object_component>
      <object_component id="oc-c28">
         <name>.tramp.ti_sysbios_BIOS_start__E.1</name>
         <load_address>0x2db4</load_address>
         <run_address>0x2db4</run_address>
         <size>0x8</size>
      </object_component>
      <object_component id="oc-c27">
         <name>.tramp.xdc_runtime_Error_raiseX__E.1</name>
         <load_address>0x2dbc</load_address>
         <run_address>0x2dbc</run_address>
         <size>0x8</size>
      </object_component>
      <object_component id="oc-c26">
         <name>.tramp.ti_sysbios_BIOS_setThreadType__E.1</name>
         <load_address>0x2dc4</load_address>
         <run_address>0x2dc4</run_address>
         <size>0x8</size>
      </object_component>
      <object_component id="oc-c25">
         <name>.tramp.ti_sysbios_family_arm_m3_Hwi_excFillContext__I.1</name>
         <load_address>0x2dcc</load_address>
         <run_address>0x2dcc</run_address>
         <size>0x8</size>
      </object_component>
      <object_component id="oc-c24">
         <name>.tramp.ti_sysbios_knl_Semaphore_post__E.1</name>
         <load_address>0x2dd4</load_address>
         <run_address>0x2dd4</run_address>
         <size>0x8</size>
      </object_component>
      <object_component id="oc-c23">
         <name>.tramp.xdc_runtime_Memory_free__E.1</name>
         <load_address>0x2ddc</load_address>
         <run_address>0x2ddc</run_address>
         <size>0x8</size>
      </object_component>
      <object_component id="oc-c22">
         <name>.tramp.ti_sysbios_knl_Queue_next__E.1</name>
         <load_address>0x2de4</load_address>
         <run_address>0x2de4</run_address>
         <size>0x8</size>
      </object_component>
      <object_component id="oc-c21">
         <name>.tramp.ti_sysbios_knl_Queue_head__E.1</name>
         <load_address>0x2dec</load_address>
         <run_address>0x2dec</run_address>
         <size>0x8</size>
      </object_component>
      <object_component id="oc-c20">
         <name>.tramp.ti_sysbios_knl_Semaphore_pend__E.1</name>
         <load_address>0x2df4</load_address>
         <run_address>0x2df4</run_address>
         <size>0x8</size>
      </object_component>
      <object_component id="oc-c1f">
         <name>.tramp.ti_sysbios_knl_Task_restore__E.1</name>
         <load_address>0x2dfc</load_address>
         <run_address>0x2dfc</run_address>
         <size>0x8</size>
      </object_component>
      <object_component id="oc-c1e">
         <name>.tramp.ti_sysbios_knl_Queue_enqueue__E.1</name>
         <load_address>0x2e04</load_address>
         <run_address>0x2e04</run_address>
         <size>0x8</size>
      </object_component>
      <object_component id="oc-c1d">
         <name>.tramp.ti_sysbios_knl_Queue_empty__E.1</name>
         <load_address>0x2e0c</load_address>
         <run_address>0x2e0c</run_address>
         <size>0x8</size>
      </object_component>
      <object_component id="oc-c1c">
         <name>.tramp.ti_sysbios_knl_Queue_remove__E.1</name>
         <load_address>0x2e14</load_address>
         <run_address>0x2e14</run_address>
         <size>0x8</size>
      </object_component>
      <object_component id="oc-c1b">
         <name>.tramp.ti_sysbios_knl_Task_disable__E.1</name>
         <load_address>0x2e1c</load_address>
         <run_address>0x2e1c</run_address>
         <size>0x8</size>
      </object_component>
      <object_component id="oc-c1a">
         <name>.tramp.ti_sysbios_knl_Clock_stop__E.1</name>
         <load_address>0x2e24</load_address>
         <run_address>0x2e24</run_address>
         <size>0x8</size>
      </object_component>
      <object_component id="oc-c19">
         <name>.tramp.ti_sysbios_knl_Clock_start__E.1</name>
         <load_address>0x2e2c</load_address>
         <run_address>0x2e2c</run_address>
         <size>0x8</size>
      </object_component>
      <object_component id="oc-c18">
         <name>.tramp.ti_sysbios_knl_Clock_setTimeout__E.1</name>
         <load_address>0x2e34</load_address>
         <run_address>0x2e34</run_address>
         <size>0x8</size>
      </object_component>
      <object_component id="oc-c17">
         <name>.tramp.ti_sysbios_family_arm_m3_Hwi_restoreFxn__E.1</name>
         <load_address>0x2e3c</load_address>
         <run_address>0x2e3c</run_address>
         <size>0x8</size>
      </object_component>
      <object_component id="oc-c16">
         <name>.tramp.ti_sysbios_knl_Task_create.1</name>
         <load_address>0x2e44</load_address>
         <run_address>0x2e44</run_address>
         <size>0x8</size>
      </object_component>
      <object_component id="oc-c15">
         <name>.tramp.ti_sysbios_knl_Semaphore_construct.1</name>
         <load_address>0x2e4c</load_address>
         <run_address>0x2e4c</run_address>
         <size>0x8</size>
      </object_component>
      <object_component id="oc-c14">
         <name>.tramp.ti_sysbios_knl_Semaphore_Params__init__S.1</name>
         <load_address>0x2e54</load_address>
         <run_address>0x2e54</run_address>
         <size>0x8</size>
      </object_component>
      <object_component id="oc-c13">
         <name>.tramp.ti_sysbios_knl_Queue_construct.1</name>
         <load_address>0x2e5c</load_address>
         <run_address>0x2e5c</run_address>
         <size>0x8</size>
      </object_component>
      <object_component id="oc-c12">
         <name>.tramp.xdc_runtime_Memory_alloc__E.1</name>
         <load_address>0x2e64</load_address>
         <run_address>0x2e64</run_address>
         <size>0x8</size>
      </object_component>
      <object_component id="oc-c11">
         <name>.tramp.ti_sysbios_knl_Task_Params__init__S.1</name>
         <load_address>0x2e6c</load_address>
         <run_address>0x2e6c</run_address>
         <size>0x8</size>
      </object_component>
      <object_component id="oc-c10">
         <name>.tramp.xdc_runtime_System_doPrint__I.1</name>
         <load_address>0x2e74</load_address>
         <run_address>0x2e74</run_address>
         <size>0x8</size>
      </object_component>
      <object_component id="oc-287">
         <name>.const:ROM_constStruct</name>
         <load_address>0x2e7c</load_address>
         <run_address>0x2e7c</run_address>
         <size>0x3b8</size>
         <input_file_ref idref="fl-c"/>
      </object_component>
      <object_component id="oc-a86">
         <name>.const:resourceDB</name>
         <load_address>0x3234</load_address>
         <run_address>0x3234</run_address>
         <size>0x54</size>
         <input_file_ref idref="fl-17"/>
      </object_component>
      <object_component id="oc-33d">
         <name>.const:.string</name>
         <load_address>0x3288</load_address>
         <run_address>0x3288</run_address>
         <size>0x48</size>
         <input_file_ref idref="fl-c"/>
      </object_component>
      <object_component id="oc-28e">
         <name>.const:ROM_externFuncPtrs</name>
         <load_address>0x32d0</load_address>
         <run_address>0x32d0</run_address>
         <size>0x48</size>
         <input_file_ref idref="fl-c"/>
      </object_component>
      <object_component id="oc-35c">
         <name>.const:xdc_runtime_Startup_sfxnTab__A</name>
         <load_address>0x3318</load_address>
         <run_address>0x3318</run_address>
         <size>0x24</size>
         <input_file_ref idref="fl-c"/>
      </object_component>
      <object_component id="oc-95a">
         <name>.const:PowerCC26X2_config</name>
         <load_address>0x333c</load_address>
         <run_address>0x333c</run_address>
         <size>0x14</size>
         <input_file_ref idref="fl-4"/>
      </object_component>
      <object_component id="oc-32e">
         <name>.const:xdc_runtime_Startup_sfxnRts__A</name>
         <load_address>0x3350</load_address>
         <run_address>0x3350</run_address>
         <size>0x12</size>
         <input_file_ref idref="fl-c"/>
      </object_component>
      <object_component id="oc-2fb">
         <name>.const:xdc_runtime_Text_charTab__A</name>
         <load_address>0x3362</load_address>
         <run_address>0x3362</run_address>
         <size>0x1</size>
         <input_file_ref idref="fl-c"/>
      </object_component>
      <object_component id="oc-99d">
         <name>.const:GPIO_config</name>
         <load_address>0x3364</load_address>
         <run_address>0x3364</run_address>
         <size>0x10</size>
         <input_file_ref idref="fl-4"/>
      </object_component>
      <object_component id="oc-2f8">
         <name>.const:xdc_runtime_Startup_firstFxns__A</name>
         <load_address>0x3374</load_address>
         <run_address>0x3374</run_address>
         <size>0xc</size>
         <input_file_ref idref="fl-c"/>
      </object_component>
      <object_component id="oc-9e9">
         <name>.const:$O1$$</name>
         <load_address>0x3380</load_address>
         <run_address>0x3380</run_address>
         <size>0x8</size>
         <input_file_ref idref="fl-2a"/>
      </object_component>
      <object_component id="oc-2d7">
         <name>.const:ti_sysbios_family_arm_m3_Hwi_excHookFuncs__A</name>
         <load_address>0x3388</load_address>
         <run_address>0x3388</run_address>
         <size>0x8</size>
         <input_file_ref idref="fl-c"/>
      </object_component>
      <object_component id="oc-2e3">
         <name>.const:ti_sysbios_knl_Idle_funcList__A</name>
         <load_address>0x3390</load_address>
         <run_address>0x3390</run_address>
         <size>0x8</size>
         <input_file_ref idref="fl-c"/>
      </object_component>
      <object_component id="oc-62c">
         <name>.const:ti_sysbios_family_arm_m3_Hwi_E_exception__C</name>
         <load_address>0x3398</load_address>
         <run_address>0x3398</run_address>
         <size>0x4</size>
         <input_file_ref idref="fl-c"/>
      </object_component>
      <object_component id="oc-884">
         <name>.const:ti_sysbios_heaps_HeapMem_primaryHeapBaseAddr__C</name>
         <load_address>0x339c</load_address>
         <run_address>0x339c</run_address>
         <size>0x4</size>
         <input_file_ref idref="fl-c"/>
      </object_component>
      <object_component id="oc-887">
         <name>.const:ti_sysbios_heaps_HeapMem_primaryHeapEndAddr__C</name>
         <load_address>0x33a0</load_address>
         <run_address>0x33a0</run_address>
         <size>0x4</size>
         <input_file_ref idref="fl-c"/>
      </object_component>
      <object_component id="oc-9d1">
         <name>.const:ti_sysbios_knl_Clock_tickPeriod__C</name>
         <load_address>0x33a4</load_address>
         <run_address>0x33a4</run_address>
         <size>0x4</size>
         <input_file_ref idref="fl-c"/>
      </object_component>
      <object_component id="oc-731">
         <name>.const:ti_sysbios_knl_Task_Object__heap__C</name>
         <load_address>0x33a8</load_address>
         <run_address>0x33a8</run_address>
         <size>0x4</size>
         <input_file_ref idref="fl-c"/>
      </object_component>
      <object_component id="oc-99a">
         <name>.const</name>
         <load_address>0x33ac</load_address>
         <run_address>0x33ac</run_address>
         <size>0x3</size>
         <input_file_ref idref="fl-4"/>
      </object_component>
      <object_component id="oc-bd2">
         <name>.binit</name>
         <load_address>0x0</load_address>
         <run_address>0x0</run_address>
         <size>0x0</size>
      </object_component>
      <object_component id="oc-c09">
         <name>.cinit..data.load</name>
         <load_address>0x33b0</load_address>
         <run_address>0x33b0</run_address>
         <size>0x188</size>
      </object_component>
      <object_component id="oc-c07">
         <name>__TI_handler_table</name>
         <load_address>0x3538</load_address>
         <run_address>0x3538</run_address>
         <size>0xc</size>
      </object_component>
      <object_component id="oc-c0a">
         <name>.cinit..bss.load</name>
         <load_address>0x3548</load_address>
         <run_address>0x3548</run_address>
         <size>0x8</size>
      </object_component>
      <object_component id="oc-c0d">
         <name>.cinit..data:xdcRomConstPtr.load</name>
         <load_address>0x3550</load_address>
         <run_address>0x3550</run_address>
         <size>0x8</size>
      </object_component>
      <object_component id="oc-c0b">
         <name>.cinit..data:xdcRomExternFuncPtr.load</name>
         <load_address>0x3558</load_address>
         <run_address>0x3558</run_address>
         <size>0x8</size>
      </object_component>
      <object_component id="oc-c0c">
         <name>.cinit..data:xdcRomStatePtr.load</name>
         <load_address>0x3560</load_address>
         <run_address>0x3560</run_address>
         <size>0x8</size>
      </object_component>
      <object_component id="oc-c08">
         <name>__TI_cinit_table</name>
         <load_address>0x3568</load_address>
         <run_address>0x3568</run_address>
         <size>0x28</size>
      </object_component>
      <object_component id="oc-241">
         <name>.ccfg:retain</name>
         <load_address>0x57fa8</load_address>
         <run_address>0x57fa8</run_address>
         <size>0x58</size>
         <input_file_ref idref="fl-3"/>
      </object_component>
      <object_component id="oc-a92">
         <name>.data:gpioPinConfigs</name>
         <load_address>0x20004440</load_address>
         <run_address>0x20004440</run_address>
         <size>0x7c</size>
         <input_file_ref idref="fl-4"/>
      </object_component>
      <object_component id="oc-60a">
         <name>.data:xdc_runtime_Error_IgnoreBlock</name>
         <load_address>0x2000465c</load_address>
         <run_address>0x2000465c</run_address>
         <size>0x20</size>
         <input_file_ref idref="fl-c"/>
      </object_component>
      <object_component id="oc-565">
         <name>.data:ti_sysbios_family_arm_cc26xx_Timer_Object__table__V</name>
         <load_address>0x20004508</load_address>
         <run_address>0x20004508</run_address>
         <size>0x48</size>
         <input_file_ref idref="fl-c"/>
      </object_component>
      <object_component id="oc-34a">
         <name>.data:ti_sysbios_family_arm_m3_Hwi_Module__root__V</name>
         <load_address>0x200046b4</load_address>
         <run_address>0x200046b4</run_address>
         <size>0x8</size>
         <input_file_ref idref="fl-c"/>
      </object_component>
      <object_component id="oc-2e9">
         <name>.data:ti_sysbios_family_arm_m3_Hwi_Object__table__V</name>
         <load_address>0x2000467c</load_address>
         <run_address>0x2000467c</run_address>
         <size>0x18</size>
         <input_file_ref idref="fl-c"/>
      </object_component>
      <object_component id="oc-580">
         <name>.data:ti_sysbios_family_arm_m3_Hwi_Module_State_0_excActive__A</name>
         <load_address>0x2000472c</load_address>
         <run_address>0x2000472c</run_address>
         <size>0x2</size>
         <input_file_ref idref="fl-c"/>
      </object_component>
      <object_component id="oc-583">
         <name>.data:ti_sysbios_family_arm_m3_Hwi_Module_State_0_excContext__A</name>
         <load_address>0x20004720</load_address>
         <run_address>0x20004720</run_address>
         <size>0x4</size>
         <input_file_ref idref="fl-c"/>
      </object_component>
      <object_component id="oc-586">
         <name>.data:ti_sysbios_family_arm_m3_Hwi_Module_State_0_excStack__A</name>
         <load_address>0x20004724</load_address>
         <run_address>0x20004724</run_address>
         <size>0x4</size>
         <input_file_ref idref="fl-c"/>
      </object_component>
      <object_component id="oc-334">
         <name>.data:ti_sysbios_gates_GateHwi_Module__root__V</name>
         <load_address>0x200046bc</load_address>
         <run_address>0x200046bc</run_address>
         <size>0x8</size>
         <input_file_ref idref="fl-c"/>
      </object_component>
      <object_component id="oc-2da">
         <name>.data:ti_sysbios_gates_GateMutex_Module__root__V</name>
         <load_address>0x200046c4</load_address>
         <run_address>0x200046c4</run_address>
         <size>0x8</size>
         <input_file_ref idref="fl-c"/>
      </object_component>
      <object_component id="oc-30a">
         <name>.data:ti_sysbios_gates_GateMutex_Object__table__V</name>
         <load_address>0x20004550</load_address>
         <run_address>0x20004550</run_address>
         <size>0x38</size>
         <input_file_ref idref="fl-c"/>
      </object_component>
      <object_component id="oc-32b">
         <name>.data:ti_sysbios_hal_Hwi_Module__root__V</name>
         <load_address>0x200046cc</load_address>
         <run_address>0x200046cc</run_address>
         <size>0x8</size>
[...]
      </symbol>
      <symbol id="sm-e17">
         <name>ti_sysbios_knl_Clock_getTicksUntilInterrupt__E</name>
         <value>0x2799</value>
         <object_component_ref idref="oc-b0d"/>
      </symbol>
      <symbol id="sm-e18">
         <name>ti_sysbios_family_arm_cc26xx_Timer_setNextTick__E</name>
         <value>0x2561</value>
         <object_component_ref idref="oc-533"/>
      </symbol>
      <symbol id="sm-e19">
         <name>xdc_runtime_SysCallback_defaultExit</name>
         <value>0x29ab</value>
         <object_component_ref idref="oc-313"/>
      </symbol>
      <symbol id="sm-e1a">
         <name>ti_sysbios_family_arm_cc26xx_TimestampProvider_get32__E</name>
         <value>0x2c01</value>
         <object_component_ref idref="oc-551"/>
      </symbol>
      <symbol id="sm-e1b">
         <name>ti_sysbios_family_arm_cc26xx_Timer_getCurrentTick__E</name>
         <value>0x26b5</value>
         <object_component_ref idref="oc-54b"/>
      </symbol>
      <symbol id="sm-e1c">
         <name>ti_sysbios_family_arm_cc26xx_Timer_getMaxTicks__E</name>
         <value>0x28e9</value>
         <object_component_ref idref="oc-539"/>
      </symbol>
      <symbol id="sm-e1d">
         <name>xdc_runtime_Error_init__E</name>
         <value>0x2ae1</value>
         <object_component_ref idref="oc-557"/>
      </symbol>
      <symbol id="sm-e1e">
         <name>xdc_runtime_System_formatNum__I</name>
         <value>0x1b39</value>
         <object_component_ref idref="oc-55d"/>
      </symbol>
      <symbol id="sm-e1f">
         <name>ti_sysbios_family_arm_m3_Hwi_excHandlerMin__I</name>
         <value>0x1851</value>
         <object_component_ref idref="oc-319"/>
      </symbol>
      <symbol id="sm-e20">
         <name>ti_sysbios_knl_Task_setPri__E</name>
         <value>0x12c9</value>
         <object_component_ref idref="oc-71f"/>
      </symbol>
      <symbol id="sm-e21">
         <name>ti_sysbios_family_arm_cc26xx_Timer_initDevice__I</name>
         <value>0x26e5</value>
         <object_component_ref idref="oc-527"/>
      </symbol>
      <symbol id="sm-e22">
         <name>ti_sysbios_family_arm_cc26xx_Timer_start__E</name>
         <value>0x1955</value>
         <object_component_ref idref="oc-521"/>
      </symbol>
      <symbol id="sm-e23">
         <name>pthread_attr_setdetachstate</name>
         <value>0x2bf3</value>
         <object_component_ref idref="oc-5a7"/>
      </symbol>
      <symbol id="sm-e24">
         <name>xdc_runtime_SysCallback_defaultReady</name>
         <value>0x2cd1</value>
         <object_component_ref idref="oc-33e"/>
      </symbol>
      <symbol id="sm-e25">
         <name>pthread_attr_setstacksize</name>
         <value>0x2ca7</value>
         <object_component_ref idref="oc-5ad"/>
      </symbol>
      <symbol id="sm-e26">
         <name>xdc_runtime_SysCallback_defaultFlush</name>
         <value>0x2a37</value>
         <object_component_ref idref="oc-304"/>
      </symbol>
      <symbol id="sm-e27">
         <name>pthread_setcancelstate</name>
         <value>0x276d</value>
         <object_component_ref idref="oc-ab9"/>
      </symbol>
      <symbol id="sm-e28">
         <name>ti_sysbios_family_arm_m3_Hwi_construct2__E</name>
         <value>0x2415</value>
         <object_component_ref idref="oc-a39"/>
      </symbol>
      <symbol id="sm-e29">
         <name>_pthread_cleanup_pop</name>
         <value>0x2b0f</value>
         <object_component_ref idref="oc-abf"/>
      </symbol>
      <symbol id="sm-e2a">
         <name>ti_sysbios_heaps_HeapMem_alloc__E</name>
         <value>0x1f05</value>
         <object_component_ref idref="oc-31f"/>
      </symbol>
      <symbol id="sm-e2b">
         <name>xdc_runtime_SysCallback_defaultAbort</name>
         <value>0x2593</value>
         <object_component_ref idref="oc-353"/>
      </symbol>
      <symbol id="sm-e2c">
         <name>ti_sysbios_family_arm_cc26xx_Timer_setThreshold__I</name>
         <value>0x231d</value>
         <object_component_ref idref="oc-52d"/>
      </symbol>
      <symbol id="sm-e2d">
         <name>ti_sysbios_family_arm_cc26xx_Timer_dynamicStub__E</name>
         <value>0x294d</value>
         <object_component_ref idref="oc-545"/>
      </symbol>
      <symbol id="sm-e2e">
         <name>pthread_exit</name>
         <value>0x1ead</value>
         <object_component_ref idref="oc-9c6"/>
      </symbol>
      <symbol id="sm-e2f">
         <name>sleep</name>
         <value>0x23d9</value>
         <object_component_ref idref="oc-74b"/>
      </symbol>
      <symbol id="sm-e46">
         <name>_c_int00</name>
         <value>0x1e55</value>
         <object_component_ref idref="oc-2c"/>
      </symbol>
      <symbol id="sm-e47">
         <name>__stack</name>
         <value>0x20013c00</value>
         <object_component_ref idref="oc-24d"/>
      </symbol>
      <symbol id="sm-e66">
         <name>__TI_auto_init</name>
         <value>0x1229</value>
         <object_component_ref idref="oc-24f"/>
      </symbol>
      <symbol id="sm-e88">
         <name>NOROM_PRCMPowerDomainsAllOn</name>
         <value>0x20ad</value>
         <object_component_ref idref="oc-a80"/>
      </symbol>
      <symbol id="sm-e89">
         <name>NOROM_PRCMPowerDomainsAllOff</name>
         <value>0x2009</value>
         <object_component_ref idref="oc-bc2"/>
      </symbol>
      <symbol id="sm-efa">
         <name>NOROM_OSCHF_TurnOnXosc</name>
         <value>0x27ed</value>
         <object_component_ref idref="oc-a50"/>
      </symbol>
      <symbol id="sm-efb">
         <name>NOROM_OSCHF_AttemptToSwitchToXosc</name>
         <value>0x149d</value>
         <object_component_ref idref="oc-b37"/>
      </symbol>
      <symbol id="sm-efc">
         <name>_hposcCoeffs</name>
         <value>0x20004618</value>
         <object_component_ref idref="oc-b33"/>
      </symbol>
      <symbol id="sm-efd">
         <name>NOROM_OSC_CapArrayAdjustWorkaround_Boot</name>
         <value>0x2811</value>
         <object_component_ref idref="oc-764"/>
      </symbol>
      <symbol id="sm-efe">
         <name>NOROM_OSCHF_SwitchToRcOscTurnOffXosc</name>
         <value>0x1c15</value>
         <object_component_ref idref="oc-ae9"/>
      </symbol>
      <symbol id="sm-eff">
         <name>NOROM_OSC_HPOSCRelativeFrequencyOffsetGet</name>
         <value>0x229d</value>
         <object_component_ref idref="oc-b48"/>
      </symbol>
      <symbol id="sm-f13">
         <name>NOROM_CPUdelay</name>
         <value>0x2c9b</value>
         <object_component_ref idref="oc-a9b"/>
      </symbol>
      <symbol id="sm-f14">
         <name>NOROM_CPUcpsie</name>
         <value>0x2c29</value>
         <object_component_ref idref="oc-6a6"/>
      </symbol>
      <symbol id="sm-f15">
         <name>NOROM_CPUcpsid</name>
         <value>0x2c1d</value>
         <object_component_ref idref="oc-6a0"/>
      </symbol>
      <symbol id="sm-f4a">
         <name>NOROM_SetupTrimDevice</name>
         <value>0x1005</value>
         <object_component_ref idref="oc-2b2"/>
      </symbol>
      <symbol id="sm-f84">
         <name>NOROM_SysCtrlSetRechargeBeforePowerDown</name>
         <value>0x18d5</value>
         <object_component_ref idref="oc-bbc"/>
      </symbol>
      <symbol id="sm-f85">
         <name>NOROM_SysCtrlIdle</name>
         <value>0x252d</value>
         <object_component_ref idref="oc-b1f"/>
      </symbol>
      <symbol id="sm-f86">
         <name>NOROM_SysCtrlStandby</name>
         <value>0xbb9</value>
         <object_component_ref idref="oc-b90"/>
      </symbol>
      <symbol id="sm-faa">
         <name>NOROM_ChipInfo_GetHwRevision</name>
         <value>0x21d5</value>
         <object_component_ref idref="oc-75d"/>
      </symbol>
      <symbol id="sm-fab">
         <name>NOROM_ChipInfo_GetChipFamily</name>
         <value>0x29ad</value>
         <object_component_ref idref="oc-757"/>
      </symbol>
      <symbol id="sm-fac">
         <name>NOROM_ThisLibraryIsFor_CC13x2_CC26x2_HwRev20AndLater_HaltIfViolated</name>
         <value>0x2af9</value>
         <object_component_ref idref="oc-5d1"/>
      </symbol>
      <symbol id="sm-fc9">
         <name>NOROM_AUXSYSIFOpModeChange</name>
         <value>0x24f9</value>
         <object_component_ref idref="oc-76a"/>
      </symbol>
      <symbol id="sm-fe0">
         <name>__aeabi_dsub</name>
         <value>0x3d</value>
         <object_component_ref idref="oc-666"/>
      </symbol>
      <symbol id="sm-fe1">
         <name>__aeabi_dadd</name>
         <value>0x47</value>
         <object_component_ref idref="oc-666"/>
      </symbol>
      <symbol id="sm-1003">
         <name>__aeabi_cdcmpeq</name>
         <value>0x1745</value>
         <object_component_ref idref="oc-652"/>
      </symbol>
      <symbol id="sm-1004">
         <name>__aeabi_cdcmple</name>
         <value>0x1745</value>
         <object_component_ref idref="oc-652"/>
      </symbol>
      <symbol id="sm-1005">
         <name>__aeabi_cdrcmple</name>
         <value>0x17cb</value>
         <object_component_ref idref="oc-657"/>
      </symbol>
      <symbol id="sm-1010">
         <name>__aeabi_dmul</name>
         <value>0xabd</value>
         <object_component_ref idref="oc-66b"/>
      </symbol>
      <symbol id="sm-101a">
         <name>__aeabi_d2uiz</name>
         <value>0x2219</value>
         <object_component_ref idref="oc-65c"/>
      </symbol>
      <symbol id="sm-1025">
         <name>__aeabi_f2d</name>
         <value>0x24c1</value>
         <object_component_ref idref="oc-64d"/>
      </symbol>
      <symbol id="sm-102f">
         <name>__aeabi_lmul</name>
         <value>0x2a99</value>
         <object_component_ref idref="oc-6ad"/>
      </symbol>
      <symbol id="sm-104a">
         <name>memcpy</name>
         <value>0x1369</value>
         <object_component_ref idref="oc-26f"/>
      </symbol>
      <symbol id="sm-104b">
         <name>__aeabi_memcpy</name>
         <value>0x1369</value>
         <object_component_ref idref="oc-26f"/>
      </symbol>
      <symbol id="sm-104c">
         <name>__aeabi_memcpy8</name>
         <value>0x1369</value>
         <object_component_ref idref="oc-26f"/>
      </symbol>
      <symbol id="sm-104d">
         <name>__aeabi_memcpy4</name>
         <value>0x1369</value>
         <object_component_ref idref="oc-26f"/>
      </symbol>
      <symbol id="sm-1057">
         <name>__aeabi_ui2d</name>
         <value>0x290d</value>
         <object_component_ref idref="oc-661"/>
      </symbol>
      <symbol id="sm-1066">
         <name>__aeabi_uidivmod</name>
         <value>0x22dd</value>
         <object_component_ref idref="oc-6be"/>
      </symbol>
      <symbol id="sm-1067">
         <name>__aeabi_uidiv</name>
         <value>0x22dd</value>
         <object_component_ref idref="oc-6be"/>
      </symbol>
      <symbol id="sm-1075">
         <name>__aeabi_uldivmod</name>
         <value>0x1405</value>
         <object_component_ref idref="oc-6b3"/>
      </symbol>
      <symbol id="sm-1084">
         <name>__aeabi_memset</name>
         <value>0x19d7</value>
         <object_component_ref idref="oc-2ce"/>
      </symbol>
      <symbol id="sm-1085">
         <name>memset</name>
         <value>0x19dd</value>
         <object_component_ref idref="oc-2ce"/>
      </symbol>
      <symbol id="sm-1086">
         <name>__aeabi_memset8</name>
         <value>0x19d7</value>
         <object_component_ref idref="oc-2ce"/>
      </symbol>
      <symbol id="sm-1087">
         <name>__aeabi_memset4</name>
         <value>0x19d7</value>
         <object_component_ref idref="oc-2ce"/>
      </symbol>
      <symbol id="sm-1088">
         <name>__aeabi_memclr8</name>
         <value>0x19d5</value>
         <object_component_ref idref="oc-2ce"/>
      </symbol>
      <symbol id="sm-1089">
         <name>__aeabi_memclr4</name>
         <value>0x19d5</value>
         <object_component_ref idref="oc-2ce"/>
      </symbol>
      <symbol id="sm-108a">
         <name>__aeabi_memclr</name>
         <value>0x19d5</value>
         <object_component_ref idref="oc-2ce"/>
      </symbol>
      <symbol id="sm-1092">
         <name>main_func_sp</name>
         <value>0x2000471c</value>
         <object_component_ref idref="oc-25a"/>
      </symbol>
      <symbol id="sm-10bb">
         <name>copy_in</name>
         <value>0x20f9</value>
         <object_component_ref idref="oc-2a1"/>
      </symbol>
      <symbol id="sm-10cd">
         <name>__TI_zero_init</name>
         <value>0x2c65</value>
         <object_component_ref idref="oc-281"/>
      </symbol>
      <symbol id="sm-10e4">
         <name>__TI_decompress_none</name>
         <value>0x2be5</value>
         <object_component_ref idref="oc-37"/>
      </symbol>
      <symbol id="sm-1107">
         <name>__TI_decompress_lzss</name>
         <value>0x1c7d</value>
         <object_component_ref idref="oc-31"/>
      </symbol>
      <symbol id="sm-1131">
         <name>_nop</name>
         <value>0x149b</value>
         <object_component_ref idref="oc-929"/>
      </symbol>
      <symbol id="sm-1132">
         <name>_lock</name>
         <value>0x200046ac</value>
         <object_component_ref idref="oc-a26"/>
      </symbol>
      <symbol id="sm-1133">
         <name>_unlock</name>
         <value>0x200046b0</value>
         <object_component_ref idref="oc-a26"/>
      </symbol>
      <symbol id="sm-1134">
         <name>_register_lock</name>
         <value>0x2c4d</value>
         <object_component_ref idref="oc-910"/>
      </symbol>
      <symbol id="sm-1135">
         <name>_register_unlock</name>
         <value>0x2c59</value>
         <object_component_ref idref="oc-916"/>
      </symbol>
      <symbol id="sm-1149">
         <name>_args_main</name>
         <value>0x2a81</value>
         <object_component_ref idref="oc-254"/>
      </symbol>
      <symbol id="sm-1156">
         <name>__aeabi_idiv0</name>
         <value>0x1fb3</value>
         <object_component_ref idref="oc-908"/>
      </symbol>
      <symbol id="sm-1157">
         <name>__aeabi_ldiv0</name>
         <value>0x1fb3</value>
         <object_component_ref idref="oc-908"/>
      </symbol>
      <symbol id="sm-1158">
         <name>__TI_static_base__</name>
         <value>0x0</value>
      </symbol>
      <symbol id="sm-1160">
         <name>PIN_hwi_bypass</name>
         <value>0x0</value>
      </symbol>
      <symbol id="sm-1161">
         <name>ITM_flush</name>
         <value>0x0</value>
      </symbol>
      <symbol id="sm-1162">
         <name>ITM_restore</name>
         <value>0x0</value>
      </symbol>
      <symbol id="sm-1163">
         <name>SHT$$INIT_ARRAY$$Base</name>
         <value>0x0</value>
      </symbol>
      <symbol id="sm-1164">
         <name>SHT$$INIT_ARRAY$$Limit</name>
         <value>0x0</value>
      </symbol>
      <symbol id="sm-1165">
         <name>ResetISR</name>
         <value>0x1e55</value>
      </symbol>
      <symbol id="sm-1166">
         <name>xdc_runtime_Main_Module_GateProxy_Handle__label__S</name>
         <value>0x1002e499</value>
      </symbol>
      <symbol id="sm-1167">
         <name>xdc_runtime_Main_Module_GateProxy_query__E</name>
         <value>0x1002ec93</value>
      </symbol>
      <symbol id="sm-1168">
         <name>xdc_runtime_System_SupportProxy_Module__startupDone__S</name>
         <value>0x1002f91f</value>
      </symbol>
      <symbol id="sm-1169">
         <name>xdc_runtime_System_SupportProxy_abort__E</name>
         <value>0x1002f845</value>
      </symbol>
      <symbol id="sm-116a">
         <name>xdc_runtime_System_SupportProxy_exit__E</name>
         <value>0x1002f859</value>
      </symbol>
      <symbol id="sm-116b">
         <name>xdc_runtime_System_SupportProxy_flush__E</name>
         <value>0x1002f86d</value>
      </symbol>
      <symbol id="sm-116c">
         <name>xdc_runtime_System_SupportProxy_putch__E</name>
         <value>0x1002f881</value>
      </symbol>
      <symbol id="sm-116d">
         <name>xdc_runtime_System_SupportProxy_ready__E</name>
         <value>0x1002f895</value>
      </symbol>
      <symbol id="sm-116e">
         <name>ClockP_getSystemTicks</name>
         <value>0x1002dc11</value>
      </symbol>
      <symbol id="sm-116f">
         <name>HwiP_restore</name>
         <value>0x1002ec47</value>
      </symbol>
      <symbol id="sm-1170">
         <name>ti_sysbios_hal_Hwi_switchFromBootStack__E</name>
         <value>0x1002e935</value>
      </symbol>
      <symbol id="sm-1171">
         <name>ti_sysbios_family_arm_cc26xx_Boot_trimDevice</name>
         <value>0x1005</value>
      </symbol>
      <symbol id="sm-1172">
         <name>ti_sysbios_hal_Hwi_disableInterrupt__E</name>
         <value>0x1002d8d9</value>
      </symbol>
      <symbol id="sm-1173">
         <name>ti_sysbios_hal_Hwi_enableInterrupt__E</name>
         <value>0x1002d91d</value>
      </symbol>
      <symbol id="sm-1174">
         <name>ti_sysbios_hal_Hwi_getStackInfo__E</name>
         <value>0x1002d9e9</value>
      </symbol>
      <symbol id="sm-1175">
         <name>ti_sysbios_hal_Hwi_startup__E</name>
         <value>0x1002ec31</value>
      </symbol>
      <symbol id="sm-1176">
         <name>xdc_runtime_System_flush__E</name>
         <value>0x1002f86d</value>
      </symbol>
      <symbol id="sm-1177">
         <name>xdc_runtime_Timestamp_get32__E</name>
         <value>0x1002f8c9</value>
      </symbol>
      <symbol id="sm-1178">
         <name>xdc_runtime_Timestamp_get64__E</name>
         <value>0x1002dffd</value>
      </symbol>
      <symbol id="sm-1179">
         <name>xdc_runtime_Timestamp_getFreq__E</name>
         <value>0x1002eb3d</value>
      </symbol>
      <symbol id="sm-117a">
         <name>ti_sysbios_BIOS_RtsGateProxy_query__E</name>
         <value>0x1002ec9b</value>
      </symbol>
      <symbol id="sm-117b">
         <name>ti_sysbios_knl_Clock_TimerProxy_startup__E</name>
         <value>0x1002dcf1</value>
      </symbol>
      <symbol id="sm-117c">
         <name>ti_sysbios_knl_Task_SupportProxy_start__E</name>
         <value>0x1002dae9</value>
      </symbol>
      <symbol id="sm-117d">
         <name>ti_sysbios_knl_Task_SupportProxy_swap__E</name>
         <value>0x1002fb77</value>
      </symbol>
      <symbol id="sm-117e">
         <name>ti_sysbios_knl_Task_SupportProxy_getStackAlignment__E</name>
         <value>0x1002eab5</value>
      </symbol>
      <symbol id="sm-117f">
         <name>ti_sysbios_hal_Hwi_HwiProxy_getStackInfo__E</name>
         <value>0x1002d9e9</value>
      </symbol>
      <symbol id="sm-1180">
         <name>ti_sysbios_hal_Hwi_HwiProxy_startup__E</name>
         <value>0x1002ec31</value>
      </symbol>
      <symbol id="sm-1181">
         <name>ti_sysbios_hal_Hwi_HwiProxy_switchFromBootStack__E</name>
         <value>0x1002e935</value>
      </symbol>
      <symbol id="sm-1182">
         <name>ti_sysbios_hal_Hwi_HwiProxy_disableInterrupt__E</name>
         <value>0x1002d8d9</value>
      </symbol>
      <symbol id="sm-1183">
         <name>ti_sysbios_hal_Hwi_HwiProxy_enableInterrupt__E</name>
         <value>0x1002d91d</value>
      </symbol>
      <symbol id="sm-1184">
         <name>ti_sysbios_heaps_HeapMem_Module_GateProxy_query__E</name>
         <value>0x1002ec9b</value>
      </symbol>
      <symbol id="sm-1185">
         <name>xdc_runtime_System_Module_GateProxy_query__E</name>
         <value>0x1002ec93</value>
      </symbol>
      <symbol id="sm-1186">
         <name>xdc_runtime_Timestamp_SupportProxy_get32__E</name>
         <value>0x1002f8c9</value>
      </symbol>
      <symbol id="sm-1187">
         <name>xdc_runtime_Timestamp_SupportProxy_get64__E</name>
         <value>0x1002dffd</value>
      </symbol>
      <symbol id="sm-1188">
         <name>xdc_runtime_Timestamp_SupportProxy_getFreq__E</name>
         <value>0x1002eb3d</value>
      </symbol>
   </symbol_table>
   <title>Link successful</title>
</link_info>
